Archive member included to satisfy reference by file (symbol)

lib/n64/libultra_rom.a(aigetlen.o)
                              build/us/src/audio/external.o (osAiGetLength)
lib/n64/libultra_rom.a(aisetfreq.o)
                              build/us/src/audio/heap.o (osAiSetFrequency)
lib/n64/libultra_rom.a(aisetnextbuf.o)
                              build/us/src/audio/external.o (osAiSetNextBuffer)
lib/n64/libultra_rom.a(bnkf.o)
                              build/us/src/audio/load.o (alSeqFileNew)
lib/n64/libultra_rom.a(invaldcache.o)
                              build/us/src/audio/synthesis.o (osInvalDCache)
lib/n64/libultra_rom.a(invalicache.o)
                              build/us/src/game/memory.o (osInvalICache)
lib/n64/libultra_rom.a(writebackdcache.o)
                              build/us/src/audio/synthesis.o (osWritebackDCache)
lib/n64/libultra_rom.a(writebackdcacheall.o)
                              build/us/src/audio/heap.o (osWritebackDCacheAll)
lib/n64/libultra_rom.a(contreaddata.o)
                              build/us/src/game/game_init.o (osContStartReadData)
lib/n64/libultra_rom.a(controller.o)
                              lib/n64/libultra_rom.a(contreaddata.o) (__osContPifRam)
lib/n64/libultra_rom.a(virtualtophysical.o)
                              lib/n64/libultra_rom.a(aisetnextbuf.o) (osVirtualToPhysical)
lib/n64/libultra_rom.a(lookatref.o)
                              build/us/src/game/rendering_graph_node.o (guLookAtReflect)
lib/n64/libultra_rom.a(ortho.o)
                              build/us/src/game/ingame_menu.o (guOrtho)
lib/n64/libultra_rom.a(perspective.o)
                              build/us/src/game/rendering_graph_node.o (guPerspective)
lib/n64/libultra_rom.a(sinf.o)
                              lib/n64/libultra_rom.a(perspective.o) (sinf)
lib/n64/libultra_rom.a(bcopy.o)
                              build/us/src/game/save_file.o (bcopy)
lib/n64/libultra_rom.a(bzero.o)
                              build/us/src/game/main.o (bzero)
lib/n64/libultra_rom.a(string.o)
                              build/us/src/engine/math_util.o (memcpy)
lib/n64/libultra_rom.a(xprintf.o)
                              build/us/src/game/crash_screen.o (_Printf)
lib/n64/libultra_rom.a(createmesgqueue.o)
                              build/us/src/audio/synthesis.o (osCreateMesgQueue)
lib/n64/libultra_rom.a(recvmesg.o)
                              build/us/src/audio/heap.o (osRecvMesg)
lib/n64/libultra_rom.a(sendmesg.o)
                              build/us/src/game/main.o (osSendMesg)
lib/n64/libultra_rom.a(seteventmesg.o)
                              build/us/src/game/main.o (osSetEventMesg)
lib/n64/libultra_rom.a(sptask.o)
                              build/us/src/game/main.o (osSpTaskLoad)
lib/n64/libultra_rom.a(sptaskyield.o)
                              build/us/src/game/main.o (osSpTaskYield)
lib/n64/libultra_rom.a(sptaskyielded.o)
                              build/us/src/game/main.o (osSpTaskYielded)
lib/n64/libultra_rom.a(sirawdma.o)
                              lib/n64/libultra_rom.a(contreaddata.o) (__osSiRawStartDma)
lib/n64/libultra_rom.a(siacs.o)
                              lib/n64/libultra_rom.a(controller.o) (__osSiCreateAccessQueue)
lib/n64/libultra_rom.a(createthread.o)
                              build/us/src/game/main.o (osCreateThread)
lib/n64/libultra_rom.a(setthreadpri.o)
                              build/us/src/game/main.o (osSetThreadPri)
lib/n64/libultra_rom.a(startthread.o)
                              build/us/src/game/main.o (osStartThread)
lib/n64/libultra_rom.a(thread.o)
                              lib/n64/libultra_rom.a(createmesgqueue.o) (__osThreadTail)
lib/n64/libultra_rom.a(gettime.o)
                              build/us/src/game/game_init.o (osGetTime)
lib/n64/libultra_rom.a(settime.o)
                              build/us/src/game/crash_screen.o (osSetTime)
lib/n64/libultra_rom.a(settimer.o)
                              lib/n64/libultra_rom.a(controller.o) (osSetTimer)
lib/n64/libultra_rom.a(timerintr.o)
                              lib/n64/libultra_rom.a(gettime.o) (__osCurrentTime)
lib/n64/libultra_rom.a(probetlb.o)
                              lib/n64/libultra_rom.a(virtualtophysical.o) (__osProbeTLB)
lib/n64/libultra_rom.a(vimgr.o)
                              build/us/src/game/main.o (osCreateViManager)
lib/n64/libultra_rom.a(visetevent.o)
                              build/us/src/game/main.o (osViSetEvent)
lib/n64/libultra_rom.a(visetmode.o)
                              build/us/src/game/main.o (osViSetMode)
lib/n64/libultra_rom.a(visetspecial.o)
                              build/us/src/game/main.o (osViSetSpecialFeatures)
lib/n64/libultra_rom.a(viswapbuf.o)
                              build/us/src/game/game_init.o (osViSwapBuffer)
lib/n64/libultra_rom.a(viswapcontext.o)
                              lib/n64/libultra_rom.a(vimgr.o) (__osViSwapContext)
lib/n64/libultra_rom.a(vitbl.o)
[...]
Memory Configuration

Name             Origin             Length             Attributes
*default*        0x0000000000000000 0xffffffffffffffff

Linker script and memory map

                0x0000000080000000                EXCEPTION_TLB_MISS = 0x80000000
                0x00000000a4000000                SP_DMEM = 0xa4000000
                0x00000000a40004c0                SP_DMEM_UNK0 = 0xa40004c0
                0x00000000a4000774                SP_DMEM_UNK1 = 0xa4000774
                0x00000000a4001000                SP_IMEM = 0xa4001000
                0x00000000a4040010                SP_STATUS_REG = 0xa4040010
                0x00000000a4080000                SP_PC = 0xa4080000
                0x00000000a4300000                MI_MODE_REG = 0xa4300000
                0x00000000a4300004                MI_VERSION_REG = 0xa4300004
                0x00000000a4300008                MI_INTR_REG = 0xa4300008
                0x00000000a430000c                MI_INTR_MASK_REG = 0xa430000c
                0x00000000a4400010                VI_CURRENT_REG = 0xa4400010
                0x00000000a450000c                AI_STATUS_REG = 0xa450000c
                0x00000000a4600000                PI_DRAM_ADDR_REG = 0xa4600000
                0x00000000a4600004                PI_CART_ADDR_REG = 0xa4600004
                0x00000000a460000c                PI_WR_LEN_REG = 0xa460000c
                0x00000000a4600010                PI_STATUS_REG = 0xa4600010
                0x00000000a4700000                RI_MODE_REG = 0xa4700000
                0x00000000a4700010                RI_REFRESH_REG = 0xa4700010
                0x00000000a4800018                SI_STATUS_REG = 0xa4800018
                0x00000000b0000008                D_B0000008 = 0xb0000008
                0x00000000b0000010                D_B0000010 = 0xb0000010
                0x00000000b0000014                D_B0000014 = 0xb0000014
                0x00000000c0000000                D_C0000000 = 0xc0000000
                0x00000000c0000008                D_C0000008 = 0xc0000008
                0x00000000c000000c                D_C000000C = 0xc000000c
                0x00000000802f69cc                func_sh_802F69CC = 0x802f69cc
                0x0000000080302ef0                osMotorStop = 0x80302ef0
                0x0000000080303090                osMotorStart = 0x80303090
                0x00000000803033ac                osMotorInit = 0x803033ac
                0x00000000803016a0                func_sh_803016A0 = 0x803016a0
                0x00000000803016d0                func_sh_803016D0 = 0x803016d0
                0x0000000080301820                func_sh_80301820 = 0x80301820
                0x000000000138e3d0                __romPos = 0x0
                0x0000000004000000                _bootSegmentStart = ADDR (.boot)
                0x0000000000000000                _bootSegmentRomStart = __romPos

.boot           0x0000000004000000     0x1000 load address 0x0000000000000000
 build/us/asm/rom_header.o(.text)
 .text          0x0000000004000000       0x40 build/us/asm/rom_header.o
 build/us/asm/boot.o(.text)
 .text          0x0000000004000040      0xfc0 build/us/asm/boot.o
                0x0000000004000040                ipl3_entry
                0x0000000004000b70                ipl3_font
                0x0000000004001000                _bootSegmentEnd = (ADDR (.boot) + SIZEOF (.boot))
                0x0000000000001000                _bootSegmentRomEnd = (__romPos + SIZEOF (.boot))
                0x000000000138e3d0                __romPos = (__romPos + SIZEOF (.boot))
                0x0000000080000400                . = 0x80000400
                0x0000000080000400                _zbufferSegmentNoloadStart = ADDR (.zbuffer.noload)

.zbuffer.noload
                0x0000000080000400    0x25800 load address 0x000000007c000400
 build/us/src/buffers/zbuffer.o(.bss*)
 .bss           0x0000000080000400    0x25800 build/us/src/buffers/zbuffer.o
                0x0000000080000400                gZBuffer
                0x0000000080025c00                _zbufferSegmentNoloadEnd = (ADDR (.zbuffer.noload) + SIZEOF (.zbuffer.noload))
                0x0000000080025c00                . = _zbufferSegmentNoloadEnd
                0x0000000080025c00                _buffersSegmentNoloadStart = ADDR (.buffers.noload)

.buffers.noload
                0x0000000080025c00   0x1f9400 load address 0x000000007c025c00
                0x0000000080100000                . = ALIGN (0x100000)
 *fill*         0x0000000080025c00    0xda400 
 build/us/src/buffers/buffers.o(.bss*)
 .bss           0x0000000080100000    0x8fca0 build/us/src/buffers/buffers.o
                0x0000000080100000                gGfxPools
                0x00000000801480a0                gSaveBuffer
                0x00000000801482a0                gGfxSPTaskYieldBuffer
                0x0000000080148ea0                gGfxSPTaskStack
                0x00000000801492a0                gThread9Stack
                0x000000008014b2a0                gThread5Stack
                0x000000008014d2a0                gThread4Stack
                0x000000008014f2a0                gThread3Stack
                0x00000000801512a0                gIdleThreadStack
                0x0000000080151aa0                gAudioHeap
                0x0000000080182ca0                gDecompressionHeap
                0x0000000080190000                . = ALIGN (0x1000)
 *fill*         0x000000008018fca0      0x360 
 build/us/src/audio/globals_start.o(.bss*)
 .bss           0x0000000080190000        0x8 build/us/src/audio/globals_start.o
                0x0000000080190000                gAudioGlobalsStartMarker
                0x0000000080191000                . = ALIGN (0x1000)
 *fill*         0x0000000080190008      0xff8 
 build/us/src/audio/synthesis.o(.bss*)
 .bss           0x0000000080191000       0xcc build/us/src/audio/synthesis.o
                0x0000000080191000                gSynthesisReverb
                0x0000000080192000                . = ALIGN (0x1000)
 *fill*         0x00000000801910cc      0xf34 
 build/us/src/audio/heap.o(.bss*)
 .bss           0x0000000080192000      0x57c build/us/src/audio/heap.o
                0x0000000080192000                gSeqLoadStatus
                0x0000000080192100                gBankLoadStatus
                0x0000000080192140                sTemporaryCommonPoolSplit
                0x0000000080192150                sPersistentCommonPoolSplit
                0x0000000080192160                sSeqAndBankPoolSplit
                0x0000000080192168                sSessionPoolSplit
                0x0000000080192178                gBankLoadedPool
                0x0000000080192348                gSeqLoadedPool
                0x0000000080192518                gTemporaryCommonPool
                0x0000000080192528                gPersistentCommonPool
                0x0000000080192538                gSeqAndBankPool
                0x0000000080192548                gNotesAndBuffersPool
                0x0000000080192558                gAudioInitPool
                0x0000000080192568                gAudioSessionPool
                0x0000000080192578                gReverbDownsampleRate
                0x000000008019257a                gVolume
                0x0000000080193000                . = ALIGN (0x1000)
 *fill*         0x000000008019257c      0xa84 
 build/us/src/audio/load.o(.bss*)
 .bss           0x0000000080193000     0x449c build/us/src/audio/load.o
                0x0000000080193000                gAudioUpdatesPerFrame
                0x0000000080193002                gTempoInternalToExternal
                0x0000000080193004                gMinAiBufferLength
                0x0000000080193008                gSamplesPerFrameTarget
                0x000000008019300c                gMaxSimultaneousNotes
                0x0000000080193010                gMaxAudioCmds
                0x0000000080193014                gAiFrequency
                0x0000000080193018                gCtlEntries
                0x000000008019301c                gSequenceCount
                0x0000000080193020                gAlBankSets
                0x0000000080193024                gAlTbl
                0x0000000080193028                gAlCtlHeader
                0x000000008019302c                gSeqFileHeader
                0x0000000080193030                sSampleDmaReuseQueueHead2
                0x0000000080193031                sSampleDmaReuseQueueHead1
                0x0000000080193032                sSampleDmaReuseQueueTail2
                0x0000000080193033                sSampleDmaReuseQueueTail1
                0x0000000080193034                sSampleDmaReuseQueue2
                0x0000000080193134                sSampleDmaReuseQueue1
                0x0000000080193234                sSampleDmaListSize1
                0x0000000080193238                gSampleDmaNumListItems
                0x000000008019323c                sSampleDmas
                0x000000008019383c                gAudioDmaIoMesg
                0x0000000080193854                gAudioDmaMesg
                0x0000000080193858                gAudioDmaMesgQueue
                0x0000000080193870                gCurrAudioFrameDmaIoMesgBufs
                0x0000000080193e70                gCurrAudioFrameDmaMesgBufs
                0x0000000080193f70                gCurrAudioFrameDmaQueue
                0x0000000080193f88                gNoteFreeLists
                0x0000000080193fc8                gLayerFreeList
                0x0000000080193fd8                gSequenceChannelNone
                0x0000000080194090                gSequenceLayers
                0x00000000801959c0                gSequenceChannels
                0x00000000801970c0                gSequencePlayers
                0x0000000080197498                gNotes
                0x0000000080198000                . = ALIGN (0x1000)
 *fill*         0x000000008019749c      0xb64 
 build/us/src/audio/data.o(.bss*)
 .bss           0x0000000080198000       0xe0 build/us/src/audio/data.o
                0x0000000080198000                gAudioGlobalsEndMarker
                0x0000000080198008                gAudioRandom
                0x000000008019800c                gAiBufferLengths
                0x0000000080198014                gAiBuffers
                0x0000000080198020                gAudioTasks
                0x00000000801980c0                gAudioTask
                0x00000000801980c4                gAudioCmd
                0x00000000801980c8                gAudioCmdBuffers
                0x00000000801980d0                gCurrAiBufferIndex
                0x00000000801980d4                gAudioTaskIndex
                0x00000000801980d8                gCurrAudioFrameDmaCount
                0x00000000801980dc                gAudioFrameCount
                0x0000000080199000                . = ALIGN (0x1000)
 *fill*         0x00000000801980e0      0xf20 
 build/us/src/audio*.o(.bss*)
 .bss           0x0000000080199000     0x36f9 build/us/src/audio/external.o
                0x0000000080199000                sBackgroundMusicQueue
                0x000000008019900c                musicFadeRelated
                0x0000000080199010                soundBankPitch
                0x000000008019901c                gSoundBanks
                0x000000008019bbdc                sCurrentSound
                0x000000008019bbe8                sUsedChannelsForSoundBank
                0x000000008019bbf4                D_80360928
                0x000000008019bef4                sSoundRequests
                0x000000008019c6f4                gCurrAiBuffer
                0x0000000080200000                . = ALIGN (0x100000)
 *fill*         0x000000008019c6f9    0x63907 
 build/us/src/buffers/gfx_output_buffer.o(.bss*)
 .bss           0x0000000080200000    0x1f000 build/us/src/buffers/gfx_output_buffer.o
                0x0000000080200000                gGfxSPTaskOutputBuffer
                0x000000008021f000                _buffersSegmentNoloadEnd = (ADDR (.buffers.noload) + SIZEOF (.buffers.noload))
                0x000000008021f000                . = _buffersSegmentNoloadEnd
                0x000000008021f000                _mainSegmentStart = ADDR (.main)
                0x0000000000001000                _mainSegmentRomStart = __romPos

.main           0x000000008021f000    0xfb930 load address 0x0000000000001000
 build/us/asm/entry.o(.text)
 .text          0x000000008021f000       0x50 build/us/asm/entry.o
                0x000000008021f000                entry_point
 build/us/asm/clockspeed.o(.text)
 build/us/src/game*.o(.text)
 .text          0x000000008021f050      0xa14 build/us/src/game/main.o
                0x000000008021f050                thread1_idle
                0x000000008021f14c                setup_mesg_queues
                0x000000008021f214                alloc_pool
                0x000000008021f25c                create_thread
                0x000000008021f268                handle_nmi_request
                0x000000008021f2a4                receive_new_tasks
                0x000000008021f3bc                start_sptask
                0x000000008021f46c                interrupt_gfx_sptask
                0x000000008021f494                start_gfx_sptask
                0x000000008021f4b4                handle_vblank
                0x000000008021f5d8                handle_sp_complete
                0x000000008021f694                handle_dp_complete
                0x000000008021f6e0                thread3_main
                0x000000008021f8f8                isED
                0x000000008021f900                set_vblank_handler
                0x000000008021f94c                dispatch_audio_sptask
                0x000000008021f990                send_display_list
                0x000000008021fa08                main_func
 *fill*         0x000000008021fa64        0xc 
 .text          0x000000008021fa70     0x116c build/us/src/game/screen_transition.o
                0x000000008021fa70                set_and_reset_transition_fade_timer
                0x000000008021fad0                set_transition_color_fade_alpha
                0x000000008021fbbc                vertex_transition_color
                0x000000008021fc80                dl_transition_color
                0x000000008021fd54                render_fade_transition_from_color
                0x000000008021fde8                render_fade_transition_into_color
                0x000000008021fe28                calc_tex_transition_radius
                0x000000008021fea0                calc_tex_transition_time
                0x000000008021ff20                convert_tex_transition_angle_to_pos
                0x000000008021ff64                center_tex_transition_x
                0x000000008021ffc4                center_tex_transition_y
                0x0000000080220020                make_tex_transition_vertex
                0x0000000080220198                load_tex_transition_vertex
                0x0000000080220438                render_textured_transition
                0x000000008022076c                render_screen_transition
                0x000000008022098c                render_cannon_circle_base
                0x0000000080220b40                geo_cannon_circle_base
                0x0000000080220b88                transition_logic
 *fill*         0x0000000080220bdc        0x4 
 .text          0x0000000080220be0     0x2498 build/us/src/game/mario_actions_automatic.o
                0x0000000080220be0                play_climbing_sounds
                0x0000000080220c8c                set_pole_position
                0x0000000080220ecc                act_holding_pole
                0x00000000802210e0                act_climbing_pole
                0x0000000080221214                act_grab_pole_slow
                0x0000000080221290                act_grab_pole_fast
                0x0000000080221360                act_top_of_pole_transition
                0x0000000080221410                act_top_of_pole
                0x00000000802214e4                perform_hanging_step
                0x000000008022160c                update_hang_moving
                0x0000000080221720                update_hang_moving2
                0x0000000080221810                update_hang_stationary
                0x00000000802219e8                act_start_hanging
                0x0000000080221b04                act_hang_lantern
                0x0000000080221c6c                act_hang_vine
                0x0000000080221d04                end_hang
                0x0000000080221d28                act_hanging
                0x0000000080222124                act_hang_moving
                0x0000000080222240                let_go_of_ledge
                0x0000000080222304                climb_up_ledge
                0x0000000080222398                update_ledge_climb
                0x000000008022241c                act_ledge_grab
                0x00000000802225c0                act_ledge_climb_slow
                0x0000000080222678                act_ledge_climb_down
                0x00000000802226dc                act_ledge_climb_fast
                0x000000008022275c                act_grabbed
                0x0000000080222800                act_in_cannon
                0x0000000080222b18                act_tornado_twirling
                0x0000000080222dd0                mario_execute_automatic_action
 *fill*         0x0000000080223078        0x8 
 .text          0x0000000080223080     0x2244 build/us/src/game/mario_actions_stationary.o
                0x0000000080223080                check_common_idle_cancels
                0x00000000802231bc                check_common_hold_idle_cancels
                0x0000000080223288                act_idle
                0x00000000802234b4                play_anim_sound
                0x00000000802234e4                act_start_sleeping
                0x00000000802236e0                act_sleeping
                0x00000000802238c4                act_waking_up
                0x00000000802239bc                act_shivering
                0x0000000080223b94                act_coughing
                0x0000000080223c74                act_hold_idle
                0x0000000080223d68                act_hold_heavy_idle
                0x0000000080223e04                act_standing_against_wall
                0x0000000080223e80                act_in_quicksand
                0x0000000080223f20                act_crouching
                0x0000000080224020                act_panting
                0x00000000802240d8                stopping_step
                0x0000000080224144                act_braking_stop
                0x00000000802241c8                act_butt_slide_stop
                0x0000000080224234                act_hold_butt_slide_stop
                0x00000000802242a8                act_slide_kick_slide_stop
                0x00000000802242ec                act_start_crouching
                0x00000000802243c0                act_stop_crouching
                0x0000000080224468                act_start_crawling
                0x000000008022452c                act_stop_crawling
                0x00000000802245d8                act_shockwave_bounce
                0x0000000080224704                landing_step
                0x0000000080224770                check_common_landing_cancels
                0x00000000802247e0                endLanding
                0x0000000080224840                act_jump_land_stop
                0x0000000080224848                act_double_jump_land_stop
                0x0000000080224850                act_side_flip_land_stop
                0x00000000802248b4                act_freefall_land_stop
                0x00000000802248bc                act_triple_jump_land_stop
                0x00000000802248c4                act_backflip_land_stop
                0x0000000080224944                act_lava_boost_land
                0x0000000080224958                act_long_jump_land_stop
                0x00000000802249c8                act_hold_jump_land_stop
                0x0000000080224a3c                act_hold_freefall_land_stop
                0x0000000080224ab0                act_air_throw_land
                0x0000000080224b24                act_twirl_land
                0x0000000080224c04                act_ground_pound_land
                0x0000000080224cc0                act_first_person
                0x0000000080224d90                check_common_stationary_cancels
                0x0000000080224e00                mario_execute_stationary_action
 *fill*         0x00000000802252c4        0xc 
 .text          0x00000000802252d0      0x158 build/us/src/game/tile_scroll.o
                0x00000000802252d0                shift_s
                0x0000000080225334                shift_t
                0x000000008022537c                shift_s_down
                0x00000000802253e0                shift_t_down
 *fill*         0x0000000080225428        0x8 
 .text          0x0000000080225430      0xce8 build/us/src/game/mario_actions_object.o
                0x0000000080225430                mario_update_punch_sequence
                0x0000000080225754                act_punching
                0x0000000080225824                act_picking_up
                0x000000008022593c                act_dive_picking_up
                0x0000000080225998                act_placing_down
                0x0000000080225a0c                act_throwing
                0x0000000080225ae8                act_heavy_throw
                0x0000000080225b84                act_stomach_slide_stop
                0x0000000080225c3c                act_picking_up_bowser
                0x0000000080225ccc                act_holding_bowser
                0x0000000080225e98                act_releasing_bowser
                0x0000000080225f10                check_common_object_cancels
                0x0000000080225f80                mario_execute_object_action
 *fill*         0x0000000080226118        0x8 
 .text          0x0000000080226120    0x12178 build/us/src/game/zobj_behaviors_2.o
                0x00000000802287bc                obj_rotate_yaw_and_bounce_off_walls
                0x00000000802287fc                cur_obj_play_sound_at_anim_range
                0x00000000802288b4                approach_f32_ptr
                0x000000008022956c                obj_update_blinking
                0x00000000802295d0                obj_die_if_health_non_positive
                0x000000008022a1b0                treat_far_home_as_mario
                0x000000008022a250                bhv_koopa_init
                0x000000008022a304                shelled_koopa_attack_handler
                0x000000008022a3dc                obj_begin_race
                0x000000008022aa54                bhv_koopa_race_endpoint_update
                0x000000008022aad8                bhv_pokey_update
                0x000000008022ae8c                bhv_swoop_update
                0x000000008022b22c                bhv_goomba_triplet_spawner_update
                0x000000008022b414                bhv_goomba_init
                0x000000008022b5a4                goombaking_walk
                0x000000008022b6a8                huge_goomba_weakly_attacked
                0x000000008022b6bc                chompbone
                0x000000008022b868                bhv_chain_chomp_chain_part_update
                0x000000008022b910                bhv_chain_chomp_update
                0x000000008022bb04                bhv_wooden_post_update
                0x000000008022bcb0                bhv_chain_chomp_gate_init
                0x000000008022bce4                bhv_chain_chomp_gate_update
                0x000000008022bd78                bhv_wiggler_body_part_update
                0x000000008022bf54                wiggler_init_segments
                0x000000008022c0b4                wiggler_update_segments
                0x000000008022c294                wiggler_jumped_on_attack_handler
                0x000000008022c2d8                bhv_enemy_lakitu_update
                0x000000008022c714                bhv_cloud_update
                0x000000008022cb44                bhv_cloud_part_update
                0x000000008022ccf8                bhv_camera_lakitu_init
                0x000000008022cd00                bhv_camera_lakitu_update
                0x000000008022d23c                bhv_monty_mole_hole_update
                0x000000008022d300                monty_mole_spawn_dirt_particles
                0x000000008022d604                bhv_monty_mole_init
                0x000000008022d614                bhv_monty_mole_update
                0x000000008022d844                bhv_monty_mole_rock_update
                0x000000008022d988                bhv_platform_on_track_init
                0x000000008022da50                bhv_platform_on_track_update
                0x000000008022dfd4                bhv_track_ball_update
                0x000000008022e010                bhv_seesaw_platform_init
                0x000000008022e07c                bhv_seesaw_platform_update
                0x000000008022e1b8                bhv_ferris_wheel_axle_init
                0x000000008022e2b4                bhv_ferris_wheel_platform_update
                0x000000008022e3b0                bhv_water_bomb_spawner_update
                0x000000008022e558                water_bomb_spawn_explode_particles
                0x000000008022e574                bhv_water_bomb_update
                0x000000008022e8e8                bhv_water_bomb_shadow_update
                0x000000008022e978                bhv_ttc_rotating_solid_init
                0x000000008022e9e0                bhv_ttc_rotating_solid_update
                0x000000008022eb48                bhv_ttc_pendulum_init
                0x000000008022eb6c                bhv_ttc_pendulum_update
                0x000000008022ec38                bhv_ttc_treadmill_init
                0x000000008022ecd0                bhv_ttc_treadmill_update
                0x000000008022ed40                bhv_ttc_moving_bar_init
                0x000000008022ed78                bhv_ttc_moving_bar_update
                0x000000008022efd4                bhv_ttc_cog_init
                0x000000008022f04c                bhv_ttc_cog_update
                0x000000008022f088                bhv_ttc_pit_block_init
                0x000000008022f0ec                bhv_ttc_pit_block_update
                0x000000008022f1cc                bhv_ttc_elevator_init
                0x000000008022f214                bhv_ttc_elevator_update
                0x000000008022f27c                bhv_ttc_2d_rotator_init
                0x000000008022f2c0                bhv_ttc_2d_rotator_update
                0x000000008022f370                bhv_ttc_spinner_update
                0x000000008022f390                mr_blizzard_spawn_white_particles
                0x000000008022f538                bhv_mr_blizzard_init
                0x000000008022f5c8                bhv_mr_blizzard_update
                0x000000008022f758                bhv_mr_blizzard_snowball
                0x000000008022f90c                bhv_sliding_plat_2_init
                0x000000008022f9ec                bhv_sliding_plat_2_loop
                0x000000008022fa90                bhv_rotating_octagonal_plat_init
                0x000000008022fb00                bhv_rotating_octagonal_plat_loop
                0x000000008022fb1c                bhv_animates_on_floor_switch_press_init
                0x000000008022fb50                bhv_animates_on_floor_switch_press_loop
                0x000000008022fcd0                bhv_activated_back_and_forth_platform_init
                0x000000008022fd88                bhv_activated_back_and_forth_platform_update
                0x000000008022ff1c                bhv_recovery_heart_loop
                0x0000000080230028                bhv_bubble_cannon_barrel_loop
                0x000000008023016c                water_bomb_cannon_act_0
                0x00000000802301d8                water_bomb_cannon_act_1
                0x00000000802302ec                water_bomb_cannon_act_2
                0x0000000080230314                bhv_water_bomb_cannon_loop
                0x000000008023037c                bhv_unagi_init
                0x00000000802303c4                unagi_act_0
                0x000000008023045c                unagi_act_1_4
                0x0000000080230578                unagi_act_2
                0x00000000802305ec                unagi_act_3
                0x0000000080230814                bhv_unagi_loop
                0x0000000080230988                bhv_unagi_subobject_loop
                0x0000000080230b34                bhv_haunted_chair_init
                0x0000000080230b94                haunted_chair_act_0
                0x0000000080230d8c                haunted_chair_act_1
                0x0000000080230f00                bhv_haunted_chair_loop
                0x000000008023112c                bhv_mad_piano_update
                0x000000008023120c                flying_bookend_act_0
                0x0000000080231278                flying_bookend_act_1
                0x0000000080231348                flying_bookend_act_2
                0x00000000802313e4                flying_bookend_act_3
                0x000000008023143c                bhv_flying_bookend_loop
                0x0000000080231548                bhv_bookend_spawn_loop
                0x00000000802315d8                bookshelf_manager_act_0
                0x000000008023168c                bookshelf_manager_act_1
                0x00000000802316fc                bookshelf_manager_act_2
                0x00000000802317dc                bookshelf_manager_act_3
                0x0000000080231818                bookshelf_manager_act_4
                0x0000000080231840                bhv_haunted_bookshelf_manager_loop
                0x00000000802318b8                bhv_book_switch_loop
                0x0000000080231b94                obj_spit_fire
                0x0000000080231c08                bhv_fly_guy_update
                0x00000000802321e0                buzzywalk
                0x0000000080232364                bhv_fire_piranha_plant_init
                0x0000000080232400                bhv_fire_piranha_plant_update
                0x00000000802327fc                bhv_fire_spitter_update
                0x000000008023294c                bhv_small_piranha_flame_loop
                0x0000000080232b5c                bhv_fly_guy_flame_loop
                0x0000000080232bb0                geo_snufit_move_mask
                0x0000000080232be8                geo_snufit_scale_body
                0x0000000080232c28                snufit_act_idle
                0x0000000080232d00                snufit_act_shoot
                0x0000000080232df4                bhv_snufit_loop
                0x000000008023306c                bhv_snufit_balls_loop
                0x00000000802331a0                bhv_horizontal_grindel_init
                0x00000000802331b4                bhv_horizontal_grindel_update
                0x0000000080233314                bhv_eyerok_boss_loop
                0x00000000802336fc                bhv_eyerok_hand_loop
                0x000000008023411c                bhv_klepto_init
                0x0000000080234194                obj_set_speed_to_zero
                0x00000000802341a8                obj_handle_attacks
                0x0000000080234390                bhv_koopa_update
                0x0000000080234b1c                bhv_pokey_body_part_update
                0x0000000080234e0c                bhv_goomba_update
                0x00000000802351dc                bhv_goomba_update_2
                0x00000000802352e0                bhv_wiggler_update
                0x00000000802358a4                bhv_spiny_update
                0x0000000080235c90                bhv_klepto_update
                0x0000000080236128                bhv_bird_update
                0x0000000080236394                bhv_racing_penguin_init
                0x00000000802363ec                bhv_racing_penguin_update
                0x000000008023691c                bhv_penguin_race_finish_line_update
                0x0000000080236980                bhv_penguin_race_shortcut_check_update
                0x00000000802369b4                bhv_coffin_spawner_loop
                0x0000000080236aa4                coffin_act_idle
                0x0000000080236cb4                coffin_act_stand_up
                0x0000000080236d8c                bhv_coffin_loop
                0x0000000080236df4                clam_act_0
                0x0000000080236ec8                clam_act_1
                0x0000000080237020                bhv_clam_loop
                0x000000008023708c                bhv_skeeter_update
                0x000000008023749c                bhv_skeeter_wave_update
                0x000000008023750c                bhv_swing_platform_init
                0x0000000080237524                bhv_swing_platform_update
                0x0000000080237574                bhv_donut_platform_spawner_update
                0x00000000802376d4                bhv_donut_platform_update
                0x000000008023780c                bhv_ddd_pole_init
                0x0000000080237868                bhv_ddd_pole_update
                0x00000000802378d4                bhv_red_coin_star_marker_init
                0x00000000802378ec                bhv_triplet_butterfly_update
                0x0000000080237bac                bubba_act_0
                0x0000000080237d20                bubba_act_1
                0x0000000080237f4c                bhv_bubba_loop
 *fill*         0x0000000080238298        0x8 
 .text          0x00000000802382a0       0x10 build/us/src/game/moving_texture.o
                0x00000000802382a0                geo_movtex_pause_control
                0x00000000802382a8                geo_movtex_draw_water_regions
 .text          0x00000000802382b0      0x15c build/us/src/game/mem_error_screen.o
                0x00000000802382b0                does_pool_end_lie_out_of_bounds
                0x0000000080238304                geo18_display_error_message
                0x00000000802383ac                thread5_mem_error_message_loop
 *fill*         0x000000008023840c        0x4 
 .text          0x0000000080238410      0x2c4 build/us/src/game/water.o
                0x0000000080238410                water_scroll
                0x0000000080238444                water_render
                0x0000000080238544                water_get_src
                0x0000000080238550                water_renderI4
                0x00000000802386c8                water_get_srcI4
 *fill*         0x00000000802386d4        0xc 
 .text          0x00000000802386e0     0x2ef4 build/us/src/game/interaction.o
                0x00000000802386e0                interact_water_ring
                0x0000000080238758                interact_flame
                0x0000000080238858                interact_coin
                0x0000000080238920                get_mario_cap_flag
                0x0000000080238988                interact_cap
                0x0000000080238ac4                object_facing_mario
                0x0000000080238b34                determine_interaction
                0x0000000080238d8c                attack_object
                0x0000000080238e14                mario_stop_riding_object
                0x0000000080238e30                interact_warp
                0x0000000080238fec                mario_grab_used_object
                0x0000000080239014                mario_drop_held_object
                0x0000000080239078                mario_throw_held_object
                0x0000000080239128                mario_stop_riding_and_holding
                0x0000000080239150                interact_bbh_entrance
                0x00000000802391d0                interact_cannon_base
                0x0000000080239234                interact_tornado
                0x000000008023931c                interact_whirlpool
                0x00000000802393e8                interact_strong_wind
                0x00000000802394ac                interact_hoot
                0x000000008023954c                able_to_grab_object
                0x00000000802395a8                mario_get_collided_object
                0x00000000802395e4                mario_check_object_grab
                0x00000000802396fc                bully_knock_back_mario
                0x00000000802398f0                bounce_off_object
                0x0000000080239928                hit_object_from_below
                0x0000000080239934                determine_knockback_action
                0x0000000080239b18                push_mario_out_of_object
                0x0000000080239c68                interact_igloo_barrier
                0x0000000080239c98                interact_koopa_shell
                0x0000000080239d60                bounce_back_from_attack
                0x0000000080239e18                interact_bully
                0x0000000080239f58                interact_breakable
                0x000000008023a000                should_push_or_pull_door
                0x000000008023a054                interact_warp_door
                0x000000008023a0dc                take_damage_from_interact_object
                0x000000008023a158                interact_snufit_bullet
                0x000000008023a20c                interact_shock
                0x000000008023a300                take_damage_and_knock_back
                0x000000008023a3e8                interact_clam_or_bubba
                0x000000008023a46c                interact_mr_blizzard
                0x000000008023a4b8                interact_unknown_08
                0x000000008023a544                interact_damage
                0x000000008023a5d4                reset_mario_pitch
                0x000000008023a60c                interact_hit_from_below
                0x000000008023a740                interact_bounce_top
                0x000000008023a860                interact_pole
                0x000000008023a988                isObjectYoshiStar
                0x000000008023a9a4                interact_star_or_key
                0x000000008023ab10                get_door_save_file_flag
                0x000000008023aba8                interact_door
                0x000000008023accc                check_object_grab_mario
                0x000000008023adb0                interact_grabbable
                0x000000008023af30                mario_can_talk
                0x000000008023afa4                check_read_sign
                0x000000008023b0c4                check_npc_talk
                0x000000008023b1a8                interact_text
                0x000000008023b24c                check_kick_or_punch_wall
                0x000000008023b380                mario_process_interactions
                0x000000008023b4b8                check_death_barrier
                0x000000008023b4f0                check_lava_boost
                0x000000008023b544                mario_handle_special_floors
 *fill*         0x000000008023b5d4        0xc 
 .text          0x000000008023b5e0      0x2c0 build/us/src/game/platform_displacement.o
                0x000000008023b5e0                update_mario_platform
                0x000000008023b648                apply_platform_displacement
                0x000000008023b844                apply_mario_platform_displacement
 .text          0x000000008023b8a0      0x8a4 build/us/src/game/area.o
                0x000000008023b8a0                override_viewport_and_clip
                0x000000008023b8ec                set_warp_transition_rgb
                0x000000008023b93c                get_mario_spawn_type
                0x000000008023b998                area_get_warp_node
                0x000000008023b9c8                area_get_warp_node_from_params
                0x000000008023b9d0                load_obj_warp_nodes
                0x000000008023ba3c                clear_areas
                0x000000008023bad8                clear_area_graph_nodes
                0x000000008023bb50                load_area
                0x000000008023bc00                unload_area
                0x000000008023bc58                load_mario_area
                0x000000008023bcc0                unload_mario_area
                0x000000008023bd38                change_area
                0x000000008023bdac                area_update_objects
                0x000000008023bdc4                play_transition
                0x000000008023be90                play_transition_after_delay
                0x000000008023bea8                screen_transition_logic
                0x000000008023bf90                render_game
 *fill*         0x000000008023c144        0xc 
 .text          0x000000008023c150       0xb4 build/us/src/game/spawn_sound.o
                0x000000008023c150                cur_obj_play_sound_1
                0x000000008023c178                exec_anim_sound_state
 *fill*         0x000000008023c204        0xc 
 .text          0x000000008023c210     0x5430 build/us/src/game/mario_actions_moving.o
                0x000000008023c210                set_triple_jump_action
                0x000000008023c264                tilt_body_running
                0x000000008023c2e0                play_step_sound
                0x000000008023c398                align_with_floor
                0x000000008023c518                begin_walking_action
                0x000000008023c560                check_ledge_climb_down
                0x000000008023c6c8                slide_bonk
                0x000000008023c754                update_sliding_angle
                0x000000008023c96c                update_sliding
                0x000000008023cbf0                apply_slope_accel
                0x000000008023cd94                apply_landing_accel
                0x000000008023ce18                update_shell_speed
                0x000000008023cf3c                apply_slope_decel
                0x000000008023cff8                update_decelerating_speed
                0x000000008023d070                update_walking_speed
                0x000000008023d1c0                should_begin_sliding
                0x000000008023d214                analog_stick_held_back
                0x000000008023d234                check_ground_dive_or_punch
                0x000000008023d2c4                begin_braking_action
                0x000000008023d35c                anim_and_audio_for_walk
                0x000000008023d5ec                anim_and_audio_for_hold_walk
                0x000000008023d75c                anim_and_audio_for_heavy_walk
                0x000000008023d7ac                push_or_sidle_wall
                0x000000008023d97c                tilt_body_walking
                0x000000008023da90                tilt_body_ground_shell
                0x000000008023dbd8                act_walking
                0x000000008023de00                act_move_punching
                0x000000008023df4c                act_hold_walking
                0x000000008023e138                act_hold_heavy_walking
                0x000000008023e258                act_turning_around
                0x000000008023e418                act_finish_turning_around
                0x000000008023e4d4                act_braking
                0x000000008023e618                act_grinding
                0x000000008023ec70                act_decelerating
                0x000000008023eea0                act_hold_decelerating
                0x000000008023f108                act_riding_shell_ground
                0x000000008023f288                tilt_body_minecart
                0x000000008023f3ac                act_ride_minecart
                0x000000008023f5a0                act_crawling
                0x000000008023f770                act_burning_ground
                0x000000008023f998                tilt_body_butt_slide
                0x000000008023fa18                common_slide_action
                0x000000008023fc8c                common_slide_action_with_jump
                0x000000008023fd54                act_butt_slide
                0x000000008023fda4                act_hold_butt_slide
                0x000000008023fe18                act_crouch_slide
                0x000000008023ff7c                act_slide_kick_slide
                0x00000000802400b0                stomach_slide_action
                0x0000000080240188                act_stomach_slide
                0x000000008024019c                act_hold_stomach_slide
                0x00000000802401d0                act_dive_slide
                0x00000000802402fc                common_ground_knockback_action
                0x00000000802404a0                act_hard_backward_ground_kb
                0x0000000080240560                act_hard_forward_ground_kb
                0x00000000802405cc                act_backward_ground_kb
                0x00000000802405fc                act_forward_ground_kb
                0x000000008024062c                act_soft_backward_ground_kb
                0x000000008024065c                act_soft_forward_ground_kb
                0x000000008024068c                act_ground_bonk
                0x00000000802406e4                act_death_exit_land
                0x0000000080240784                common_landing_action
                0x0000000080240964                common_landing_cancels
                0x0000000080240ac0                act_jump_land
                0x0000000080240b20                act_freefall_land
                0x0000000080240b80                act_side_flip_land
                0x0000000080240bfc                act_hold_jump_land
                0x0000000080240c84                act_hold_freefall_land
                0x0000000080240d0c                act_long_jump_land
                0x0000000080240dbc                act_double_jump_land
                0x0000000080240e1c                act_triple_jump_land
                0x0000000080240e74                act_backflip_land
                0x0000000080240ecc                quicksand_jump_land_action
                0x0000000080240fe0                act_quicksand_jump_land
                0x0000000080241014                act_hold_quicksand_jump_land
                0x0000000080241048                check_common_moving_cancels
                0x00000000802410c8                mario_execute_moving_action
 .text          0x0000000080241640     0x16a4 build/us/src/game/game_init.o
                0x0000000080241640                getFPS
                0x00000000802416b8                render_fps
                0x000000008024173c                my_rdp_init
                0x00000000802417fc                my_rsp_init
                0x0000000080241890                clear_z_buffer
                0x0000000080241960                display_frame_buffer
                0x00000000802419bc                clear_frame_buffer
                0x0000000080241a34                clear_viewport
                0x0000000080241b34                draw_screen_borders
                0x0000000080241c58                make_viewport_clip_rect
                0x0000000080241d88                create_task_structure
                0x0000000080241e54                init_render_image
                0x0000000080241e88                end_master_display_list
                0x0000000080241ecc                draw_reset_bars
                0x0000000080241fa4                rendering_init
                0x0000000080242060                config_gfx_pool
                0x00000000802420e8                display_and_vsync
                0x00000000802421b8                adjust_analog_stick
                0x0000000080242280                read_controller_inputs
                0x0000000080242364                init_controllers
                0x000000008024243c                setup_game_memory
                0x00000000802425a4                __floatundisf
                0x00000000802425c4                __floatundidf
                0x00000000802425e4                avg10U32s
                0x0000000080242610                process_profiler
                0x000000008024263c                approach_angle
                0x00000000802426f8                approach_angleF
                0x00000000802427a4                approach_pos
                0x00000000802427f8                approach_posF
                0x0000000080242848                warp_node
                0x00000000802428cc                thread5_game_loop
                0x0000000080242a98                thread9_graphics_loop
 *fill*         0x0000000080242ce4        0xc 
 .text          0x0000000080242cf0      0x2d0 build/us/src/game/spawn_object.o
                0x0000000080242cf0                try_allocate_object
                0x0000000080242d50                init_free_object_list
                0x0000000080242d8c                clear_object_lists
                0x0000000080242dac                unload_object
                0x0000000080242e24                allocate_object
                0x0000000080242f44                create_object
                0x0000000080242fb8                mark_obj_for_deletion
 .text          0x0000000080242fc0      0xf74 build/us/src/game/save_file.o
                0x00000000802432e4                osEepromLongWriteDirty
                0x00000000802432ec                osEepromLongDirty
                0x00000000802432f4                save_file_do_save
                0x0000000080243368                save_file_erase
                0x00000000802433d8                save_file_copy
                0x000000008024345c                save_file_load_all
                0x000000008024361c                save_file_reload
                0x000000008024368c                save_file_exists
                0x00000000802436b0                save_file_set_flags
                0x00000000802436f4                save_file_clear_flags
                0x000000008024373c                save_file_get_flags
                0x0000000080243768                save_file_get_star_flags
                0x000000008024379c                save_file_get_course_star_count
                0x00000000802437e4                save_file_get_total_star_count
                0x0000000080243834                save_file_get_max_coin_score
                0x00000000802438d4                save_file_set_star_flags
                0x000000008024394c                save_file_collect_star_or_key
                0x0000000080243a8c                save_file_get_course_coin_score
                0x0000000080243ab0                save_file_is_cannon_unlocked
                0x0000000080243aec                save_file_set_cannon_unlocked
                0x0000000080243b48                save_file_set_cap_pos
                0x0000000080243b8c                save_file_get_cap_pos
                0x0000000080243c04                save_file_set_statetimer
                0x0000000080243cb4                save_file_get_statetimer
                0x0000000080243ce0                save_file_get_statetimer2
                0x0000000080243da8                save_file_set_sound_mode
                0x0000000080243dc0                save_file_get_sound_mode
                0x0000000080243dcc                save_file_move_cap_to_default_location
                0x0000000080243e64                disable_warp_checkpoint
                0x0000000080243e70                check_if_should_set_warp_checkpoint
                0x0000000080243ebc                check_warp_checkpoint
 *fill*         0x0000000080243f34        0xc 
 .text          0x0000000080243f40     0x258c build/us/src/game/envfx_snow.o
                0x0000000080243f40                envfx_init_snow
                0x000000008024410c                envfx_update_snowflake_count
                0x000000008024421c                envfx_cleanup_snow
                0x000000008024425c                orbit_from_positions
                0x000000008024431c                pos_from_orbit
                0x0000000080244400                envfx_is_snowflake_alive
                0x0000000080244484                envfx_update_snow_normal
                0x0000000080244894                envfx_update_snow_blizzard
                0x0000000080244bc8                envfx_update_snow_water
                0x0000000080244d78                rotate_triangle_vertices
                0x00000000802450a0                append_snowflake_vertex_buffer
                0x0000000080245294                append_flame_vertex_buffer
                0x00000000802454a8                envfx_update_flames
                0x0000000080245714                envfx_update_snow
                0x0000000080245a24                append_rain_vertex_buffer
                0x0000000080245c70                envfx_update_rain
                0x00000000802462d8                envfx_update_particles
 *fill*         0x00000000802464cc        0x4 
 .text          0x00000000802464d0      0xaa4 build/us/src/game/crash_screen.o
                0x0000000080246564                crash_screen_draw_rect
                0x00000000802465d8                crash_screen_draw_glyph
                0x0000000080246734                crash_screen_print
                0x0000000080246814                crash_screen_sleep
                0x000000008024690c                crash_screen_print_float_reg
                0x0000000080246974                crash_screen_print_fpcsr
                0x0000000080246a3c                draw_crash_screen
                0x0000000080246df4                get_crashed_thread
                0x0000000080246e54                thread2_crash_screen
                0x0000000080246eb8                crash_screen_set_framebuffer
                0x0000000080246ed8                crash_screen_init
 *fill*         0x0000000080246f74        0xc 
 .text          0x0000000080246f80     0x1604 build/us/src/game/mario_step.o
                0x0000000080246f88                transfer_bully_speed
                0x0000000080247078                init_bully_collision_data
                0x0000000080247104                mario_bonk_reflection
                0x00000000802471b4                mario_update_quicksand
                0x0000000080247250                mario_push_off_steep_floor
                0x0000000080247298                mario_update_moving_sand
                0x0000000080247344                stop_and_set_height_to_floor
                0x00000000802473a0                clip_mario
                0x00000000802475f4                doMarioWaterColl
                0x00000000802476c0                perform_ground_step
                0x0000000080247a50                stationary_ground_step
                0x0000000080247ad0                check_ledge_grab
                0x0000000080247c4c                apply_twirl_gravity
                0x0000000080247cdc                should_strengthen_gravity_for_jump_ascent
                0x0000000080247d3c                apply_gravity
                0x0000000080247f4c                apply_vertical_wind
                0x0000000080248014                perform_air_step
                0x000000008024849c                set_vel_from_pitch_and_yaw
                0x000000008024852c                set_vel_from_yaw
 *fill*         0x0000000080248584        0xc 
 .text          0x0000000080248590      0xe4c build/us/src/game/object_list_processor.o
                0x0000000080248590                copy_mario_state_to_object
                0x0000000080248620                spawn_particle
                0x0000000080248684                bhv_mario_update
                0x0000000080248b78                update_objects_starting_at
                0x0000000080248bd4                update_objects_during_time_stop
                0x0000000080248cb8                update_objects_in_list
                0x0000000080248cfc                set_object_respawn_info_bits
                0x0000000080248d48                unload_deactivated_objects_in_list
                0x0000000080248dc4                unload_objects_from_area
                0x0000000080248e5c                scanRoomList
                0x0000000080248fd0                setRooms
                0x0000000080249028                spawn_objects_from_info
                0x0000000080249190                clear_objects
                0x0000000080249228                update_terrain_objects
                0x000000008024925c                update_non_terrain_objects
                0x00000000802492cc                unload_deactivated_objects
                0x000000008024933c                update_objects
 *fill*         0x00000000802493dc        0x4 
 .text          0x00000000802493e0     0x4520 build/us/src/game/object_helpers.o
                0x0000000080249734                memset
                0x00000000802497c4                memmove
                0x0000000080249820                geo_update_layer_transparency
                0x0000000080249958                geo_switch_anim_state
                0x000000008024999c                set_prim_to_opacity
                0x0000000080249a48                geo_switch_bparam
                0x0000000080249a8c                geo_switch_area
                0x0000000080249b04                obj_update_pos_from_parent_transformation
                0x0000000080249b64                create_transformation_from_matrices
                0x0000000080249c74                obj_set_held_state
                0x0000000080249d04                lateral_dist_between_objects
                0x0000000080249d38                dist_between_objects
                0x0000000080249d84                approach_f32_symmetric
                0x0000000080249dd4                approach_s16_symmetric
                0x0000000080249e1c                cur_obj_rotate_yaw_toward
                0x0000000080249e64                obj_angle_to_object
                0x0000000080249e80                obj_turn_toward_object
                0x0000000080249f6c                obj_set_angle
                0x0000000080249f88                spawn_object_at_origin
                0x000000008024a014                spawn_object_abs_with_rot
                0x000000008024a0b0                cur_obj_move_using_vel
                0x000000008024a0ec                obj_copy_graph_y_offset
                0x000000008024a0f8                obj_copy_pos_and_angle
                0x000000008024a144                spawn_object
                0x000000008024a1b0                spawn_obj_with_transform_flags
                0x000000008024a1d8                try_to_spawn_object
                0x000000008024a24c                spawn_object_with_scale
                0x000000008024a2a0                obj_copy_pos
                0x000000008024a2bc                obj_set_gfx_pos_from_pos
                0x000000008024a2d8                geo_update_projectile_pos_from_parent
                0x000000008024a33c                obj_init_animation
                0x000000008024a354                linear_mtxf_mul_vec3f
                0x000000008024a3a8                linear_mtxf_transpose_mul_vec3f
                0x000000008024a3fc                obj_apply_scale_to_transform
                0x000000008024a49c                obj_copy_scale
                0x000000008024a4b8                obj_scale
                0x000000008024a4c8                cur_obj_scale
                0x000000008024a4e0                cur_obj_init_animation
                0x000000008024a528                cur_obj_init_animation_with_sound
                0x000000008024a570                cur_obj_init_animation_with_accel_and_sound
                0x000000008024a5d4                obj_init_animation_with_sound
                0x000000008024a614                cur_obj_enable_rendering_and_become_tangible
                0x000000008024a628                cur_obj_enable_rendering
                0x000000008024a640                cur_obj_disable_rendering_and_become_intangible
                0x000000008024a658                cur_obj_disable_rendering
                0x000000008024a670                cur_obj_unhide
                0x000000008024a688                cur_obj_hide
                0x000000008024a6a0                cur_obj_set_pos_relative
                0x000000008024a738                get_object_list_from_behavior
                0x000000008024a754                find_nearest_TNT
                0x000000008024a860                cur_obj_find_nearest_object_with_behavior
                0x000000008024a910                cur_obj_nearest_object_with_behavior
                0x000000008024a92c                cur_obj_dist_to_nearest_object_with_behavior
                0x000000008024a960                cur_obj_find_nearest_object_with_bParam2andBehav
                0x000000008024aa18                objExists
                0x000000008024aa84                count_objects_with_behavior
                0x000000008024aae4                cur_obj_change_action
                0x000000008024ab00                cur_obj_set_vel_from_mario_vel
                0x000000008024ab34                cur_obj_reverse_animation
                0x000000008024ab54                cur_obj_extend_animation_if_at_end
                0x000000008024ab80                cur_obj_check_if_near_animation_end
                0x000000008024abc0                cur_obj_check_if_at_animation_end
                0x000000008024abe4                cur_obj_check_anim_frame
                0x000000008024abfc                cur_obj_check_anim_frame_in_range
                0x000000008024ac24                mario_is_in_air_action
                0x000000008024ac34                cur_obj_unrender_and_reset_state
                0x000000008024ac88                cur_obj_set_model
                0x000000008024acac                mario_set_flag
                0x000000008024acc4                cur_obj_clear_interact_status_flag
                0x000000008024acec                cur_obj_disable
                0x000000008024ad20                cur_obj_update_floor_height
                0x000000008024ad5c                cur_obj_update_floor_height_and_get_floor
                0x000000008024ada8                cur_obj_apply_drag_xz
                0x000000008024add4                cur_obj_move_y
                0x000000008024b0ec                cur_obj_get_thrown_or_placed
                0x000000008024b144                cur_obj_get_dropped
                0x000000008024b174                cur_obj_resolve_wall_coll_simple
                0x000000008024b1c8                abs_angle_diff
                0x000000008024b204                cur_obj_move_xz_using_fvel_and_yaw
                0x000000008024b270                cur_obj_move_y_with_terminal_vel
                0x000000008024b2a8                cur_obj_compute_vel_xz
                0x000000008024b2fc                increment_velocity_toward_range
                0x000000008024b350                obj_check_if_collided_with_object
                0x000000008024b38c                cur_obj_set_behavior
                0x000000008024b3b8                cur_obj_has_behavior
                0x000000008024b3f0                obj_has_behavior
                0x000000008024b420                cur_obj_lateral_dist_from_mario_to_home
                0x000000008024b464                cur_obj_lateral_dist_to_home
                0x000000008024b4a0                cur_obj_set_pos_to_home
                0x000000008024b4c4                cur_obj_set_pos_to_home_and_stop
                0x000000008024b4f0                cur_obj_shake_y
                0x000000008024b51c                obj_set_billboard
                0x000000008024b52c                cur_obj_spawn_loot_coin_at_mario_pos
                0x000000008024b588                cur_obj_abs_y_dist_to_home
                0x000000008024b5b8                cur_obj_advance_looping_anim
                0x000000008024b5f4                cur_obj_resolve_wall_collisions
                0x000000008024b72c                cur_obj_update_floor
                0x000000008024b79c                cur_obj_update_floor_and_walls
                0x000000008024b948                cur_obj_move_standard
                0x000000008024ba3c                cur_obj_move_using_vel_and_gravity
                0x000000008024ba84                cur_obj_move_using_fvel_and_gravity
                0x000000008024baa0                obj_set_pos_relative
                0x000000008024bb30                cur_obj_angle_to_home
                0x000000008024bb54                obj_set_gfx_pos_at_obj_pos
                0x000000008024bb90                obj_translate_local
                0x000000008024bc58                obj_build_transform_from_pos_and_angle
                0x000000008024bce8                obj_build_relative_transform
                0x000000008024bd20                spawn_object_relative
                0x000000008024bde4                spawn_object_relative_with_scale
                0x000000008024be2c                obj_set_throw_matrix_from_transform
                0x000000008024be74                obj_build_transform_relative_to_parent
                0x000000008024bf00                spawn_object_rel_with_rot
                0x000000008024bfbc                obj_create_transform_from_self
                0x000000008024bfec                cur_obj_rotate_move_angle_using_vel
                0x000000008024c028                cur_obj_rotate_face_angle_using_vel
                0x000000008024c064                cur_obj_set_face_angle_to_move_angle
                0x000000008024c088                cur_obj_follow_path
                0x000000008024c230                chain_segment_init
                0x000000008024c248                random_f32_around_zero
                0x000000008024c280                obj_scale_random
                0x000000008024c2d4                obj_translate_xyz_random
                0x000000008024c344                obj_translate_xz_random
                0x000000008024c3b8                spawn_water_droplet
                0x000000008024c66c                obj_spawn_loot_yellow_coins
                0x000000008024c698                cur_obj_set_pos_via_transform
                0x000000008024c6fc                cur_obj_reflect_move_angle_off_wall
                0x000000008024c724                cur_obj_spawn_particles
                0x000000008024c8a0                obj_set_hitbox
                0x000000008024c96c                signum_positive
                0x000000008024c980                absi
                0x000000008024c990                cur_obj_wait_then_blink
                0x000000008024c9e8                cur_obj_is_mario_ground_pounding_platform
                0x000000008024ca24                spawn_mist_particles
                0x000000008024ca38                spawn_mist_particles_with_sound
                0x000000008024ca70                cur_obj_push_mario_away
                0x000000008024caf8                cur_obj_push_mario_away_from_cylinder
                0x000000008024cb48                bhv_dust_smoke_loop
                0x000000008024cbc0                bhv_backdust_init
                0x000000008024cca8                bhv_backdust_loop
                0x000000008024cd2c                cur_obj_progress_direction_table
                0x000000008024cd34                cur_obj_scale_over_time
                0x000000008024cdb0                cur_obj_is_mario_on_platform
                0x000000008024cdd0                cur_obj_shake_y_until
                0x000000008024ce10                cur_obj_move_up_and_down
                0x000000008024ce54                cur_obj_call_action_function
                0x000000008024ce74                cur_obj_mario_far_away
                0x000000008024cee4                is_mario_moving_fast_or_in_air
                0x000000008024cf1c                cur_obj_set_hitbox_and_die_if_attacked
                0x000000008024cfb8                obj_explode_and_spawn_coins
                0x000000008024d078                obj_set_collision_data
                0x000000008024d0a4                cur_obj_if_hit_wall_bounce_away
                0x000000008024d0cc                cur_obj_hide_if_mario_far_away_y
                0x000000008024d13c                geo_offset_klepto_held_object
                0x000000008024d164                obj_is_hidden
                0x000000008024d174                enable_time_stop
                0x000000008024d188                disable_time_stop
                0x000000008024d1a0                set_time_stop_flags
                0x000000008024d1b4                clear_time_stop_flags
                0x000000008024d1cc                cur_obj_can_mario_activate_textbox
                0x000000008024d288                cur_obj_can_mario_activate_textbox_2
                0x000000008024d290                cur_obj_update_dialog
                0x000000008024d46c                cur_obj_update_dialog_with_cutscene
                0x000000008024d670                cur_obj_has_model
                0x000000008024d69c                cur_obj_shake_screen
                0x000000008024d6b4                obj_attack_collided_from_other_object
                0x000000008024d6f0                cur_obj_was_attacked_or_ground_pounded
                0x000000008024d734                obj_copy_behavior_params
                0x000000008024d748                cur_obj_init_animation_and_check_if_near_end
                0x000000008024d764                cur_obj_check_grabbed_mario
                0x000000008024d798                player_performed_grab_escape_action
                0x000000008024d810                disable_time_stop_including_mario
                0x000000008024d83c                cur_obj_check_interacted
                0x000000008024d864                cur_obj_spawn_loot_blue_coin
                0x000000008024d8b8                cur_obj_spawn_star_at_y_offset
 .text          0x000000008024d900       0x10 build/us/src/game/paintings.o
                0x000000008024d900                geo_painting_draw
                0x000000008024d908                geo_painting_update
 .text          0x000000008024d910      0x178 build/us/src/game/level_geo.o
                0x000000008024d910                geo_envfx_main
                0x000000008024da80                geo_skybox_main
 *fill*         0x000000008024da88        0x8 
 .text          0x000000008024da90     0xa628 build/us/src/game/camera.o
                0x000000008024daac                cutscene_reset_spline
                0x000000008024dac0                cutscene_dance_closeup_zoom
                0x000000008024dad0                cutscene_key_dance_jump_closeup
                0x000000008024db24                cutscene_key_dance_jump_lower_left
                0x000000008024db78                cutscene_key_dance_jump_above
                0x000000008024dbc8                cutscene_key_dance_jump_last
                0x000000008024dc1c                cutscene_key_dance_handheld_shake
                0x000000008024dc3c                cutscene_star_spawn_end
                0x000000008024dc60                cutscene_red_coin_star_focus_xz
                0x000000008024dcac                cutscene_red_coin_star_focus_y
                0x000000008024dcdc                cutscene_red_coin_star_look_up_at_star
                0x000000008024dd10                cutscene_red_coin_star_set_fov
                0x000000008024dd24                cutscene_dialog_set_flag
                0x000000008024dd38                cutscene_read_message_set_flag
                0x000000008024dd40                cutscene_read_message_end
                0x000000008024dd58                cutscene_exit_bowser_succ_focus_left
                0x000000008024dd8c                cutscene_exit_non_painting_succ_override_cvar
                0x000000008024ddbc                cutscene_unlock_key_door_focus_lock
                0x000000008024de00                cutscene_unlock_key_door_stub
                0x000000008024de08                cutscene_enter_cannon_end
                0x000000008024de3c                cutscene_door_loop
                0x000000008024de6c                cutscene_door_mode
                0x000000008024deac                cutscene_prepare_cannon_end
                0x000000008024df24                cutscene_death_standing_start
                0x000000008024df7c                cutscene_quicksand_death_start
                0x000000008024df8c                cutscene_door_start
                0x000000008024dfc8                cutscene_door_fix_cam
                0x000000008024e004                cutscene_prepare_cannon_start
                0x000000008024e0ac                cutscene_suffocation_rotate
                0x000000008024e120                cutscene_cap_switch_press_rotate_around_mario
                0x000000008024e1d0                cutscene_enter_cannon_start
                0x000000008024e27c                cutscene_dance_move_to_mario
                0x000000008024e328                cutscene_dance_closeup_fly_above
                0x000000008024e450                cutscene_dance_closeup_fly_closer
                0x000000008024e52c                cutscene_dance_fly_away_approach_mario
                0x000000008024e608                cutscene_cap_switch_press_approach_mario
                0x000000008024e7d8                cutscene_exit_succ_start
                0x000000008024e870                cutscene_non_painting_death_start
                0x000000008024e908                cutscene_cap_switch_press_create_dialog
                0x000000008024e924                cutscene_dialog_create_dialog_box
                0x000000008024e978                cutscene_dialog_end
                0x000000008024e994                set_camera_yaw_shake
                0x000000008024e9fc                calc_y_to_curr_floor
                0x000000008024eb68                move_mario_head_c_up
                0x000000008024ec50                goDefaultPitch
                0x000000008024ec98                focus_on_mario
                0x000000008024ed2c                update_c_up
                0x000000008024ed9c                move_into_c_up
                0x000000008024ef2c                reset_camera
                0x000000008024f0f0                geo_camera_main
                0x000000008024f314                vec3f_sub
                0x000000008024f348                vec3f_approach_smoothly
                0x000000008025038c                set_camera_mode
                0x000000008025051c                object_pos_to_vec3f
                0x0000000080250538                vec3f_to_object_pos
                0x0000000080250554                evaluate_cubic_spline
                0x000000008025070c                move_point_along_spline
                0x00000000802508b4                set_handheld_shake
                0x0000000080250950                clamp_pitch
                0x0000000080250a00                set_or_approach_f32_asymptotic
                0x0000000080250a38                approach_f32_asymptotic
                0x0000000080250a54                approach_s16_asymptotic
                0x0000000080250a74                approach_vec3f_asymptotic
                0x0000000080250ad8                cutscene_dance_closeup_focus_mario
                0x0000000080250b44                cutscene_dance_fly_away_focus_mario
                0x0000000080250b4c                cutscene_star_spawn_focus_star
                0x0000000080250bb0                cutscene_unlock_key_door_approach_mario
                0x0000000080250bfc                cutscene_unlock_key_door_fly_back
                0x0000000080250c48                cutscene_exit_painting_move_to_floor
                0x0000000080250d2c                set_or_approach_vec3f_asymptotic
                0x0000000080250d70                camera_approach_s16_symmetric_bool
                0x0000000080250dcc                set_or_approach_s16_symmetric
                0x0000000080250e18                camera_approach_f32_symmetric
                0x0000000080250e6c                random_vec3s
                0x0000000080250f34                reduce_by_dist_from_camera
                0x0000000080251124                scale_along_line
                0x0000000080251198                calculate_pitch
                0x00000000802511d8                cutscene_dialog_move_mario_shoulder
                0x00000000802514b8                calculate_yaw
                0x00000000802514d4                cutscene_red_coin_star_warp
                0x0000000080251620                calculate_angles
                0x00000000802516b0                set_camera_pitch_shake
                0x00000000802516dc                set_environmental_camera_shake
                0x0000000080251734                cutscene_exit_succ_shake_landing
                0x000000008025173c                set_camera_roll_shake
                0x0000000080251768                set_pitch_shake_from_point
                0x000000008025182c                increment_shake_offset
                0x0000000080251858                shake_camera_pitch
                0x0000000080251958                shake_camera_yaw
                0x0000000080251a4c                shake_camera_roll
                0x0000000080251af4                trigger_cutscene_dialog
                0x0000000080251b18                start_cutscene
                0x0000000080251b70                determine_dance_cutscene
                0x0000000080251be4                get_cutscene_from_mario_status
                0x0000000080251dfc                warp_camera
                0x0000000080251ef4                set_focus_rel_mario
                0x0000000080251fe8                offset_rotated
                0x000000008025210c                cutscene_key_dance_jump_cvar
                0x000000008025216c                cutscene_death_stomach_start
                0x00000000802521d4                cutscene_bbh_death_start
                0x000000008025223c                cutscene_suffocation_fly_away
                0x00000000802522a8                cutscene_non_painting_set_cam_pos
                0x0000000080252318                cutscene_non_painting_set_cam_focus
                0x0000000080252384                cutscene_unlock_key_door_start
                0x0000000080252448                cutscene_exit_painting_start
                0x0000000080252588                cutscene_exit_painting_move_to_mario
                0x0000000080252628                cutscene_door_move_behind_mario
                0x00000000802526c8                update_camera
                0x0000000080254708                next_lakitu_state
                0x0000000080254a30                start_object_cutscene
                0x0000000080254ac8                start_object_cutscene_without_focus
                0x0000000080254ae0                cutscene_object_with_dialog
                0x0000000080254b74                cutscene_object
                0x0000000080254bd0                update_camera_yaw
                0x0000000080254c1c                cutscene_non_painting_end
                0x0000000080254c48                cutscene_exit_painting_end
                0x0000000080254c78                cutscene_door_follow_mario
                0x0000000080254d14                init_spline_point
                0x0000000080254d28                copy_spline_segment
                0x0000000080254e48                cutscene_common_set_dialog_state
                0x0000000080254e7c                cutscene_mario_dialog
                0x0000000080254ea0                store_info_star
                0x0000000080254efc                cutscene_star_spawn_store_info
                0x0000000080254f04                cutscene_red_coin_star_start
                0x0000000080254f58                cutscene_cap_switch_press_start
                0x0000000080254fc4                retrieve_info_star
                0x0000000080255000                cutscene_star_spawn_fly_back
                0x0000000080255008                cutscene_red_coin_star_end
                0x000000008025504c                pan_camera
                0x00000000802550dc                cutscene_cap_switch_press_pan_left
                0x0000000080255158                rotate_and_move_vec3f
                0x00000000802551fc                cutscene_dance_rotate
                0x0000000080255234                cutscene_dance_rotate_move_back
                0x000000008025526c                cutscene_dance_rotate_move_towards_mario
                0x00000000802552a4                cutscene_dance_fly_away_rotate_while_flying
                0x00000000802552dc                cutscene_cap_switch_press_lower_cam
                0x0000000080255310                set_flag_post_door
                0x0000000080255328                cutscene_double_doors_end
                0x0000000080255358                cutscene_door_end
                0x00000000802553a4                cutscene_soften_music
                0x00000000802553b4                cutscene_dialog_start
                0x0000000080255508                cutscene_read_message_start
                0x0000000080255564                cutscene_unsoften_music
                0x0000000080255570                focus_in_front_of_mario
                0x00000000802555e4                cutscene_dance_default_focus_mario
                0x00000000802555f8                cutscene_dance_rotate_focus_mario
                0x000000008025560c                cutscene_key_dance_focus_mario
                0x000000008025561c                star_dance_bound_yaw
                0x00000000802556a8                cutscene_dance_closeup_start
                0x0000000080255780                cutscene_dance_fly_away_start
                0x00000000802558d8                cutscene_pan_cvar9
                0x000000008025593c                cutscene_dance_fly_rotate_around_mario
                0x0000000080255984                cutscene_stop_dialog
                0x000000008025598c                cutscene_goto_cvar_pos
                0x0000000080255c40                cutscene_prepare_cannon_fly_to_cannon
                0x0000000080255cb0                cutscene_death_stomach_goto_mario
                0x0000000080255ce0                cutscene_bbh_death_goto_mario
                0x0000000080255d10                cutscene_quicksand_death_goto_mario
                0x0000000080255dc8                cutscene_suffocation_stay_above_gas
                0x0000000080255e4c                cannon_approach_prev
                0x0000000080255e94                cutscene_prepare_cannon_fly_back
                0x0000000080255fd4                death_goto_mario
                0x0000000080256000                cutscene_death_standing_goto_mario
                0x0000000080256038                cutscene_exit_bowser_key_toss_shake
                0x000000008025605c                play_cutscene
                0x00000000802563d0                cutscene_event
                0x0000000080256424                cutscene_dance_closeup
                0x000000008025659c                cutscene_key_dance
                0x0000000080256690                cutscene_star_spawn
                0x0000000080256704                cutscene_star_spawn_back
                0x0000000080256740                cutscene_red_coin_star
                0x0000000080256814                cutscene_prepare_cannon
                0x0000000080256880                cutscene_death_standing
                0x00000000802568d8                cutscene_death_stomach
                0x000000008025694c                cutscene_bbh_death
                0x00000000802569c0                cutscene_quicksand_death
                0x0000000080256a68                cutscene_suffocation
                0x0000000080256b0c                cutscene_dialog
                0x0000000080256c14                cutscene_read_message
                0x0000000080256d88                cutscene_exit_non_painting_succ
                0x0000000080256e3c                cutscene_non_painting_death
                0x0000000080256eac                cutscene_cap_switch_press
                0x000000008025702c                cutscene_unlock_key_door
                0x00000000802570d0                cutscene_exit_painting
                0x000000008025713c                cutscene_enter_cannon_raise
                0x00000000802572e0                cutscene_dance_default_rotate
                0x0000000080257418                cutscene_dance_fly_away
                0x00000000802574f8                set_fov_shake
                0x0000000080257530                set_camera_shake_from_hit
                0x00000000802576d4                cutscene_dance_shake_fov
                0x00000000802576e4                cutscene_dance_closeup_shake_fov
                0x00000000802576f4                cutscene_dance_fly_away_shake_fov
                0x0000000080257704                cutscene_key_dance_shake_fov
                0x0000000080257724                cutscene_shake_explosion
                0x0000000080257740                cutscene_unlock_key_door_fov_shake
                0x0000000080257748                set_fov_shake_from_point
                0x00000000802577c8                fov_default
                0x0000000080257848                geo_camera_fov
                0x0000000080257a74                set_fov_function
                0x0000000080257a80                cutscene_set_fov_shake_preset
                0x0000000080257ab0                set_fov_shake_from_point_preset
                0x0000000080257b80                set_camera_shake_from_point
                0x0000000080257cc8                spawnCutsceneStuff
                0x0000000080257dcc                reset_scene
                0x0000000080257eb0                intro_cutscenes
 *fill*         0x00000000802580b8        0x8 
 .text          0x00000000802580c0    0x2d9a0 build/us/src/game/zbehavior_actions.o
                0x00000000802580c0                opened_cannon_act_2
                0x00000000802580d4                opened_cannon_act_3
                0x00000000802580f4                grindel_thwomp_act_2
                0x0000000080258144                grindel_thwomp_act_0
                0x000000008025818c                elevator_act_0
                0x0000000080258228                bullet_bill_act_3
                0x0000000080258238                bullet_bill_act_4
                0x00000000802582a0                bowser_tail_anchor_act_1
                0x00000000802582c0                bowser_tail_anchor_act_2
                0x00000000802582f4                falling_bowser_plat_act_1
                0x00000000802583b4                fire_bar_act_0
                0x00000000802583e4                fire_bar_act_2
                0x0000000080258428                fire_bar_act_3
                0x0000000080258430                piranha_plant_act_wait_to_respawn
                0x0000000080258460                bhv_lll_bowser_puzzle_piece_action_1
                0x0000000080258488                bhv_lll_bowser_puzzle_piece_idle
                0x00000000802584a8                fish_act_init
                0x00000000802584b0                bub_spawner_act_1
                0x00000000802584f0                bub_spawner_act_2
                0x00000000802584f8                bub_spawner_act_3
                0x0000000080258500                exclamation_box_act_0
                0x0000000080258528                exclamation_box_act_5
                0x0000000080258604                whomp_act_4
                0x000000008025866c                grindel_thwomp_act_4
                0x00000000802586e4                grindel_thwomp_act_1
                0x0000000080258764                bub_act_0
                0x00000000802587c4                exclamation_box_act_3
                0x00000000802588d0                mr_i_piranha_particle_act_0
                0x0000000080258974                jumping_box_act_1
                0x00000000802589b0                mr_i_piranha_particle_act_1
                0x0000000080258a10                bub_spawner_act_0
                0x0000000080258a98                opened_cannon_act_4
                0x0000000080258b64                opened_cannon_act_6
                0x0000000080258c84                opened_cannon_act_5
                0x0000000080258d30                mr_i_act_3
                0x00000000802591c4                bowser_act_teleport
                0x000000008025930c                mr_i_act_0
                0x0000000080259398                bullet_bill_act_0
                0x00000000802593e8                grindel_thwomp_act_3
                0x0000000080259464                whomp_act_5
                0x00000000802594e8                exclamation_box_act_1
                0x00000000802596a4                opened_cannon_act_0
                0x0000000080259790                opened_cannon_act_1
                0x0000000080259910                chuckya_act_3
                0x0000000080259958                ukiki_act_turn_to_mario
                0x0000000080259a00                piranha_plant_act_idle
                0x0000000080259a68                piranha_plant_act_respawn
                0x0000000080259ae4                bowser_act_unused_slow_walk
                0x0000000080259b14                bowser_act_breath_fire
                0x0000000080259b68                chuckya_act_2
                0x0000000080259bcc                ukiki_cage_act_fall
                0x0000000080259d0c                bowser_tail_anchor_act_0
                0x0000000080259d8c                tumbling_bridge_act_0
                0x0000000080259e30                ukiki_cage_act_wait_for_ukiki
                0x0000000080259e50                ukiki_cage_act_spin
                0x0000000080259e7c                tumbling_bridge_act_1
                0x0000000080259fe4                ukiki_cage_act_hide
                0x000000008025a054                tumbling_bridge_act_3
                0x000000008025a07c                heave_ho_act_0
                0x000000008025a10c                falling_bowser_plat_act_0
                0x000000008025a204                bowser_act_spit_fire_into_sky
                0x000000008025a2c4                ukiki_act_jump
                0x000000008025a464                whomp_act_9
                0x000000008025a520                heave_ho_act_1
                0x000000008025a5b8                heave_ho_act_2
                0x000000008025a6d0                heave_ho_act_3
                0x000000008025a74c                fish_group_act_animate
                0x000000008025a7f4                whomp_act_3
                0x000000008025a8a4                bowser_act_charge_mario
                0x000000008025aaec                bowser_act_spit_fire_onto_floor
                0x000000008025ac68                ukiki_act_run
                0x000000008025ada8                fish_act_spawn
                0x000000008025aee0                exclamation_box_act_2
                0x000000008025afcc                jumping_box_act_0
                0x000000008025b0a0                bullet_bill_act_1
                0x000000008025b118                cap_switch_act_0
                0x000000008025b20c                cap_switch_act_1
                0x000000008025b278                coin_inside_boo_act_0
                0x000000008025b368                fish_act_respawn
                0x000000008025b3fc                bullet_bill_act_2
                0x000000008025b65c                tumbling_bridge_act_2
                0x000000008025b6bc                bowser_act_hit_edge
                0x000000008025b778                elevator_act_4
                0x000000008025b7ec                elevator_act_3
                0x000000008025b85c                ukiki_act_play
                0x000000008025c1a8                cap_switch_act_3
                0x000000008025c1b0                bowser_act_jump_onto_stage
                0x000000008025c1b8                bowser_act_dance
                0x000000008025c1c0                ukiki_act_climb_vine
                0x000000008025c1c8                tox_box_act_4
                0x000000008025c1d0                tox_box_act_5
                0x000000008025c1d8                tox_box_act_6
                0x000000008025c1e0                tox_box_act_7
                0x000000008025c1e8                tox_box_act_1
                0x000000008025c1f0                tox_box_act_2
                0x000000008025c1f8                tox_box_act_3
                0x000000008025c200                tox_box_act_0
                0x000000008025c208                piranha_plant_act_biting
                0x000000008025c210                bhv_lll_bowser_puzzle_piece_action_0
                0x000000008025c334                bhv_piranha_particle_loop
                0x000000008025c3c0                bhv_mr_i_particle_loop
                0x000000008025c3cc                spawn_mr_i_particle
                0x000000008025c498                mr_i_act_2
                0x000000008025c69c                mr_i_act_1
                0x000000008025c82c                bhv_mr_i_body_loop
                0x000000008025c928                bhv_mr_i_loop
                0x000000008025c9a8                bhv_pole_init
                0x000000008025c9d4                bhv_giant_pole_loop
                0x000000008025c9dc                bhv_thi_huge_island_top_loop
                0x000000008025c9e4                bhv_thi_tiny_island_top_loop