
Memory Configuration

Name             Origin             Length             Attributes
*default*        0x0000000000000000 0xffffffffffffffff

Linker script and memory map

Address of section .text set to 0x3000000
LOAD build/us/actors/common1.o
                [!provide]                        PROVIDE (__executable_start = SEGMENT_START ("text-segment", 0x400000))
                0x0000000000400000                . = SEGMENT_START ("text-segment", 0x400000)

.interp
 *(.interp)

.MIPS.abiflags  0x0000000000400000       0x18
 *(.MIPS.abiflags)
 .MIPS.abiflags
                0x0000000000400000       0x18 build/us/actors/common1.o

.reginfo        0x0000000000400018       0x18
 *(.reginfo)
 .reginfo       0x0000000000400018       0x18 build/us/actors/common1.o

.MIPS.xhash
 *(.MIPS.xhash)

.note.gnu.build-id
 *(.note.gnu.build-id)

.dynamic
 *(.dynamic)

.hash
 *(.hash)

.gnu.hash
 *(.gnu.hash)

.dynsym
 *(.dynsym)

.dynstr
 *(.dynstr)

.gnu.version
 *(.gnu.version)

.gnu.version_d
 *(.gnu.version_d)

.gnu.version_r
 *(.gnu.version_r)

.rel.dyn        0x0000000000400018        0x0
 *(.rel.init)
 *(.rel.text .rel.text.* .rel.gnu.linkonce.t.*)
 *(.rel.fini)
 *(.rel.rodata .rel.rodata.* .rel.gnu.linkonce.r.*)
 *(.rel.data.rel.ro .rel.data.rel.ro.* .rel.gnu.linkonce.d.rel.ro.*)
 *(.rel.data .rel.data.* .rel.gnu.linkonce.d.*)
 *(.rel.tdata .rel.tdata.* .rel.gnu.linkonce.td.*)
 *(.rel.tbss .rel.tbss.* .rel.gnu.linkonce.tb.*)
 *(.rel.ctors)
 *(.rel.dtors)
 *(.rel.got)
 *(.rel.dyn)
 .rel.dyn       0x0000000000400018        0x0 build/us/actors/common1.o
 *(.rel.sdata .rel.sdata.* .rel.gnu.linkonce.s.*)
 *(.rel.sbss .rel.sbss.* .rel.gnu.linkonce.sb.*)
 *(.rel.sdata2 .rel.sdata2.* .rel.gnu.linkonce.s2.*)
 *(.rel.sbss2 .rel.sbss2.* .rel.gnu.linkonce.sb2.*)
 *(.rel.bss .rel.bss.* .rel.gnu.linkonce.b.*)
                [!provide]                        PROVIDE (__rel_iplt_start = .)
 *(.rel.iplt)
                [!provide]                        PROVIDE (__rel_iplt_end = .)

.rela.dyn       0x0000000000400018        0x0
 *(.rela.init)
 *(.rela.text .rela.text.* .rela.gnu.linkonce.t.*)
 *(.rela.fini)
 *(.rela.rodata .rela.rodata.* .rela.gnu.linkonce.r.*)
 *(.rela.data .rela.data.* .rela.gnu.linkonce.d.*)
 *(.rela.tdata .rela.tdata.* .rela.gnu.linkonce.td.*)
 *(.rela.tbss .rela.tbss.* .rela.gnu.linkonce.tb.*)
 *(.rela.ctors)
 *(.rela.dtors)
 *(.rela.got)
 *(.rela.sdata .rela.sdata.* .rela.gnu.linkonce.s.*)
 *(.rela.sbss .rela.sbss.* .rela.gnu.linkonce.sb.*)
 *(.rela.sdata2 .rela.sdata2.* .rela.gnu.linkonce.s2.*)
 *(.rela.sbss2 .rela.sbss2.* .rela.gnu.linkonce.sb2.*)
 *(.rela.bss .rela.bss.* .rela.gnu.linkonce.b.*)
                [!provide]                        PROVIDE (__rela_iplt_start = .)
 *(.rela.iplt)
                [!provide]                        PROVIDE (__rela_iplt_end = .)

.rel.plt
 *(.rel.plt)

.rela.plt
 *(.rela.plt)

.init
 *(SORT_NONE(.init))

.plt
 *(.plt)

.iplt
 *(.iplt)

.text           0x0000000003000000        0x0
                0x0000000003000000                _ftext = .
 *(.text.unlikely .text.*_unlikely .text.unlikely.*)
 *(.text.exit .text.exit.*)
 *(.text.startup .text.startup.*)
 *(.text.hot .text.hot.*)
 *(SORT_BY_NAME(.text.sorted.*))
 *(.text .stub .text.* .gnu.linkonce.t.*)
 .text          0x0000000003000000        0x0 build/us/actors/common1.o
 *(.gnu.warning)
 *(.mips16.fn.*)
 *(.mips16.call.*)

.fini
 *(SORT_NONE(.fini))
                [!provide]                        PROVIDE (__etext = .)
                [!provide]                        PROVIDE (_etext = .)
                [!provide]                        PROVIDE (etext = .)

.rodata
 *(.rodata .rodata.* .gnu.linkonce.r.*)

.rodata1
 *(.rodata1)

.sdata2
 *(.sdata2 .sdata2.* .gnu.linkonce.s2.*)

.sbss2
 *(.sbss2 .sbss2.* .gnu.linkonce.sb2.*)

.eh_frame_hdr
 *(.eh_frame_hdr)
 *(.eh_frame_entry .eh_frame_entry.*)

.eh_frame
 *(.eh_frame)
 *(.eh_frame.*)

.gcc_except_table
 *(.gcc_except_table .gcc_except_table.*)

.gnu_extab
 *(.gnu_extab*)

.exception_ranges
 *(.exception_ranges*)
                0x0000000003000000                . = DATA_SEGMENT_ALIGN (CONSTANT (MAXPAGESIZE), CONSTANT (COMMONPAGESIZE))

.eh_frame
 *(.eh_frame)
 *(.eh_frame.*)

.gnu_extab
 *(.gnu_extab)

.gcc_except_table
 *(.gcc_except_table .gcc_except_table.*)

.exception_ranges
 *(.exception_ranges*)

.tdata          0x0000000003000000        0x0
                [!provide]                        PROVIDE (__tdata_start = .)
 *(.tdata .tdata.* .gnu.linkonce.td.*)

.tbss
 *(.tbss .tbss.* .gnu.linkonce.tb.*)
 *(.tcommon)

.preinit_array  0x0000000003000000        0x0
                [!provide]                        PROVIDE (__preinit_array_start = .)
 *(.preinit_array)
                [!provide]                        PROVIDE (__preinit_array_end = .)

.init_array     0x0000000003000000        0x0
                [!provide]                        PROVIDE (__init_array_start = .)
 *(SORT_BY_INIT_PRIORITY(.init_array.*) SORT_BY_INIT_PRIORITY(.ctors.*))
 *(.init_array EXCLUDE_FILE(*crtend?.o *crtend.o *crtbegin?.o *crtbegin.o) .ctors)
                [!provide]                        PROVIDE (__init_array_end = .)

.fini_array     0x0000000003000000        0x0
                [!provide]                        PROVIDE (__fini_array_start = .)
 *(SORT_BY_INIT_PRIORITY(.fini_array.*) SORT_BY_INIT_PRIORITY(.dtors.*))
 *(.fini_array EXCLUDE_FILE(*crtend?.o *crtend.o *crtbegin?.o *crtbegin.o) .dtors)
                [!provide]                        PROVIDE (__fini_array_end = .)

.ctors
 *crtbegin.o(.ctors)
 *crtbegin?.o(.ctors)
 *(EXCLUDE_FILE(*crtend?.o *crtend.o) .ctors)
 *(SORT_BY_NAME(.ctors.*))
 *(.ctors)

.dtors
 *crtbegin.o(.dtors)
 *crtbegin?.o(.dtors)
 *(EXCLUDE_FILE(*crtend?.o *crtend.o) .dtors)
 *(SORT_BY_NAME(.dtors.*))
 *(.dtors)

.jcr
 *(.jcr)

.data.rel.ro
 *(.data.rel.ro.local* .gnu.linkonce.d.rel.ro.local.*)
 *(.data.rel.ro .data.rel.ro.* .gnu.linkonce.d.rel.ro.*)
                0x0000000003000000                . = DATA_SEGMENT_RELRO_END (., 0x0)

.data           0x0000000003000000    0x43968
                0x0000000003000000                _fdata = .
 *(.data .data.* .gnu.linkonce.d.*)
 .data          0x0000000003000000    0x43968 build/us/actors/common1.o
                0x0000000003000000                sickTree2_material_revert_render_settings
                0x0000000003000038                sickTree2_Circle_009_mesh
                0x0000000003000080                mat_revert_sickTree2_sm64_material_004
                0x00000000030000a0                mat_sickTree2_sm64_material_004
                0x0000000003000158                sickTree2_Circle_009_mesh_tri_0
                0x0000000003000178                sickTree2_Circle_009_mesh_vtx_0
                0x00000000030001b8                sickTree2_Nintendo_64___Diddy_Kong_Racing___Jungle_Falls_ci4_pal_rgba16
                0x00000000030001d8                sickTree2_Nintendo_64___Diddy_Kong_Racing___Jungle_Falls_ci4
                0x00000000030009d8                sickTree2_sm64_material_004_lights
                0x00000000030009f0                sickTree_material_revert_render_settings
                0x0000000003000a28                sickTree_Circle_009_mesh
                0x0000000003000a70                mat_revert_sickTree_sm64_material_004
                0x0000000003000a90                mat_sickTree_sm64_material_004
                0x0000000003000b48                sickTree_Circle_009_mesh_tri_0
                0x0000000003000b68                sickTree_Circle_009_mesh_vtx_0
                0x0000000003000ba8                sickTree_WiiMt_TreeOrangeLoRetreez_ci4_pal_rgba16
                0x0000000003000bc4                sickTree_WiiMt_TreeOrangeLoRetreez_ci4
                0x00000000030013c8                sickTree_sm64_material_004_lights
                0x00000000030013e0                tree_seg3_dl_03033258
                0x00000000030024c0                tree_seg3_dl_03032170
                0x00000000030025a0                tree_seg3_dl_03032088
                0x0000000003003680                tree_seg3_dl_03030FA0
                0x0000000003004760                tree_seg3_dl_0302FEE8
                0x00000000030047d8                tree_seg3_dl_0302FEB8
                0x0000000003004808                tree_seg3_dl_0302FE88
                0x00000000030068b0                wooden_signpost_seg3_collision_0302DD80
                0x0000000003006940                wooden_signpost_seg3_dl_0302DD08
                0x00000000030069b8                wooden_signpost_seg3_dl_0302DCD0
                0x00000000030069e8                wooden_signpost_seg3_dl_0302DC40
                0x0000000003006be8                wooden_signpost_seg3_dl_0302DA48
                0x0000000003006c48                wooden_signpost_seg3_dl_0302D9C8
                0x0000000003007d30                white_particle_dl
                0x0000000003008000                transparent_star_seg3_dl_0302C620
                0x0000000003008038                transparent_star_seg3_dl_0302C560
                0x0000000003008180                dirt_seg3_dl_0302C458
                0x00000000030081a8                dirt_seg3_dl_0302C420
                0x00000000030081e0                dirt_seg3_dl_0302C3E8
                0x0000000003008218                dirt_seg3_dl_0302C3B0
                0x0000000003008250                dirt_seg3_dl_0302C378
                0x0000000003008288                dirt_seg3_dl_0302C318
                0x00000000030082c8                dirt_seg3_dl_0302C2F8
                0x00000000030082e8                dirt_seg3_dl_0302C2D8
                0x0000000003008308                dirt_seg3_dl_0302C2B8
                0x0000000003008328                dirt_seg3_dl_0302C298
                0x0000000003008348                dirt_seg3_dl_0302C238
                0x0000000003008528                dirt_seg3_dl_0302C028
                0x0000000003008598                dirt_seg3_dl_0302BFF8
                0x0000000003008858                sand_seg3_dl_0302BCD0
                0x0000000003008b20                yoshistar_material_revert_render_settings
                0x0000000003008b58                yoshistar_Cube_002_mesh
                0x0000000003008b90                yoshistar_Cube_001_mesh
                0x0000000003008bd0                yoshistar_Cube_mesh
                0x0000000003008c10                mat_yoshistar_sm64_material_001
                0x0000000003008c70                mat_revert_yoshistar_sm64_material_002
                0x0000000003008c88                mat_yoshistar_sm64_material_002
                0x0000000003008cf8                mat_revert_yoshistar_sm64_material
                0x0000000003008d10                mat_yoshistar_sm64_material
                0x0000000003008d80                yoshistar_Cube_002_mesh_tri_0
                0x0000000003008d98                yoshistar_Cube_002_mesh_vtx_0
                0x0000000003008dd8                yoshistar_Cube_002_mesh_vtx_cull
                0x0000000003008e58                yoshistar_Cube_001_mesh_tri_0
                0x0000000003008e70                yoshistar_Cube_001_mesh_vtx_0
                0x0000000003008eb0                yoshistar_Cube_001_mesh_vtx_cull
                0x0000000003008f30                yoshistar_Cube_mesh_tri_0
                0x0000000003008f90                yoshistar_Cube_mesh_vtx_0
                0x0000000003009050                yoshistar_Cube_mesh_vtx_cull
                0x00000000030090d0                yoshistar_dot_ia16
                0x00000000030098d0                yoshistar_dot_ia16_aligner
                0x00000000030098d8                yoshistar__222_png_ia16
                0x000000000300a8d8                yoshistar__222_png_ia16_aligner
                0x000000000300a8e0                yoshistar__0302A6F0_i8
                0x000000000300ace0                yoshistar__0302A6F0_i8_aligner
                0x000000000300ace8                star_material_revert_render_settings
                0x000000000300ad20                star_Cube_002_mesh
                0x000000000300ad38                star_Cube_001_mesh
                0x000000000300ad58                star_Cube_mesh
                0x000000000300ad78                mat_star_sm64_material_001
                0x000000000300add8                mat_revert_star_sm64_material_002
                0x000000000300adf0                mat_star_sm64_material_002
                0x000000000300ae60                mat_revert_star_sm64_material
                0x000000000300ae80                mat_star_sm64_material
                0x000000000300af20                star_Cube_002_mesh_tri_0
                0x000000000300af38                star_Cube_002_mesh_vtx_0
                0x000000000300af78                star_Cube_001_mesh_tri_0
                0x000000000300af90                star_Cube_001_mesh_vtx_0
                0x000000000300afd0                star_Cube_mesh_tri_0
                0x000000000300b030                star_Cube_mesh_vtx_0
                0x000000000300b0f0                star_dot_ia16
                0x000000000300b8f0                star_dot_ia16_aligner
                0x000000000300b8f8                star__222_png_ia16
                0x000000000300c8f8                star__222_png_ia16_aligner
                0x000000000300c900                star__0302A6F0_ci8_pal_rgba16
                0x000000000300c9e0                star__0302A6F0_ci8_pal_rgba16_aligner
                0x000000000300c9e8                star__0302A6F0_ci8
                0x000000000300cde8                star__0302A6F0_ci8_aligner
                0x000000000300cdf0                mushroom_1up_seg3_dl_0302A660
                0x000000000300ce60                mushroom_1up_seg3_dl_0302A628
                0x000000000300ded0                dl_power_meter_health_segments_end
                0x000000000300df08                dl_power_meter_health_segments_begin
                0x000000000300df78                dl_power_meter_base
                0x000000000300e098                power_meter_health_segments_lut
                0x00000000030140b8                mario_cap_seg3_dl_03023298
                0x00000000030141f0                mario_cap_seg3_dl_03023160
                0x0000000003014328                mario_cap_seg3_dl_03023108
                0x0000000003014380                mario_cap_seg3_dl_030230B0
                0x00000000030143d8                mario_cap_seg3_dl_03022FF8
                0x0000000003014490                mario_cap_seg3_dl_03022F48
                0x0000000003014540                mario_cap_seg3_dl_03022F20
                0x0000000003014568                mario_cap_seg3_dl_03022ED8
                0x00000000030145b0                mario_cap_seg3_dl_03022EA8
                0x00000000030145d0                mario_cap_seg3_dl_03022E78
                0x0000000003014730                mario_cap_seg3_dl_03022D10
                0x0000000003014758                mario_cap_seg3_dl_03022CC8
                0x0000000003014788                mario_cap_seg3_dl_03022B68
                0x0000000003014848                mario_cap_seg3_dl_03022B30
                0x0000000003019c98                lll_hexagonal_mesh_seg3_collision_0301CECC
                0x0000000003019cd0                door_seg3_collision_0301CE78
                0x0000000003019d30                leaves_seg3_dl_0301CDE0
                0x0000000003019ff8                pebble_seg3_dl_0301CB00
                0x000000000301a8c8                blue_fish_seg3_anims_0301C2B0
                0x000000000301a990                blue_fish_material_revert_render_settings
                0x000000000301a9d0                blue_fish_Bone_002_mesh_layer_1
                0x000000000301a9f0                blue_fish_Bone_mesh_layer_1
                0x000000000301aa10                mat_revert_blue_fish_f3d_material
                0x000000000301aa28                mat_blue_fish_f3d_material
                0x000000000301aaa8                blue_fish_Bone_002_mesh_layer_1_tri_0
                0x000000000301aac0                blue_fish_Bone_002_mesh_layer_1_vtx_0
                0x000000000301aaf0                blue_fish_Bone_mesh_layer_1_tri_0
                0x000000000301ab20                blue_fish_Bone_mesh_layer_1_vtx_0
                0x000000000301ab80                blue_fish__0301B5E0_rgba16
                0x000000000301b380                blue_fish__0301B5E0_rgba16_aligner
                0x000000000301b388                blue_fish_f3d_material_lights
                0x000000000301b3a0                flame_seg3_dl_0301B4583
                0x000000000301b3b8                flame_seg3_dl_0301B4403
                0x000000000301b3d0                flame_seg3_dl_0301B4283
                0x000000000301b3e8                flame_seg3_dl_0301B4103
                0x000000000301b400                flame_seg3_dl_0301B3F83
                0x000000000301b418                flame_seg3_dl_0301B3E03
                0x000000000301b430                flame_seg3_dl_0301B3C83
                0x000000000301b448                flame_seg3_dl_0301B3B03
                0x000000000301b460                flame_seg3_dl_0301B3203
                0x000000000301b4e8                flame_seg3_dl_0301B4582
                0x000000000301b500                flame_seg3_dl_0301B4402
                0x000000000301b518                flame_seg3_dl_0301B4282
                0x000000000301b530                flame_seg3_dl_0301B4102
                0x000000000301b548                flame_seg3_dl_0301B3F82
                0x000000000301b560                flame_seg3_dl_0301B3E02
                0x000000000301b578                flame_seg3_dl_0301B3C82
                0x000000000301b590                flame_seg3_dl_0301B3B02
                0x000000000301b5a8                flame_seg3_dl_0301B3202
                0x000000000301b630                flame_seg3_dl_0301B5A8
                0x000000000301b648                flame_seg3_dl_0301B590
                0x000000000301b660                flame_seg3_dl_0301B578
                0x000000000301b678                flame_seg3_dl_0301B560
                0x000000000301b690                flame_seg3_dl_0301B548
                0x000000000301b6a8                flame_seg3_dl_0301B530
                0x000000000301b6c0                flame_seg3_dl_0301B518
                0x000000000301b6d8                flame_seg3_dl_0301B500
                0x000000000301b6f0                flame_seg3_dl_0301B470
                0x000000000301b778                flame_seg3_dl_0301B458
                0x000000000301b790                flame_seg3_dl_0301B440
                0x000000000301b7a8                flame_seg3_dl_0301B428
                0x000000000301b7c0                flame_seg3_dl_0301B410
                0x000000000301b7d8                flame_seg3_dl_0301B3F8
                0x000000000301b7f0                flame_seg3_dl_0301B3E0
                0x000000000301b808                flame_seg3_dl_0301B3C8
                0x000000000301b820                flame_seg3_dl_0301B3B0
                0x000000000301b838                flame_seg3_dl_0301B320
                0x000000000301f900                bowser_key_seg3_anims_list
                0x00000000030206a8                bowser_key_dl
                0x0000000003021398                door_seg3_anims_030156C0
                0x00000000030218a8                door_seg3_dl_03015158
                0x0000000003021918                door_seg3_dl_030150E8
                0x0000000003021988                door_seg3_dl_03015078
                0x00000000030219f8                door_seg3_dl_03015008
                0x0000000003021a68                door_seg3_dl_03014F98
                0x0000000003021ad8                door_seg3_dl_03014F68
                0x0000000003021b08                door_seg3_dl_03014F30
                0x0000000003021b30                door_seg3_dl_03014EF0
                0x0000000003021c60                door_seg3_dl_03014D40
                0x0000000003021d10                door_seg3_dl_03014C90
                0x0000000003021dc0                door_seg3_dl_03014BE0
                0x0000000003021e70                door_seg3_dl_03014B30
                0x0000000003021f20                door_seg3_dl_03014A80
                0x0000000003021fd0                door_seg3_dl_03014A50
                0x0000000003022000                door_seg3_dl_03014A20
                0x0000000003022020                door_seg3_dl_030149C0
                0x0000000003022060                door_seg3_dl_03014888
                0x0000000003022440                door_seg3_dl_03014540
                0x0000000003022458                door_seg3_dl_03014528
                0x0000000003022470                door_seg3_dl_030144E0
                0x00000000030224a8                door_seg3_dl_03014470
                0x0000000003022618                door_seg3_dl_03014340
                0x0000000003022648                door_seg3_dl_03014310
                0x0000000003022678                door_seg3_dl_030142E0
                0x00000000030226a8                door_seg3_dl_030142B0
                0x00000000030226d8                door_seg3_dl_03014280
                0x0000000003022708                door_seg3_dl_03014250
                0x0000000003022738                door_seg3_dl_03014218
                0x0000000003022768                door_seg3_dl_030141C0
                0x0000000003022840                door_seg3_dl_03014128
                0x0000000003022858                door_seg3_dl_03014100
                0x0000000003022878                door_seg3_dl_03014020
                0x0000000003022a40                door_seg3_dl_03013EA8
                0x0000000003022ab8                door_seg3_dl_03013E28
                0x0000000003022b38                door_seg3_dl_03013D78
                0x0000000003022ba0                door_seg3_dl_03013CC8
                0x0000000003022c08                door_seg3_dl_03013C10
                0x000000000302cbc0                warp_pipe_seg3_collision_03009AC8
                0x000000000302cdd8                warp_pipe_material_revert_render_settings
                0x000000000302ce18                warp_pipe_skinned_mesh
                0x000000000302ce48                mat_revert_warp_pipe_sm64_material_006
                0x000000000302ce68                mat_warp_pipe_sm64_material_006
                0x000000000302cf20                warp_pipe_skinned_mesh_tri_0
                0x000000000302d008                warp_pipe_skinned_mesh_vtx_0
                0x000000000302d4c8                warp_pipe_skinned_mesh_vtx_cull
                0x000000000302d548                warp_pipe_Texture0392_RGB_ci8_pal_rgba16
                0x000000000302d580                warp_pipe_Texture0392_RGB_ci8_pal_rgba16_aligner
                0x000000000302d588                warp_pipe_Texture0392_RGB_ci8
                0x000000000302dd88                warp_pipe_Texture0392_RGB_ci8_aligner
                0x000000000302dd90                warp_pipe_sm64_material_006_lights
                0x000000000302dda8                blue15
                0x000000000302ddc0                blue14
                0x000000000302ddd8                blue13
                0x000000000302ddf0                blue12
                0x000000000302de08                blue11
                0x000000000302de20                blue10
                0x000000000302de38                blue9
                0x000000000302de50                blue8
                0x000000000302de68                blue7
                0x000000000302de80                blue6
                0x000000000302de98                blue5
                0x000000000302deb0                blue4
                0x000000000302dec8                blue3
                0x000000000302dee0                blue2
                0x000000000302def8                blue1
                0x000000000302df10                blue0
                0x000000000302df28                red15
                0x000000000302df40                red14
                0x000000000302df58                red13
                0x000000000302df70                red12
                0x000000000302df88                red11
                0x000000000302dfa0                red10
                0x000000000302dfb8                red9
                0x000000000302dfd0                red8
                0x000000000302dfe8                red7
                0x000000000302e000                red6
                0x000000000302e018                red5
                0x000000000302e030                red4
                0x000000000302e048                red3
                0x000000000302e060                red2
                0x000000000302e078                red1
                0x000000000302e090                red0
                0x000000000302e0a8                yellow15
                0x000000000302e0c0                yellow14
                0x000000000302e0d8                yellow13
                0x000000000302e0f0                yellow12
                0x000000000302e108                yellow11
                0x000000000302e120                yellow10
                0x000000000302e138                yellow9
                0x000000000302e150                yellow8
                0x000000000302e168                yellow7
                0x000000000302e180                yellow6
                0x000000000302e198                yellow5
                0x000000000302e1b0                yellow4
                0x000000000302e1c8                yellow3
                0x000000000302e1e0                yellow2
                0x000000000302e1f8                yellow1
                0x000000000302e210                yellow0
                0x000000000302e228                coin_Circle_mesh
                0x000000000302e2a8                coin_Circle_mesh_vtx_0
                0x000000000303e2e8                butterfly_seg3_anims_030056B0
                0x000000000303e468                butterfly_seg3_dl_030054A0
                0x000000000303e4f8                butterfly_seg3_dl_03005408
                0x000000000303f648                explosion_seg3_dl_03004328
                0x000000000303f660                explosion_seg3_dl_03004310
                0x000000000303f678                explosion_seg3_dl_030042F8
                0x000000000303f690                explosion_seg3_dl_030042E0
                0x000000000303f6a8                explosion_seg3_dl_030042C8
                0x000000000303f6c0                explosion_seg3_dl_030042B0
                0x000000000303f6d8                explosion_seg3_dl_03004298
                0x000000000303f6f0                explosion_seg3_dl_03004208
                0x0000000003042fb8                mist_seg3_dl_03000920
                0x0000000003043050                mist_seg3_dl_03000880

.data1
 *(.data1)

.got.plt
 *(.got.plt)
                0x0000000003043968                . = .
                0x000000000304b960                _gp = (ALIGN (0x10) + 0x7ff0)

.got
 *(.got)

.sdata
 *(.sdata .sdata.* .gnu.linkonce.s.*)

.lit8
 *(.lit8)

.lit4
 *(.lit4)
                0x0000000003043968                _edata = .
                [!provide]                        PROVIDE (edata = .)
                0x0000000003043968                . = .
                0x0000000003043968                __bss_start = .
                0x0000000003043968                _fbss = .

.sbss
 *(.dynsbss)
 *(.sbss .sbss.* .gnu.linkonce.sb.*)
 *(.scommon)

.bss            0x0000000003043968        0x0
 *(.dynbss)
 *(.bss .bss.* .gnu.linkonce.b.*)
 .bss           0x0000000003043968        0x0 build/us/actors/common1.o
 *(COMMON)
                0x0000000003043968                . = ALIGN ((. != 0x0)?0x4:0x1)
                0x0000000003043968                . = ALIGN (0x4)
                0x0000000003043968                . = SEGMENT_START ("ldata-segment", .)
                0x0000000003043968                . = ALIGN (0x4)
                0x0000000003043968                _end = .
                [!provide]                        PROVIDE (end = .)
                0x0000000003043968                . = DATA_SEGMENT_END (.)

.stab
 *(.stab)

.stabstr
 *(.stabstr)

.stab.excl
 *(.stab.excl)

.stab.exclstr
 *(.stab.exclstr)

.stab.index
 *(.stab.index)

.stab.indexstr
 *(.stab.indexstr)

.comment        0x0000000000000000       0x12
 *(.comment)
 .comment       0x0000000000000000       0x12 build/us/actors/common1.o
                                         0x13 (size before relaxing)

.pdr            0x0000000000000000        0x0
 .pdr           0x0000000000000000        0x0 build/us/actors/common1.o

.gnu.build.attributes
 *(.gnu.build.attributes .gnu.build.attributes.*)

.debug
 *(.debug)

.line
 *(.line)

.debug_srcinfo
 *(.debug_srcinfo)

.debug_sfnames
 *(.debug_sfnames)

.debug_aranges
 *(.debug_aranges)

.debug_pubnames
 *(.debug_pubnames)

.debug_info
 *(.debug_info .gnu.linkonce.wi.*)

.debug_abbrev
 *(.debug_abbrev)

.debug_line
 *(.debug_line .debug_line.* .debug_line_end)

.debug_frame
 *(.debug_frame)

.debug_str
 *(.debug_str)

.debug_loc
 *(.debug_loc)

.debug_macinfo
 *(.debug_macinfo)

.debug_weaknames
 *(.debug_weaknames)

.debug_funcnames
 *(.debug_funcnames)

.debug_typenames
 *(.debug_typenames)

.debug_varnames
 *(.debug_varnames)

.debug_pubtypes
 *(.debug_pubtypes)

.debug_ranges
 *(.debug_ranges)

.debug_addr
 *(.debug_addr)

.debug_line_str
 *(.debug_line_str)

.debug_loclists
 *(.debug_loclists)

.debug_macro
 *(.debug_macro)

.debug_names
 *(.debug_names)

.debug_rnglists
 *(.debug_rnglists)

.debug_str_offsets
 *(.debug_str_offsets)

.debug_sup
 *(.debug_sup)

.gnu.attributes
                0x0000000000000000       0x10
 *(.gnu.attributes)
 .gnu.attributes
                0x0000000000000000       0x10 build/us/actors/common1.o

.gptab.sdata
 *(.gptab.data)
 *(.gptab.sdata)

.gptab.sbss
 *(.gptab.bss)
 *(.gptab.sbss)

.mdebug.abi32   0x0000000000000000        0x0
 *(.mdebug.abi32)
 .mdebug.abi32  0x0000000000000000        0x0 build/us/actors/common1.o

.mdebug.abiN32
 *(.mdebug.abiN32)

.mdebug.abi64
 *(.mdebug.abi64)

.mdebug.abiO64
 *(.mdebug.abiO64)

.mdebug.eabi32
 *(.mdebug.eabi32)

.mdebug.eabi64
 *(.mdebug.eabi64)

.gcc_compiled_long32
 *(.gcc_compiled_long32)

.gcc_compiled_long64
 *(.gcc_compiled_long64)

/DISCARD/
 *(.note.GNU-stack)
 *(.gnu_debuglink)
 *(.gnu.lto_*)
OUTPUT(build/us/actors/common1.elf elf32-bigmips)
