
Memory Configuration

Name             Origin             Length             Attributes
*default*        0x0000000000000000 0xffffffffffffffff

Linker script and memory map

Address of section .text set to 0x6000000
LOAD build/us/actors/group13.o
                [!provide]                        PROVIDE (__executable_start = SEGMENT_START ("text-segment", 0x400000))
                0x0000000000400000                . = SEGMENT_START ("text-segment", 0x400000)

.interp
 *(.interp)

.MIPS.abiflags  0x0000000000400000       0x18
 *(.MIPS.abiflags)
 .MIPS.abiflags
                0x0000000000400000       0x18 build/us/actors/group13.o

.reginfo        0x0000000000400018       0x18
 *(.reginfo)
 .reginfo       0x0000000000400018       0x18 build/us/actors/group13.o

.MIPS.xhash
 *(.MIPS.xhash)

.note.gnu.build-id
 *(.note.gnu.build-id)

.dynamic
 *(.dynamic)

.hash
 *(.hash)

.gnu.hash
 *(.gnu.hash)

.dynsym
 *(.dynsym)

.dynstr
 *(.dynstr)

.gnu.version
 *(.gnu.version)

.gnu.version_d
 *(.gnu.version_d)

.gnu.version_r
 *(.gnu.version_r)

.rel.dyn        0x0000000000400018        0x0
 *(.rel.init)
 *(.rel.text .rel.text.* .rel.gnu.linkonce.t.*)
 *(.rel.fini)
 *(.rel.rodata .rel.rodata.* .rel.gnu.linkonce.r.*)
 *(.rel.data.rel.ro .rel.data.rel.ro.* .rel.gnu.linkonce.d.rel.ro.*)
 *(.rel.data .rel.data.* .rel.gnu.linkonce.d.*)
 *(.rel.tdata .rel.tdata.* .rel.gnu.linkonce.td.*)
 *(.rel.tbss .rel.tbss.* .rel.gnu.linkonce.tb.*)
 *(.rel.ctors)
 *(.rel.dtors)
 *(.rel.got)
 *(.rel.dyn)
 .rel.dyn       0x0000000000400018        0x0 build/us/actors/group13.o
 *(.rel.sdata .rel.sdata.* .rel.gnu.linkonce.s.*)
 *(.rel.sbss .rel.sbss.* .rel.gnu.linkonce.sb.*)
 *(.rel.sdata2 .rel.sdata2.* .rel.gnu.linkonce.s2.*)
 *(.rel.sbss2 .rel.sbss2.* .rel.gnu.linkonce.sb2.*)
 *(.rel.bss .rel.bss.* .rel.gnu.linkonce.b.*)
                [!provide]                        PROVIDE (__rel_iplt_start = .)
 *(.rel.iplt)
                [!provide]                        PROVIDE (__rel_iplt_end = .)

.rela.dyn       0x0000000000400018        0x0
 *(.rela.init)
 *(.rela.text .rela.text.* .rela.gnu.linkonce.t.*)
 *(.rela.fini)
 *(.rela.rodata .rela.rodata.* .rela.gnu.linkonce.r.*)
 *(.rela.data .rela.data.* .rela.gnu.linkonce.d.*)
 *(.rela.tdata .rela.tdata.* .rela.gnu.linkonce.td.*)
 *(.rela.tbss .rela.tbss.* .rela.gnu.linkonce.tb.*)
 *(.rela.ctors)
 *(.rela.dtors)
 *(.rela.got)
 *(.rela.sdata .rela.sdata.* .rela.gnu.linkonce.s.*)
 *(.rela.sbss .rela.sbss.* .rela.gnu.linkonce.sb.*)
 *(.rela.sdata2 .rela.sdata2.* .rela.gnu.linkonce.s2.*)
 *(.rela.sbss2 .rela.sbss2.* .rela.gnu.linkonce.sb2.*)
 *(.rela.bss .rela.bss.* .rela.gnu.linkonce.b.*)
                [!provide]                        PROVIDE (__rela_iplt_start = .)
 *(.rela.iplt)
                [!provide]                        PROVIDE (__rela_iplt_end = .)

.rel.plt
 *(.rel.plt)

.rela.plt
 *(.rela.plt)

.init
 *(SORT_NONE(.init))

.plt
 *(.plt)

.iplt
 *(.iplt)

.text           0x0000000006000000        0x0
                0x0000000006000000                _ftext = .
 *(.text.unlikely .text.*_unlikely .text.unlikely.*)
 *(.text.exit .text.exit.*)
 *(.text.startup .text.startup.*)
 *(.text.hot .text.hot.*)
 *(SORT_BY_NAME(.text.sorted.*))
 *(.text .stub .text.* .gnu.linkonce.t.*)
 .text          0x0000000006000000        0x0 build/us/actors/group13.o
 *(.gnu.warning)
 *(.mips16.fn.*)
 *(.mips16.call.*)

.fini
 *(SORT_NONE(.fini))
                [!provide]                        PROVIDE (__etext = .)
                [!provide]                        PROVIDE (_etext = .)
                [!provide]                        PROVIDE (etext = .)

.rodata
 *(.rodata .rodata.* .gnu.linkonce.r.*)

.rodata1
 *(.rodata1)

.sdata2
 *(.sdata2 .sdata2.* .gnu.linkonce.s2.*)

.sbss2
 *(.sbss2 .sbss2.* .gnu.linkonce.sb2.*)

.eh_frame_hdr
 *(.eh_frame_hdr)
 *(.eh_frame_entry .eh_frame_entry.*)

.eh_frame
 *(.eh_frame)
 *(.eh_frame.*)

.gcc_except_table
 *(.gcc_except_table .gcc_except_table.*)

.gnu_extab
 *(.gnu_extab*)

.exception_ranges
 *(.exception_ranges*)
                0x0000000006000000                . = DATA_SEGMENT_ALIGN (CONSTANT (MAXPAGESIZE), CONSTANT (COMMONPAGESIZE))

.eh_frame
 *(.eh_frame)
 *(.eh_frame.*)

.gnu_extab
 *(.gnu_extab)

.gcc_except_table
 *(.gcc_except_table .gcc_except_table.*)

.exception_ranges
 *(.exception_ranges*)

.tdata          0x0000000006000000        0x0
                [!provide]                        PROVIDE (__tdata_start = .)
 *(.tdata .tdata.* .gnu.linkonce.td.*)

.tbss
 *(.tbss .tbss.* .gnu.linkonce.tb.*)
 *(.tcommon)

.preinit_array  0x0000000006000000        0x0
                [!provide]                        PROVIDE (__preinit_array_start = .)
 *(.preinit_array)
                [!provide]                        PROVIDE (__preinit_array_end = .)

.init_array     0x0000000006000000        0x0
                [!provide]                        PROVIDE (__init_array_start = .)
 *(SORT_BY_INIT_PRIORITY(.init_array.*) SORT_BY_INIT_PRIORITY(.ctors.*))
 *(.init_array EXCLUDE_FILE(*crtend?.o *crtend.o *crtbegin?.o *crtbegin.o) .ctors)
                [!provide]                        PROVIDE (__init_array_end = .)

.fini_array     0x0000000006000000        0x0
                [!provide]                        PROVIDE (__fini_array_start = .)
 *(SORT_BY_INIT_PRIORITY(.fini_array.*) SORT_BY_INIT_PRIORITY(.dtors.*))
 *(.fini_array EXCLUDE_FILE(*crtend?.o *crtend.o *crtbegin?.o *crtbegin.o) .dtors)
                [!provide]                        PROVIDE (__fini_array_end = .)

.ctors
 *crtbegin.o(.ctors)
 *crtbegin?.o(.ctors)
 *(EXCLUDE_FILE(*crtend?.o *crtend.o) .ctors)
 *(SORT_BY_NAME(.ctors.*))
 *(.ctors)

.dtors
 *crtbegin.o(.dtors)
 *crtbegin?.o(.dtors)
 *(EXCLUDE_FILE(*crtend?.o *crtend.o) .dtors)
 *(SORT_BY_NAME(.dtors.*))
 *(.dtors)

.jcr
 *(.jcr)

.data.rel.ro
 *(.data.rel.ro.local* .gnu.linkonce.d.rel.ro.local.*)
 *(.data.rel.ro .data.rel.ro.* .gnu.linkonce.d.rel.ro.*)
                0x0000000006000000                . = DATA_SEGMENT_RELRO_END (., 0x0)

.data           0x0000000006000000    0x188b0
                0x0000000006000000                _fdata = .
 *(.data .data.* .gnu.linkonce.d.*)
 .data          0x0000000006000000    0x188b0 build/us/actors/group13.o
                0x0000000006000000                underwaterbush_material_revert_render_settings
                0x0000000006000040                underwaterbush_Circle_009_mesh
                0x0000000006000060                mat_revert_underwaterbush_sm64_material_004
                0x0000000006000078                mat_underwaterbush_sm64_material_004
                0x00000000060000f8                underwaterbush_Circle_009_mesh_tri_0
                0x0000000006000118                underwaterbush_Circle_009_mesh_vtx_0
                0x0000000006000158                underwaterbush_MARIOKART64_497E0E1E_0_2_all_rgba32
                0x0000000006001158                underwaterbush_MARIOKART64_497E0E1E_0_2_all_rgba32_aligner
                0x0000000006001160                underwaterbush_sm64_material_004_lights
                0x0000000006001178                underewatertree_material_revert_render_settings
                0x00000000060011b8                underewatertree_Circle_009_mesh
                0x00000000060011d8                mat_revert_underewatertree_sm64_material_004
                0x00000000060011f8                mat_underewatertree_sm64_material_004
                0x00000000060012b0                underewatertree_Circle_009_mesh_tri_0
                0x00000000060012d0                underewatertree_Circle_009_mesh_vtx_0
                0x0000000006001310                underewatertree__74_740000_coral_png_pic_vintiquewise_tree_stump_style_flower_ci4_pal_rgba16
                0x0000000006001330                underewatertree__74_740000_coral_png_pic_vintiquewise_tree_stump_style_flower_ci4_pal_rgba16_aligner
                0x0000000006001338                underewatertree__74_740000_coral_png_pic_vintiquewise_tree_stump_style_flower_ci4
                0x0000000006001b38                underewatertree__74_740000_coral_png_pic_vintiquewise_tree_stump_style_flower_ci4_aligner
                0x0000000006001b40                underewatertree_sm64_material_004_lights
                0x0000000006001b58                treasure_chest_seg6_dl_060178C0
                0x0000000006001bf0                treasure_chest_seg6_dl_06017810
                0x0000000006001c60                treasure_chest_seg6_dl_06017790
                0x0000000006001cc0                treasure_chest_seg6_dl_06017680
                0x00000000060023c8                treasure_chest_seg6_dl_06016F90
                0x0000000006002468                treasure_chest_seg6_dl_06016EE0
                0x00000000060024d8                treasure_chest_seg6_dl_06016E18
                0x0000000006002560                treasure_chest_seg6_dl_06016DA0
                0x00000000060025b8                treasure_chest_seg6_dl_06016D58
                0x00000000060053c0                water_ring_seg6_anims_06013F7C
                0x0000000006005570                water_ring_seg6_dl_06013AC0
                0x0000000006006ec0                bub_seg6_anims_06012354
                0x0000000006007220                bub_seg6_dl_06011FA0
                0x0000000006007280                bub_seg6_dl_06011F18
                0x0000000006007350                bub_seg6_dl_06011E48
                0x00000000060073b0                bub_seg6_dl_06011DC0
                0x0000000006007480                bub_seg6_dl_06011CF0
                0x00000000060074e0                bub_seg6_dl_06011C58
                0x00000000060075c8                bub_seg6_dl_06011B28
                0x0000000006007678                bub_seg6_dl_06011A50
                0x0000000006007700                bub_seg6_dl_06011968
                0x0000000006007790                bub_seg6_dl_06011918
                0x00000000060077d0                bub_seg6_dl_060118C0
                0x0000000006007810                bub_seg6_dl_06011848
                0x000000000600ae40                cyan_fish_seg6_anims_0600E264
                0x000000000600b018                cyan_fish_seg6_dl_0600E038
                0x000000000600b078                cyan_fish_seg6_dl_0600DFC0
                0x000000000600b148                cyan_fish_seg6_dl_0600DED8
                0x000000000600b1b8                cyan_fish_seg6_dl_0600DE90
                0x000000000600b250                cyan_fish_seg6_dl_0600DDD8
                0x000000000600b2b0                cyan_fish_seg6_dl_0600DD20
                0x000000000600bbe0                water_mine_seg6_dl_0600D3F8
                0x000000000600bc40                water_mine_seg6_dl_0600D2E0
                0x000000000600bd08                water_mine_seg6_dl_0600D268
                0x000000000600bd80                water_mine_seg6_dl_0600D230
                0x000000000600bdb0                water_mine_seg6_dl_0600D1F8
                0x000000000600eaf8                seaweed_seg6_anims_0600A4D4
                0x0000000006010b80                limb4
                0x0000000006010bc8                limb3
                0x0000000006010be0                limb2
                0x0000000006010bf8                limb1
                0x0000000006010cd8                seaweed_verts_ultimate
                0x0000000006010d78                seaweed_algae_ci4_pal_rgba16
                0x0000000006010d98                seaweed_algae_ci4_pal_rgba16_aligner
                0x0000000006010da0                seaweed_algae_ci4
                0x00000000060115a0                seaweed_algae_ci4_aligner
                0x00000000060115a8                skeeter_seg6_anims_06007DE0
                0x0000000006013c78                skeeter_seg6_dl_06005358
                0x0000000006013e80                skeeter_seg6_dl_06005328
                0x0000000006013ea8                skeeter_seg6_dl_06004A40
                0x0000000006014370                skeeter_seg6_dl_06004678
                0x0000000006014578                skeeter_seg6_dl_06004648
                0x00000000060145a8                skeeter_seg6_dl_06004618
                0x00000000060145d0                skeeter_seg6_dl_060045C8
                0x0000000006014600                skeeter_seg6_dl_06004200
                0x0000000006014808                skeeter_seg6_dl_060041D0
                0x0000000006014830                skeeter_seg6_dl_060041A0
                0x0000000006014858                skeeter_seg6_dl_06004150
                0x0000000006014888                skeeter_seg6_dl_06004120
                0x00000000060148b0                skeeter_seg6_dl_060040F0
                0x00000000060148d8                skeeter_seg6_dl_060040A0
                0x0000000006014908                skeeter_seg6_dl_06004070
                0x0000000006014930                skeeter_seg6_dl_06004040
                0x0000000006014958                skeeter_seg6_dl_06003FF0
                0x0000000006017a88                skeeter_seg6_dl_06000EC0
                0x0000000006017ab8                skeeter_seg6_dl_06000E60
                0x0000000006017b70                skeeter_seg6_dl_06000D78
                0x0000000006017be0                skeeter_seg6_dl_06000D48
                0x0000000006017c40                skeeter_seg6_dl_06000CA8
                0x0000000006017cb0                skeeter_seg6_dl_06000C78
                0x0000000006017d10                skeeter_seg6_dl_06000BD8
                0x0000000006017d80                skeeter_seg6_dl_06000BA0
                0x0000000006017df0                skeeter_seg6_dl_06000AF0
                0x0000000006017e60                skeeter_seg6_dl_06000AB8
                0x0000000006017ed0                skeeter_seg6_dl_06000A08
                0x0000000006017f40                skeeter_seg6_dl_060009D0

.data1
 *(.data1)

.got.plt
 *(.got.plt)
                0x00000000060188b0                . = .
                0x00000000060208a0                _gp = (ALIGN (0x10) + 0x7ff0)

.got
 *(.got)

.sdata
 *(.sdata .sdata.* .gnu.linkonce.s.*)

.lit8
 *(.lit8)

.lit4
 *(.lit4)
                0x00000000060188b0                _edata = .
                [!provide]                        PROVIDE (edata = .)
                0x00000000060188b0                . = .
                0x00000000060188b0                __bss_start = .
                0x00000000060188b0                _fbss = .

.sbss
 *(.dynsbss)
 *(.sbss .sbss.* .gnu.linkonce.sb.*)
 *(.scommon)

.bss            0x00000000060188b0        0x0
 *(.dynbss)
 *(.bss .bss.* .gnu.linkonce.b.*)
 .bss           0x00000000060188b0        0x0 build/us/actors/group13.o
 *(COMMON)
                0x00000000060188b0                . = ALIGN ((. != 0x0)?0x4:0x1)
                0x00000000060188b0                . = ALIGN (0x4)
                0x00000000060188b0                . = SEGMENT_START ("ldata-segment", .)
                0x00000000060188b0                . = ALIGN (0x4)
                0x00000000060188b0                _end = .
                [!provide]                        PROVIDE (end = .)
                0x00000000060188b0                . = DATA_SEGMENT_END (.)

.stab
 *(.stab)

.stabstr
 *(.stabstr)

.stab.excl
 *(.stab.excl)

.stab.exclstr
 *(.stab.exclstr)

.stab.index
 *(.stab.index)

.stab.indexstr
 *(.stab.indexstr)

.comment        0x0000000000000000       0x12
 *(.comment)
 .comment       0x0000000000000000       0x12 build/us/actors/group13.o
                                         0x13 (size before relaxing)

.pdr            0x0000000000000000        0x0
 .pdr           0x0000000000000000        0x0 build/us/actors/group13.o

.gnu.build.attributes
 *(.gnu.build.attributes .gnu.build.attributes.*)

.debug
 *(.debug)

.line
 *(.line)

.debug_srcinfo
 *(.debug_srcinfo)

.debug_sfnames
 *(.debug_sfnames)

.debug_aranges
 *(.debug_aranges)

.debug_pubnames
 *(.debug_pubnames)

.debug_info
 *(.debug_info .gnu.linkonce.wi.*)

.debug_abbrev
 *(.debug_abbrev)

.debug_line
 *(.debug_line .debug_line.* .debug_line_end)

.debug_frame
 *(.debug_frame)

.debug_str
 *(.debug_str)

.debug_loc
 *(.debug_loc)

.debug_macinfo
 *(.debug_macinfo)

.debug_weaknames
 *(.debug_weaknames)

.debug_funcnames
 *(.debug_funcnames)

.debug_typenames
 *(.debug_typenames)

.debug_varnames
 *(.debug_varnames)

.debug_pubtypes
 *(.debug_pubtypes)

.debug_ranges
 *(.debug_ranges)

.debug_addr
 *(.debug_addr)

.debug_line_str
 *(.debug_line_str)

.debug_loclists
 *(.debug_loclists)

.debug_macro
 *(.debug_macro)

.debug_names
 *(.debug_names)

.debug_rnglists
 *(.debug_rnglists)

.debug_str_offsets
 *(.debug_str_offsets)

.debug_sup
 *(.debug_sup)

.gnu.attributes
                0x0000000000000000       0x10
 *(.gnu.attributes)
 .gnu.attributes
                0x0000000000000000       0x10 build/us/actors/group13.o

.gptab.sdata
 *(.gptab.data)
 *(.gptab.sdata)

.gptab.sbss
 *(.gptab.bss)
 *(.gptab.sbss)

.mdebug.abi32   0x0000000000000000        0x0
 *(.mdebug.abi32)
 .mdebug.abi32  0x0000000000000000        0x0 build/us/actors/group13.o

.mdebug.abiN32
 *(.mdebug.abiN32)

.mdebug.abi64
 *(.mdebug.abi64)

.mdebug.abiO64
 *(.mdebug.abiO64)

.mdebug.eabi32
 *(.mdebug.eabi32)

.mdebug.eabi64
 *(.mdebug.eabi64)

.gcc_compiled_long32
 *(.gcc_compiled_long32)

.gcc_compiled_long64
 *(.gcc_compiled_long64)

/DISCARD/
 *(.note.GNU-stack)
 *(.gnu_debuglink)
 *(.gnu.lto_*)
OUTPUT(build/us/actors/group13.elf elf32-bigmips)
