
Memory Configuration

Name             Origin             Length             Attributes
*default*        0x0000000000000000 0xffffffffffffffff

Linker script and memory map

Address of section .text set to 0x5000000
LOAD build/us/actors/group4.o
                [!provide]                        PROVIDE (__executable_start = SEGMENT_START ("text-segment", 0x400000))
                0x0000000000400000                . = SEGMENT_START ("text-segment", 0x400000)

.interp
 *(.interp)

.MIPS.abiflags  0x0000000000400000       0x18
 *(.MIPS.abiflags)
 .MIPS.abiflags
                0x0000000000400000       0x18 build/us/actors/group4.o

.reginfo        0x0000000000400018       0x18
 *(.reginfo)
 .reginfo       0x0000000000400018       0x18 build/us/actors/group4.o

.MIPS.xhash
 *(.MIPS.xhash)

.note.gnu.build-id
 *(.note.gnu.build-id)

.dynamic
 *(.dynamic)

.hash
 *(.hash)

.gnu.hash
 *(.gnu.hash)

.dynsym
 *(.dynsym)

.dynstr
 *(.dynstr)

.gnu.version
 *(.gnu.version)

.gnu.version_d
 *(.gnu.version_d)

.gnu.version_r
 *(.gnu.version_r)

.rel.dyn        0x0000000000400018        0x0
 *(.rel.init)
 *(.rel.text .rel.text.* .rel.gnu.linkonce.t.*)
 *(.rel.fini)
 *(.rel.rodata .rel.rodata.* .rel.gnu.linkonce.r.*)
 *(.rel.data.rel.ro .rel.data.rel.ro.* .rel.gnu.linkonce.d.rel.ro.*)
 *(.rel.data .rel.data.* .rel.gnu.linkonce.d.*)
 *(.rel.tdata .rel.tdata.* .rel.gnu.linkonce.td.*)
 *(.rel.tbss .rel.tbss.* .rel.gnu.linkonce.tb.*)
 *(.rel.ctors)
 *(.rel.dtors)
 *(.rel.got)
 *(.rel.dyn)
 .rel.dyn       0x0000000000400018        0x0 build/us/actors/group4.o
 *(.rel.sdata .rel.sdata.* .rel.gnu.linkonce.s.*)
 *(.rel.sbss .rel.sbss.* .rel.gnu.linkonce.sb.*)
 *(.rel.sdata2 .rel.sdata2.* .rel.gnu.linkonce.s2.*)
 *(.rel.sbss2 .rel.sbss2.* .rel.gnu.linkonce.sb2.*)
 *(.rel.bss .rel.bss.* .rel.gnu.linkonce.b.*)
                [!provide]                        PROVIDE (__rel_iplt_start = .)
 *(.rel.iplt)
                [!provide]                        PROVIDE (__rel_iplt_end = .)

.rela.dyn       0x0000000000400018        0x0
 *(.rela.init)
 *(.rela.text .rela.text.* .rela.gnu.linkonce.t.*)
 *(.rela.fini)
 *(.rela.rodata .rela.rodata.* .rela.gnu.linkonce.r.*)
 *(.rela.data .rela.data.* .rela.gnu.linkonce.d.*)
 *(.rela.tdata .rela.tdata.* .rela.gnu.linkonce.td.*)
 *(.rela.tbss .rela.tbss.* .rela.gnu.linkonce.tb.*)
 *(.rela.ctors)
 *(.rela.dtors)
 *(.rela.got)
 *(.rela.sdata .rela.sdata.* .rela.gnu.linkonce.s.*)
 *(.rela.sbss .rela.sbss.* .rela.gnu.linkonce.sb.*)
 *(.rela.sdata2 .rela.sdata2.* .rela.gnu.linkonce.s2.*)
 *(.rela.sbss2 .rela.sbss2.* .rela.gnu.linkonce.sb2.*)
 *(.rela.bss .rela.bss.* .rela.gnu.linkonce.b.*)
                [!provide]                        PROVIDE (__rela_iplt_start = .)
 *(.rela.iplt)
                [!provide]                        PROVIDE (__rela_iplt_end = .)

.rel.plt
 *(.rel.plt)

.rela.plt
 *(.rela.plt)

.init
 *(SORT_NONE(.init))

.plt
 *(.plt)

.iplt
 *(.iplt)

.text           0x0000000005000000        0x0
                0x0000000005000000                _ftext = .
 *(.text.unlikely .text.*_unlikely .text.unlikely.*)
 *(.text.exit .text.exit.*)
 *(.text.startup .text.startup.*)
 *(.text.hot .text.hot.*)
 *(SORT_BY_NAME(.text.sorted.*))
 *(.text .stub .text.* .gnu.linkonce.t.*)
 .text          0x0000000005000000        0x0 build/us/actors/group4.o
 *(.gnu.warning)
 *(.mips16.fn.*)
 *(.mips16.call.*)

.fini
 *(SORT_NONE(.fini))
                [!provide]                        PROVIDE (__etext = .)
                [!provide]                        PROVIDE (_etext = .)
                [!provide]                        PROVIDE (etext = .)

.rodata
 *(.rodata .rodata.* .gnu.linkonce.r.*)

.rodata1
 *(.rodata1)

.sdata2
 *(.sdata2 .sdata2.* .gnu.linkonce.s2.*)

.sbss2
 *(.sbss2 .sbss2.* .gnu.linkonce.sb2.*)

.eh_frame_hdr
 *(.eh_frame_hdr)
 *(.eh_frame_entry .eh_frame_entry.*)

.eh_frame
 *(.eh_frame)
 *(.eh_frame.*)

.gcc_except_table
 *(.gcc_except_table .gcc_except_table.*)

.gnu_extab
 *(.gnu_extab*)

.exception_ranges
 *(.exception_ranges*)
                0x0000000005000000                . = DATA_SEGMENT_ALIGN (CONSTANT (MAXPAGESIZE), CONSTANT (COMMONPAGESIZE))

.eh_frame
 *(.eh_frame)
 *(.eh_frame.*)

.gnu_extab
 *(.gnu_extab)

.gcc_except_table
 *(.gcc_except_table .gcc_except_table.*)

.exception_ranges
 *(.exception_ranges*)

.tdata          0x0000000005000000        0x0
                [!provide]                        PROVIDE (__tdata_start = .)
 *(.tdata .tdata.* .gnu.linkonce.td.*)

.tbss
 *(.tbss .tbss.* .gnu.linkonce.tb.*)
 *(.tcommon)

.preinit_array  0x0000000005000000        0x0
                [!provide]                        PROVIDE (__preinit_array_start = .)
 *(.preinit_array)
                [!provide]                        PROVIDE (__preinit_array_end = .)

.init_array     0x0000000005000000        0x0
                [!provide]                        PROVIDE (__init_array_start = .)
 *(SORT_BY_INIT_PRIORITY(.init_array.*) SORT_BY_INIT_PRIORITY(.ctors.*))
 *(.init_array EXCLUDE_FILE(*crtend?.o *crtend.o *crtbegin?.o *crtbegin.o) .ctors)
                [!provide]                        PROVIDE (__init_array_end = .)

.fini_array     0x0000000005000000        0x0
                [!provide]                        PROVIDE (__fini_array_start = .)
 *(SORT_BY_INIT_PRIORITY(.fini_array.*) SORT_BY_INIT_PRIORITY(.dtors.*))
 *(.fini_array EXCLUDE_FILE(*crtend?.o *crtend.o *crtbegin?.o *crtbegin.o) .dtors)
                [!provide]                        PROVIDE (__fini_array_end = .)

.ctors
 *crtbegin.o(.ctors)
 *crtbegin?.o(.ctors)
 *(EXCLUDE_FILE(*crtend?.o *crtend.o) .ctors)
 *(SORT_BY_NAME(.ctors.*))
 *(.ctors)

.dtors
 *crtbegin.o(.dtors)
 *crtbegin?.o(.dtors)
 *(EXCLUDE_FILE(*crtend?.o *crtend.o) .dtors)
 *(SORT_BY_NAME(.dtors.*))
 *(.dtors)

.jcr
 *(.jcr)

.data.rel.ro
 *(.data.rel.ro.local* .gnu.linkonce.d.rel.ro.local.*)
 *(.data.rel.ro .data.rel.ro.* .gnu.linkonce.d.rel.ro.*)
                0x0000000005000000                . = DATA_SEGMENT_RELRO_END (., 0x0)

.data           0x0000000005000000    0x13398
                0x0000000005000000                _fdata = .
 *(.data .data.* .gnu.linkonce.d.*)
 .data          0x0000000005000000    0x13398 build/us/actors/group4.o
                0x0000000005000000                whirlpool_seg5_dl_05013CB8
                0x0000000005000070                whirlpool_seg5_dl_05013B58
                0x0000000005001458                unagi_seg5_anims_05012824
                0x0000000005005988                unagi_seg5_dl_0500E258
                0x0000000005005a40                unagi_seg5_dl_0500E200
                0x0000000005005b40                unagi_seg5_dl_0500E088
                0x0000000005005bf8                unagi_seg5_dl_0500E030
                0x0000000005005cf8                unagi_seg5_dl_0500DEB8
                0x0000000005005db0                unagi_seg5_dl_0500DE70
                0x0000000005005e78                unagi_seg5_dl_0500DD08
                0x0000000005005f50                unagi_seg5_dl_0500DBC0
                0x0000000005006010                unagi_seg5_dl_0500DB60
                0x00000000050062d8                unagi_seg5_dl_0500D828
                0x0000000005006390                unagi_seg5_dl_0500D7A0
                0x0000000005006468                unagi_seg5_dl_0500D668
                0x0000000005006520                unagi_seg5_dl_0500D5C0
                0x0000000005006628                unagi_seg5_dl_0500D468
                0x00000000050066e0                unagi_seg5_dl_0500D3C0
                0x00000000050067e8                unagi_seg5_dl_0500D268
                0x00000000050068a0                unagi_seg5_dl_0500D1C0
                0x00000000050069a8                unagi_seg5_dl_0500D050
                0x0000000005006a78                unagi_seg5_dl_0500D038
                0x0000000005006a90                unagi_seg5_dl_0500CF88
                0x0000000005006be0                unagi_seg5_dl_0500CDD0
                0x0000000005006cb8                unagi_seg5_dl_0500CD30
                0x0000000005006d20                unagi_seg5_dl_0500CCE0
                0x0000000005008b20                sushi_seg5_anims_0500AE54
                0x0000000005008f78                sushi_seg5_dl_0500A990
                0x0000000005008fe8                sushi_seg5_dl_0500A958
                0x0000000005009058                sushi_seg5_dl_0500A8A8
                0x00000000050090c8                sushi_seg5_dl_0500A860
                0x0000000005009180                sushi_seg5_dl_0500A768
                0x00000000050091f8                sushi_seg5_dl_0500A748
                0x0000000005009210                sushi_seg5_dl_0500A580
                0x00000000050096c8                sushi_seg5_dl_0500A160
                0x0000000005009738                sushi_seg5_dl_0500A0E8
                0x00000000050097f8                sushi_seg5_dl_0500A008
                0x0000000005009868                sushi_seg5_dl_05009F30
                0x00000000050099d8                sushi_seg5_dl_05009DD0
                0x0000000005009a48                sushi_seg5_dl_05009CC0
                0x000000000500a8d8                manta_seg5_anims_05008EB4
                0x000000000500a8e4                manta_seg5_geo_05008D14
                0x000000000500cbb0                manta_seg5_dl_05006C08
                0x000000000500cc18                manta_seg5_dl_05006B70
                0x000000000500cc80                manta_seg5_dl_05006B08
                0x000000000500cfd0                manta_seg5_dl_05006750
                0x000000000500d088                manta_seg5_dl_050066D0
                0x000000000500d0d0                manta_seg5_dl_050065F0
                0x000000000500d160                manta_seg5_dl_05006588
                0x000000000500d1a8                manta_seg5_dl_05006510
                0x000000000500d648                manta_seg5_dl_05006048
                0x000000000500d6c0                manta_seg5_dl_05006010
                0x000000000500d6e8                manta_seg5_dl_05005FC0
                0x000000000500d7e8                manta_seg5_dl_05005E88
                0x000000000500d860                manta_seg5_dl_05005E38
                0x000000000500d890                manta_seg5_dl_05005DD0
                0x000000000500d9d8                manta_seg5_dl_05005C38
                0x000000000500da70                manta_seg5_dl_05005BE8
                0x000000000500daa0                manta_seg5_dl_05005B68
                0x000000000500daf8                manta_seg5_dl_05005B28
                0x000000000500dcd0                manta_seg5_dl_05005918
                0x000000000500dd40                manta_seg5_dl_05005880
                0x000000000500de40                manta_seg5_dl_05005768
                0x000000000500deb8                manta_seg5_dl_05005730
                0x000000000500dee0                manta_seg5_dl_050056E0
                0x000000000500dfe0                manta_seg5_dl_050055A8
                0x000000000500e058                manta_seg5_dl_05005558
                0x000000000500e088                manta_seg5_dl_050054F0
                0x000000000500e1d0                manta_seg5_dl_05005358
                0x000000000500e268                manta_seg5_dl_05005308
                0x000000000500e298                manta_seg5_dl_05005288
                0x000000000500e2f0                manta_seg5_dl_05005248
                0x000000000500e4c8                manta_seg5_dl_05005038
                0x000000000500e538                manta_seg5_dl_05004FA0
                0x000000000500e638                manta_seg5_dl_05004E90
                0x000000000500e6a8                manta_seg5_dl_05004E60
                0x000000000500e708                manta_seg5_dl_05004DB8
                0x000000000500e780                manta_seg5_dl_05004D10
                0x000000000500e7e8                manta_seg5_dl_05004CA8
                0x000000000500e9f0                manta_seg5_dl_05004A70
                0x000000000500ea68                manta_seg5_dl_050049C8
                0x000000000500ead0                manta_seg5_dl_05004960
                0x0000000005011d08                clam_shell_seg5_anims_05001744
                0x0000000005011e88                clam_shell_seg5_dl_05001568
                0x0000000005011ef0                clam_shell_seg5_dl_050014F8
                0x0000000005011f40                clam_shell_seg5_dl_05001478
                0x00000000050120f8                clam_shell_seg5_dl_050012B8
                0x0000000005012160                clam_shell_seg5_dl_05001238
                0x00000000050121b8                clam_shell_seg5_dl_050011A8

.data1
 *(.data1)

.got.plt
 *(.got.plt)
                0x0000000005013398                . = .
                0x000000000501b390                _gp = (ALIGN (0x10) + 0x7ff0)

.got
 *(.got)

.sdata
 *(.sdata .sdata.* .gnu.linkonce.s.*)

.lit8
 *(.lit8)

.lit4
 *(.lit4)
                0x0000000005013398                _edata = .
                [!provide]                        PROVIDE (edata = .)
                0x0000000005013398                . = .
                0x0000000005013398                __bss_start = .
                0x0000000005013398                _fbss = .

.sbss
 *(.dynsbss)
 *(.sbss .sbss.* .gnu.linkonce.sb.*)
 *(.scommon)

.bss            0x0000000005013398        0x0
 *(.dynbss)
 *(.bss .bss.* .gnu.linkonce.b.*)
 .bss           0x0000000005013398        0x0 build/us/actors/group4.o
 *(COMMON)
                0x0000000005013398                . = ALIGN ((. != 0x0)?0x4:0x1)
                0x0000000005013398                . = ALIGN (0x4)
                0x0000000005013398                . = SEGMENT_START ("ldata-segment", .)
                0x0000000005013398                . = ALIGN (0x4)
                0x0000000005013398                _end = .
                [!provide]                        PROVIDE (end = .)
                0x0000000005013398                . = DATA_SEGMENT_END (.)

.stab
 *(.stab)

.stabstr
 *(.stabstr)

.stab.excl
 *(.stab.excl)

.stab.exclstr
 *(.stab.exclstr)

.stab.index
 *(.stab.index)

.stab.indexstr
 *(.stab.indexstr)

.comment        0x0000000000000000       0x12
 *(.comment)
 .comment       0x0000000000000000       0x12 build/us/actors/group4.o
                                         0x13 (size before relaxing)

.pdr            0x0000000000000000        0x0
 .pdr           0x0000000000000000        0x0 build/us/actors/group4.o

.gnu.build.attributes
 *(.gnu.build.attributes .gnu.build.attributes.*)

.debug
 *(.debug)

.line
 *(.line)

.debug_srcinfo
 *(.debug_srcinfo)

.debug_sfnames
 *(.debug_sfnames)

.debug_aranges
 *(.debug_aranges)

.debug_pubnames
 *(.debug_pubnames)

.debug_info
 *(.debug_info .gnu.linkonce.wi.*)

.debug_abbrev
 *(.debug_abbrev)

.debug_line
 *(.debug_line .debug_line.* .debug_line_end)

.debug_frame
 *(.debug_frame)

.debug_str
 *(.debug_str)

.debug_loc
 *(.debug_loc)

.debug_macinfo
 *(.debug_macinfo)

.debug_weaknames
 *(.debug_weaknames)

.debug_funcnames
 *(.debug_funcnames)

.debug_typenames
 *(.debug_typenames)

.debug_varnames
 *(.debug_varnames)

.debug_pubtypes
 *(.debug_pubtypes)

.debug_ranges
 *(.debug_ranges)

.debug_addr
 *(.debug_addr)

.debug_line_str
 *(.debug_line_str)

.debug_loclists
 *(.debug_loclists)

.debug_macro
 *(.debug_macro)

.debug_names
 *(.debug_names)

.debug_rnglists
 *(.debug_rnglists)

.debug_str_offsets
 *(.debug_str_offsets)

.debug_sup
 *(.debug_sup)

.gnu.attributes
                0x0000000000000000       0x10
 *(.gnu.attributes)
 .gnu.attributes
                0x0000000000000000       0x10 build/us/actors/group4.o

.gptab.sdata
 *(.gptab.data)
 *(.gptab.sdata)

.gptab.sbss
 *(.gptab.bss)
 *(.gptab.sbss)

.mdebug.abi32   0x0000000000000000        0x0
 *(.mdebug.abi32)
 .mdebug.abi32  0x0000000000000000        0x0 build/us/actors/group4.o

.mdebug.abiN32
 *(.mdebug.abiN32)

.mdebug.abi64
 *(.mdebug.abi64)

.mdebug.abiO64
 *(.mdebug.abiO64)

.mdebug.eabi32
 *(.mdebug.eabi32)

.mdebug.eabi64
 *(.mdebug.eabi64)

.gcc_compiled_long32
 *(.gcc_compiled_long32)

.gcc_compiled_long64
 *(.gcc_compiled_long64)

/DISCARD/
 *(.note.GNU-stack)
 *(.gnu_debuglink)
 *(.gnu.lto_*)
OUTPUT(build/us/actors/group4.elf elf32-bigmips)
