
Memory Configuration

Name             Origin             Length             Attributes
*default*        0x0000000000000000 0xffffffffffffffff

Linker script and memory map

Address of section .text set to 0x6000000
LOAD build/us/actors/group15.o
                [!provide]                        PROVIDE (__executable_start = SEGMENT_START ("text-segment", 0x400000))
                0x0000000000400000                . = SEGMENT_START ("text-segment", 0x400000)

.interp
 *(.interp)

.MIPS.abiflags  0x0000000000400000       0x18
 *(.MIPS.abiflags)
 .MIPS.abiflags
                0x0000000000400000       0x18 build/us/actors/group15.o

.reginfo        0x0000000000400018       0x18
 *(.reginfo)
 .reginfo       0x0000000000400018       0x18 build/us/actors/group15.o

.MIPS.xhash
 *(.MIPS.xhash)

.note.gnu.build-id
 *(.note.gnu.build-id)

.dynamic
 *(.dynamic)

.hash
 *(.hash)

.gnu.hash
 *(.gnu.hash)

.dynsym
 *(.dynsym)

.dynstr
 *(.dynstr)

.gnu.version
 *(.gnu.version)

.gnu.version_d
 *(.gnu.version_d)

.gnu.version_r
 *(.gnu.version_r)

.rel.dyn        0x0000000000400018        0x0
 *(.rel.init)
 *(.rel.text .rel.text.* .rel.gnu.linkonce.t.*)
 *(.rel.fini)
 *(.rel.rodata .rel.rodata.* .rel.gnu.linkonce.r.*)
 *(.rel.data.rel.ro .rel.data.rel.ro.* .rel.gnu.linkonce.d.rel.ro.*)
 *(.rel.data .rel.data.* .rel.gnu.linkonce.d.*)
 *(.rel.tdata .rel.tdata.* .rel.gnu.linkonce.td.*)
 *(.rel.tbss .rel.tbss.* .rel.gnu.linkonce.tb.*)
 *(.rel.ctors)
 *(.rel.dtors)
 *(.rel.got)
 *(.rel.dyn)
 .rel.dyn       0x0000000000400018        0x0 build/us/actors/group15.o
 *(.rel.sdata .rel.sdata.* .rel.gnu.linkonce.s.*)
 *(.rel.sbss .rel.sbss.* .rel.gnu.linkonce.sb.*)
 *(.rel.sdata2 .rel.sdata2.* .rel.gnu.linkonce.s2.*)
 *(.rel.sbss2 .rel.sbss2.* .rel.gnu.linkonce.sb2.*)
 *(.rel.bss .rel.bss.* .rel.gnu.linkonce.b.*)
                [!provide]                        PROVIDE (__rel_iplt_start = .)
 *(.rel.iplt)
                [!provide]                        PROVIDE (__rel_iplt_end = .)

.rela.dyn       0x0000000000400018        0x0
 *(.rela.init)
 *(.rela.text .rela.text.* .rela.gnu.linkonce.t.*)
 *(.rela.fini)
 *(.rela.rodata .rela.rodata.* .rela.gnu.linkonce.r.*)
 *(.rela.data .rela.data.* .rela.gnu.linkonce.d.*)
 *(.rela.tdata .rela.tdata.* .rela.gnu.linkonce.td.*)
 *(.rela.tbss .rela.tbss.* .rela.gnu.linkonce.tb.*)
 *(.rela.ctors)
 *(.rela.dtors)
 *(.rela.got)
 *(.rela.sdata .rela.sdata.* .rela.gnu.linkonce.s.*)
 *(.rela.sbss .rela.sbss.* .rela.gnu.linkonce.sb.*)
 *(.rela.sdata2 .rela.sdata2.* .rela.gnu.linkonce.s2.*)
 *(.rela.sbss2 .rela.sbss2.* .rela.gnu.linkonce.sb2.*)
 *(.rela.bss .rela.bss.* .rela.gnu.linkonce.b.*)
                [!provide]                        PROVIDE (__rela_iplt_start = .)
 *(.rela.iplt)
                [!provide]                        PROVIDE (__rela_iplt_end = .)

.rel.plt
 *(.rel.plt)

.rela.plt
 *(.rela.plt)

.init
 *(SORT_NONE(.init))

.plt
 *(.plt)

.iplt
 *(.iplt)

.text           0x0000000006000000        0x0
                0x0000000006000000                _ftext = .
 *(.text.unlikely .text.*_unlikely .text.unlikely.*)
 *(.text.exit .text.exit.*)
 *(.text.startup .text.startup.*)
 *(.text.hot .text.hot.*)
 *(SORT_BY_NAME(.text.sorted.*))
 *(.text .stub .text.* .gnu.linkonce.t.*)
 .text          0x0000000006000000        0x0 build/us/actors/group15.o
 *(.gnu.warning)
 *(.mips16.fn.*)
 *(.mips16.call.*)

.fini
 *(SORT_NONE(.fini))
                [!provide]                        PROVIDE (__etext = .)
                [!provide]                        PROVIDE (_etext = .)
                [!provide]                        PROVIDE (etext = .)

.rodata
 *(.rodata .rodata.* .gnu.linkonce.r.*)

.rodata1
 *(.rodata1)

.sdata2
 *(.sdata2 .sdata2.* .gnu.linkonce.s2.*)

.sbss2
 *(.sbss2 .sbss2.* .gnu.linkonce.sb2.*)

.eh_frame_hdr
 *(.eh_frame_hdr)
 *(.eh_frame_entry .eh_frame_entry.*)

.eh_frame
 *(.eh_frame)
 *(.eh_frame.*)

.gcc_except_table
 *(.gcc_except_table .gcc_except_table.*)

.gnu_extab
 *(.gnu_extab*)

.exception_ranges
 *(.exception_ranges*)
                0x0000000006000000                . = DATA_SEGMENT_ALIGN (CONSTANT (MAXPAGESIZE), CONSTANT (COMMONPAGESIZE))

.eh_frame
 *(.eh_frame)
 *(.eh_frame.*)

.gnu_extab
 *(.gnu_extab)

.gcc_except_table
 *(.gcc_except_table .gcc_except_table.*)

.exception_ranges
 *(.exception_ranges*)

.tdata          0x0000000006000000        0x0
                [!provide]                        PROVIDE (__tdata_start = .)
 *(.tdata .tdata.* .gnu.linkonce.td.*)

.tbss
 *(.tbss .tbss.* .gnu.linkonce.tb.*)
 *(.tcommon)

.preinit_array  0x0000000006000000        0x0
                [!provide]                        PROVIDE (__preinit_array_start = .)
 *(.preinit_array)
                [!provide]                        PROVIDE (__preinit_array_end = .)

.init_array     0x0000000006000000        0x0
                [!provide]                        PROVIDE (__init_array_start = .)
 *(SORT_BY_INIT_PRIORITY(.init_array.*) SORT_BY_INIT_PRIORITY(.ctors.*))
 *(.init_array EXCLUDE_FILE(*crtend?.o *crtend.o *crtbegin?.o *crtbegin.o) .ctors)
                [!provide]                        PROVIDE (__init_array_end = .)

.fini_array     0x0000000006000000        0x0
                [!provide]                        PROVIDE (__fini_array_start = .)
 *(SORT_BY_INIT_PRIORITY(.fini_array.*) SORT_BY_INIT_PRIORITY(.dtors.*))
 *(.fini_array EXCLUDE_FILE(*crtend?.o *crtend.o *crtbegin?.o *crtbegin.o) .dtors)
                [!provide]                        PROVIDE (__fini_array_end = .)

.ctors
 *crtbegin.o(.ctors)
 *crtbegin?.o(.ctors)
 *(EXCLUDE_FILE(*crtend?.o *crtend.o) .ctors)
 *(SORT_BY_NAME(.ctors.*))
 *(.ctors)

.dtors
 *crtbegin.o(.dtors)
 *crtbegin?.o(.dtors)
 *(EXCLUDE_FILE(*crtend?.o *crtend.o) .dtors)
 *(SORT_BY_NAME(.dtors.*))
 *(.dtors)

.jcr
 *(.jcr)

.data.rel.ro
 *(.data.rel.ro.local* .gnu.linkonce.d.rel.ro.local.*)
 *(.data.rel.ro .data.rel.ro.* .gnu.linkonce.d.rel.ro.*)
                0x0000000006000000                . = DATA_SEGMENT_RELRO_END (., 0x0)

.data           0x0000000006000000    0x19ba0
                0x0000000006000000                _fdata = .
 *(.data .data.* .gnu.linkonce.d.*)
 .data          0x0000000006000000    0x19ba0 build/us/actors/group15.o
                0x0000000006000000                boo_castle_seg6_dl_06017CE0
                0x00000000060000a0                boo_castle_seg6_dl_06017AD0
                0x0000000006000200                boo_castle_seg6_dl_06017A78
                0x0000000006000248                boo_castle_seg6_dl_06017A10
                0x0000000006002658                mips_seg6_anims_06015634
                0x0000000006008c28                mips_material_revert_render_settings
                0x0000000006008c68                mips_000_offset_013_skinned
                0x0000000006008c80                mips_000_offset_013_mesh
                0x0000000006008ca8                mips_000_offset_012_skinned
                0x0000000006008cc0                mips_000_offset_012_mesh
                0x0000000006008ce8                mips_000_offset_010_skinned
                0x0000000006008d00                mips_000_offset_010_mesh
                0x0000000006008d28                mips_000_offset_009_skinned
                0x0000000006008d40                mips_000_offset_009_mesh
                0x0000000006008d68                mips_000_offset_007_skinned
                0x0000000006008d80                mips_000_offset_007_mesh
                0x0000000006008da8                mips_000_offset_006_mesh
                0x0000000006008dc0                mips_000_offset_005_skinned
                0x0000000006008dd8                mips_000_offset_005_mesh
                0x0000000006008e00                mips_000_offset_004_mesh
                0x0000000006008e18                mips_000_offset_002_mesh
                0x0000000006008e48                mips_000_offset_001_mesh
                0x0000000006008e60                mat_revert_mips_sm64_material_006
                0x0000000006008e78                mat_mips_sm64_material_006
                0x0000000006008f28                mat_mips_sm64_material_005
                0x0000000006008fa0                mips_000_offset_013_skinned_tri_0
                0x0000000006008fb0                mips_000_offset_013_skinned_vtx_0
                0x0000000006008ff0                mips_000_offset_013_mesh_tri_1
                0x0000000006009020                mips_000_offset_013_mesh_vtx_1
                0x0000000006009090                mips_000_offset_013_mesh_tri_0
                0x00000000060090c0                mips_000_offset_013_mesh_vtx_0
                0x0000000006009100                mips_000_offset_012_skinned_tri_0
                0x0000000006009110                mips_000_offset_012_skinned_vtx_0
                0x0000000006009140                mips_000_offset_012_mesh_tri_1
                0x0000000006009160                mips_000_offset_012_mesh_vtx_1
                0x00000000060091b0                mips_000_offset_012_mesh_tri_0
                0x00000000060091d8                mips_000_offset_012_mesh_vtx_0
                0x0000000006009208                mips_000_offset_010_skinned_tri_0
                0x0000000006009218                mips_000_offset_010_skinned_vtx_0
                0x0000000006009278                mips_000_offset_010_mesh_tri_1
                0x00000000060092a8                mips_000_offset_010_mesh_vtx_1
                0x0000000006009318                mips_000_offset_010_mesh_tri_0
                0x0000000006009348                mips_000_offset_010_mesh_vtx_0
                0x00000000060093a8                mips_000_offset_009_skinned_tri_0
                0x00000000060093b8                mips_000_offset_009_skinned_vtx_0
                0x00000000060093e8                mips_000_offset_009_mesh_tri_1
                0x0000000006009408                mips_000_offset_009_mesh_vtx_1
                0x0000000006009458                mips_000_offset_009_mesh_tri_0
                0x0000000006009480                mips_000_offset_009_mesh_vtx_0
                0x00000000060094b0                mips_000_offset_007_skinned_tri_0
                0x00000000060094c0                mips_000_offset_007_skinned_vtx_0
                0x00000000060094f0                mips_000_offset_007_mesh_tri_1
                0x0000000006009510                mips_000_offset_007_mesh_vtx_1
                0x0000000006009550                mips_000_offset_007_mesh_tri_0
                0x0000000006009578                mips_000_offset_007_mesh_vtx_0
                0x00000000060095a8                mips_000_offset_006_mesh_tri_0
                0x00000000060095d8                mips_000_offset_006_mesh_vtx_0
                0x0000000006009638                mips_000_offset_005_skinned_tri_0
                0x0000000006009648                mips_000_offset_005_skinned_vtx_0
                0x0000000006009678                mips_000_offset_005_mesh_tri_1
                0x0000000006009698                mips_000_offset_005_mesh_vtx_1
                0x00000000060096d8                mips_000_offset_005_mesh_tri_0
                0x0000000006009700                mips_000_offset_005_mesh_vtx_0
                0x0000000006009730                mips_000_offset_004_mesh_tri_0
                0x0000000006009760                mips_000_offset_004_mesh_vtx_0
                0x00000000060097c0                mips_000_offset_002_mesh_tri_1
                0x00000000060097d8                mips_000_offset_002_mesh_vtx_1
                0x0000000006009818                mips_000_offset_002_mesh_tri_0
                0x00000000060098c0                mips_000_offset_002_mesh_vtx_0
                0x0000000006009b90                mips_000_offset_001_mesh_tri_0
                0x0000000006009c50                mips_000_offset_001_mesh_vtx_0
                0x0000000006009dd0                mips_rabbittooth_ci8_pal_rgba16
                0x0000000006009e30                mips_rabbittooth_ci8_pal_rgba16_aligner
                0x0000000006009e38                mips_rabbittooth_ci8
                0x0000000006009f38                mips_rabbittooth_ci8_aligner
                0x0000000006009f40                mips__0600FC70_rgba16
                0x000000000600af40                mips__0600FC70_rgba16_aligner
                0x000000000600af48                mips_sm64_material_006_lights
                0x000000000600af60                mips_sm64_material_005_lights
                0x000000000600af78                toad_seg6_anims_0600FB58
                0x0000000006011ef0                toad_seg6_dl_06008BD8
                0x0000000006011f18                toad_seg6_dl_06008A90
                0x00000000060121a8                toad_seg6_dl_06008890
                0x00000000060121d0                toad_seg6_dl_06008748
                0x0000000006012478                toad_seg6_us_dl_06008608
                0x00000000060124c0                toad_seg6_dl_06008520
                0x0000000006012500                toad_seg6_dl_060083E8
                0x0000000006012778                toad_seg6_dl_060081F8
                0x00000000060127a0                toad_seg6_dl_060080C0
                0x0000000006012a38                toad_seg6_dl_06007EB0
                0x0000000006012a60                toad_seg6_dl_06007D10
                0x0000000006012de8                toad_seg6_us_dl_06007B00
                0x0000000006012e10                toad_seg6_dl_06007A48
                0x0000000006012e48                toad_seg6_dl_06007960
                0x00000000060130a8                toad_seg6_us_dl_06007788
                0x0000000006013128                toad_seg6_dl_06007710
                0x00000000060131a0                toad_seg6_dl_060076C0
                0x00000000060131d0                toad_seg6_dl_06007498
                0x0000000006013318                toad_seg6_dl_06007300
                0x0000000006014e08                lakitu_seg6_anims_060058F8
                0x00000000060150d0                lakitu_seg6_dl_06005610
                0x00000000060150f8                lakitu_seg6_dl_060055E8
                0x0000000006015120                lakitu_seg6_dl_06005598
                0x00000000060152b8                lakitu_seg6_dl_06005360
                0x0000000006015330                lakitu_seg6_dl_06005218
                0x0000000006015410                lakitu_seg6_dl_060051D0
                0x0000000006015970                lakitu_seg6_dl_06004C88
                0x0000000006015998                lakitu_seg6_dl_06004C60
                0x00000000060159c0                lakitu_seg6_dl_06004C30
                0x00000000060159f0                lakitu_seg6_dl_06004BE8
                0x0000000006015a38                lakitu_seg6_dl_06004BA8
                0x0000000006015b40                lakitu_seg6_dl_060049E0
                0x0000000006015cd0                lakitu_seg6_dl_060047E8
                0x0000000006015e60                lakitu_seg6_dl_06004680
                0x0000000006015ec0                lakitu_seg6_dl_06004410
                0x00000000060165b0                lakitu_seg6_dl_06003E30
                0x0000000006016618                lakitu_seg6_dl_06003DB0
                0x0000000006016668                lakitu_seg6_dl_06003C80

.data1
 *(.data1)

.got.plt
 *(.got.plt)
                0x0000000006019ba0                . = .
                0x0000000006021b90                _gp = (ALIGN (0x10) + 0x7ff0)

.got
 *(.got)

.sdata
 *(.sdata .sdata.* .gnu.linkonce.s.*)

.lit8
 *(.lit8)

.lit4
 *(.lit4)
                0x0000000006019ba0                _edata = .
                [!provide]                        PROVIDE (edata = .)
                0x0000000006019ba0                . = .
                0x0000000006019ba0                __bss_start = .
                0x0000000006019ba0                _fbss = .

.sbss
 *(.dynsbss)
 *(.sbss .sbss.* .gnu.linkonce.sb.*)
 *(.scommon)

.bss            0x0000000006019ba0        0x0
 *(.dynbss)
 *(.bss .bss.* .gnu.linkonce.b.*)
 .bss           0x0000000006019ba0        0x0 build/us/actors/group15.o
 *(COMMON)
                0x0000000006019ba0                . = ALIGN ((. != 0x0)?0x4:0x1)
                0x0000000006019ba0                . = ALIGN (0x4)
                0x0000000006019ba0                . = SEGMENT_START ("ldata-segment", .)
                0x0000000006019ba0                . = ALIGN (0x4)
                0x0000000006019ba0                _end = .
                [!provide]                        PROVIDE (end = .)
                0x0000000006019ba0                . = DATA_SEGMENT_END (.)

.stab
 *(.stab)

.stabstr
 *(.stabstr)

.stab.excl
 *(.stab.excl)

.stab.exclstr
 *(.stab.exclstr)

.stab.index
 *(.stab.index)

.stab.indexstr
 *(.stab.indexstr)

.comment        0x0000000000000000       0x12
 *(.comment)
 .comment       0x0000000000000000       0x12 build/us/actors/group15.o
                                         0x13 (size before relaxing)

.pdr            0x0000000000000000        0x0
 .pdr           0x0000000000000000        0x0 build/us/actors/group15.o

.gnu.build.attributes
 *(.gnu.build.attributes .gnu.build.attributes.*)

.debug
 *(.debug)

.line
 *(.line)

.debug_srcinfo
 *(.debug_srcinfo)

.debug_sfnames
 *(.debug_sfnames)

.debug_aranges
 *(.debug_aranges)

.debug_pubnames
 *(.debug_pubnames)

.debug_info
 *(.debug_info .gnu.linkonce.wi.*)

.debug_abbrev
 *(.debug_abbrev)

.debug_line
 *(.debug_line .debug_line.* .debug_line_end)

.debug_frame
 *(.debug_frame)

.debug_str
 *(.debug_str)

.debug_loc
 *(.debug_loc)

.debug_macinfo
 *(.debug_macinfo)

.debug_weaknames
 *(.debug_weaknames)

.debug_funcnames
 *(.debug_funcnames)

.debug_typenames
 *(.debug_typenames)

.debug_varnames
 *(.debug_varnames)

.debug_pubtypes
 *(.debug_pubtypes)

.debug_ranges
 *(.debug_ranges)

.debug_addr
 *(.debug_addr)

.debug_line_str
 *(.debug_line_str)

.debug_loclists
 *(.debug_loclists)

.debug_macro
 *(.debug_macro)

.debug_names
 *(.debug_names)

.debug_rnglists
 *(.debug_rnglists)

.debug_str_offsets
 *(.debug_str_offsets)

.debug_sup
 *(.debug_sup)

.gnu.attributes
                0x0000000000000000       0x10
 *(.gnu.attributes)
 .gnu.attributes
                0x0000000000000000       0x10 build/us/actors/group15.o

.gptab.sdata
 *(.gptab.data)
 *(.gptab.sdata)

.gptab.sbss
 *(.gptab.bss)
 *(.gptab.sbss)

.mdebug.abi32   0x0000000000000000        0x0
 *(.mdebug.abi32)
 .mdebug.abi32  0x0000000000000000        0x0 build/us/actors/group15.o

.mdebug.abiN32
 *(.mdebug.abiN32)

.mdebug.abi64
 *(.mdebug.abi64)

.mdebug.abiO64
 *(.mdebug.abiO64)

.mdebug.eabi32
 *(.mdebug.eabi32)

.mdebug.eabi64
 *(.mdebug.eabi64)

.gcc_compiled_long32
 *(.gcc_compiled_long32)

.gcc_compiled_long64
 *(.gcc_compiled_long64)

/DISCARD/
 *(.note.GNU-stack)
 *(.gnu_debuglink)
 *(.gnu.lto_*)
OUTPUT(build/us/actors/group15.elf elf32-bigmips)
