
Memory Configuration

Name             Origin             Length             Attributes
*default*        0x0000000000000000 0xffffffffffffffff

Linker script and memory map

Address of section .text set to 0x6000000
LOAD build/us/actors/group14.o
                [!provide]                        PROVIDE (__executable_start = SEGMENT_START ("text-segment", 0x400000))
                0x0000000000400000                . = SEGMENT_START ("text-segment", 0x400000)

.interp
 *(.interp)

.MIPS.abiflags  0x0000000000400000       0x18
 *(.MIPS.abiflags)
 .MIPS.abiflags
                0x0000000000400000       0x18 build/us/actors/group14.o

.reginfo        0x0000000000400018       0x18
 *(.reginfo)
 .reginfo       0x0000000000400018       0x18 build/us/actors/group14.o

.MIPS.xhash
 *(.MIPS.xhash)

.note.gnu.build-id
 *(.note.gnu.build-id)

.dynamic
 *(.dynamic)

.hash
 *(.hash)

.gnu.hash
 *(.gnu.hash)

.dynsym
 *(.dynsym)

.dynstr
 *(.dynstr)

.gnu.version
 *(.gnu.version)

.gnu.version_d
 *(.gnu.version_d)

.gnu.version_r
 *(.gnu.version_r)

.rel.dyn        0x0000000000400018        0x0
 *(.rel.init)
 *(.rel.text .rel.text.* .rel.gnu.linkonce.t.*)
 *(.rel.fini)
 *(.rel.rodata .rel.rodata.* .rel.gnu.linkonce.r.*)
 *(.rel.data.rel.ro .rel.data.rel.ro.* .rel.gnu.linkonce.d.rel.ro.*)
 *(.rel.data .rel.data.* .rel.gnu.linkonce.d.*)
 *(.rel.tdata .rel.tdata.* .rel.gnu.linkonce.td.*)
 *(.rel.tbss .rel.tbss.* .rel.gnu.linkonce.tb.*)
 *(.rel.ctors)
 *(.rel.dtors)
 *(.rel.got)
 *(.rel.dyn)
 .rel.dyn       0x0000000000400018        0x0 build/us/actors/group14.o
 *(.rel.sdata .rel.sdata.* .rel.gnu.linkonce.s.*)
 *(.rel.sbss .rel.sbss.* .rel.gnu.linkonce.sb.*)
 *(.rel.sdata2 .rel.sdata2.* .rel.gnu.linkonce.s2.*)
 *(.rel.sbss2 .rel.sbss2.* .rel.gnu.linkonce.sb2.*)
 *(.rel.bss .rel.bss.* .rel.gnu.linkonce.b.*)
                [!provide]                        PROVIDE (__rel_iplt_start = .)
 *(.rel.iplt)
                [!provide]                        PROVIDE (__rel_iplt_end = .)

.rela.dyn       0x0000000000400018        0x0
 *(.rela.init)
 *(.rela.text .rela.text.* .rela.gnu.linkonce.t.*)
 *(.rela.fini)
 *(.rela.rodata .rela.rodata.* .rela.gnu.linkonce.r.*)
 *(.rela.data .rela.data.* .rela.gnu.linkonce.d.*)
 *(.rela.tdata .rela.tdata.* .rela.gnu.linkonce.td.*)
 *(.rela.tbss .rela.tbss.* .rela.gnu.linkonce.tb.*)
 *(.rela.ctors)
 *(.rela.dtors)
 *(.rela.got)
 *(.rela.sdata .rela.sdata.* .rela.gnu.linkonce.s.*)
 *(.rela.sbss .rela.sbss.* .rela.gnu.linkonce.sb.*)
 *(.rela.sdata2 .rela.sdata2.* .rela.gnu.linkonce.s2.*)
 *(.rela.sbss2 .rela.sbss2.* .rela.gnu.linkonce.sb2.*)
 *(.rela.bss .rela.bss.* .rela.gnu.linkonce.b.*)
                [!provide]                        PROVIDE (__rela_iplt_start = .)
 *(.rela.iplt)
                [!provide]                        PROVIDE (__rela_iplt_end = .)

.rel.plt
 *(.rel.plt)

.rela.plt
 *(.rela.plt)

.init
 *(SORT_NONE(.init))

.plt
 *(.plt)

.iplt
 *(.iplt)

.text           0x0000000006000000        0x0
                0x0000000006000000                _ftext = .
 *(.text.unlikely .text.*_unlikely .text.unlikely.*)
 *(.text.exit .text.exit.*)
 *(.text.startup .text.startup.*)
 *(.text.hot .text.hot.*)
 *(SORT_BY_NAME(.text.sorted.*))
 *(.text .stub .text.* .gnu.linkonce.t.*)
 .text          0x0000000006000000        0x0 build/us/actors/group14.o
 *(.gnu.warning)
 *(.mips16.fn.*)
 *(.mips16.call.*)

.fini
 *(SORT_NONE(.fini))
                [!provide]                        PROVIDE (__etext = .)
                [!provide]                        PROVIDE (_etext = .)
                [!provide]                        PROVIDE (etext = .)

.rodata
 *(.rodata .rodata.* .gnu.linkonce.r.*)

.rodata1
 *(.rodata1)

.sdata2
 *(.sdata2 .sdata2.* .gnu.linkonce.s2.*)

.sbss2
 *(.sbss2 .sbss2.* .gnu.linkonce.sb2.*)

.eh_frame_hdr
 *(.eh_frame_hdr)
 *(.eh_frame_entry .eh_frame_entry.*)

.eh_frame
 *(.eh_frame)
 *(.eh_frame.*)

.gcc_except_table
 *(.gcc_except_table .gcc_except_table.*)

.gnu_extab
 *(.gnu_extab*)

.exception_ranges
 *(.exception_ranges*)
                0x0000000006000000                . = DATA_SEGMENT_ALIGN (CONSTANT (MAXPAGESIZE), CONSTANT (COMMONPAGESIZE))

.eh_frame
 *(.eh_frame)
 *(.eh_frame.*)

.gnu_extab
 *(.gnu_extab)

.gcc_except_table
 *(.gcc_except_table .gcc_except_table.*)

.exception_ranges
 *(.exception_ranges*)

.tdata          0x0000000006000000        0x0
                [!provide]                        PROVIDE (__tdata_start = .)
 *(.tdata .tdata.* .gnu.linkonce.td.*)

.tbss
 *(.tbss .tbss.* .gnu.linkonce.tb.*)
 *(.tcommon)

.preinit_array  0x0000000006000000        0x0
                [!provide]                        PROVIDE (__preinit_array_start = .)
 *(.preinit_array)
                [!provide]                        PROVIDE (__preinit_array_end = .)

.init_array     0x0000000006000000        0x0
                [!provide]                        PROVIDE (__init_array_start = .)
 *(SORT_BY_INIT_PRIORITY(.init_array.*) SORT_BY_INIT_PRIORITY(.ctors.*))
 *(.init_array EXCLUDE_FILE(*crtend?.o *crtend.o *crtbegin?.o *crtbegin.o) .ctors)
                [!provide]                        PROVIDE (__init_array_end = .)

.fini_array     0x0000000006000000        0x0
                [!provide]                        PROVIDE (__fini_array_start = .)
 *(SORT_BY_INIT_PRIORITY(.fini_array.*) SORT_BY_INIT_PRIORITY(.dtors.*))
 *(.fini_array EXCLUDE_FILE(*crtend?.o *crtend.o *crtbegin?.o *crtbegin.o) .dtors)
                [!provide]                        PROVIDE (__fini_array_end = .)

.ctors
 *crtbegin.o(.ctors)
 *crtbegin?.o(.ctors)
 *(EXCLUDE_FILE(*crtend?.o *crtend.o) .ctors)
 *(SORT_BY_NAME(.ctors.*))
 *(.ctors)

.dtors
 *crtbegin.o(.dtors)
 *crtbegin?.o(.dtors)
 *(EXCLUDE_FILE(*crtend?.o *crtend.o) .dtors)
 *(SORT_BY_NAME(.dtors.*))
 *(.dtors)

.jcr
 *(.jcr)

.data.rel.ro
 *(.data.rel.ro.local* .gnu.linkonce.d.rel.ro.local.*)
 *(.data.rel.ro .data.rel.ro.* .gnu.linkonce.d.rel.ro.*)
                0x0000000006000000                . = DATA_SEGMENT_RELRO_END (., 0x0)

.data           0x0000000006000000    0x1fcc0
                0x0000000006000000                _fdata = .
 *(.data .data.* .gnu.linkonce.d.*)
 .data          0x0000000006000000    0x1fcc0 build/us/actors/group14.o
                0x0000000006000000                whomp_seg6_collision_06020A0C
                0x000000000600008c                whomp_seg6_anims_06020A04
                0x0000000006000a00                whomp_seg6_dl_06020038
                0x0000000006000a60                whomp_seg6_dl_0601FFA0
                0x0000000006000b60                whomp_seg6_dl_0601FEA8
                0x0000000006000bc0                whomp_seg6_dl_0601FE10
                0x0000000006000d20                whomp_seg6_dl_0601FCA8
                0x0000000006000d90                whomp_seg6_dl_0601FC70
                0x0000000006000e00                whomp_seg6_dl_0601FBC0
                0x0000000006000e70                whomp_seg6_dl_0601FB88
                0x0000000006000ee0                whomp_seg6_dl_0601FAE8
                0x0000000006000f40                whomp_seg6_dl_0601FA58
                0x0000000006001128                whomp_seg6_dl_0601F880
                0x0000000006001188                whomp_seg6_dl_0601F7F0
                0x0000000006001370                whomp_seg6_dl_0601F5E0
                0x0000000006001408                whomp_seg6_dl_0601F5A8
                0x0000000006001438                whomp_seg6_dl_0601F570
                0x0000000006001468                whomp_seg6_dl_0601F4F8
                0x0000000006004658                piranha_plant_seg6_anims_0601C31C
                0x0000000006009a20                piranha_plant_seg6_dl_06016F20
                0x0000000006009a80                piranha_plant_seg6_dl_06016EB8
                0x0000000006009b90                piranha_plant_seg6_dl_06016D98
                0x0000000006009bf0                piranha_plant_seg6_dl_06016D30
                0x0000000006009d00                piranha_plant_seg6_dl_06016C10
                0x0000000006009d60                piranha_plant_seg6_dl_06016BA8
                0x0000000006009e70                piranha_plant_seg6_dl_06016A78
                0x0000000006009ee0                piranha_plant_seg6_dl_060169E8
                0x0000000006009f70                piranha_plant_seg6_dl_060169A8
                0x0000000006009fa0                piranha_plant_seg6_dl_06016960
                0x0000000006009fd8                piranha_plant_seg6_dl_06016890
                0x000000000600a060                piranha_plant_seg6_dl_060167B8
                0x000000000600a0f8                piranha_plant_seg6_dl_06016750
                0x000000000600a708                piranha_plant_seg6_dl_06016120
                0x000000000600a778                piranha_plant_seg6_dl_060160B0
                0x000000000600a7e8                piranha_plant_seg6_dl_06016060
                0x000000000600a820                piranha_plant_seg6_dl_06015F68
                0x000000000600a8c0                piranha_plant_seg6_dl_06015EA8
                0x000000000600a948                piranha_plant_seg6_dl_06015E40
                0x000000000600af28                piranha_plant_seg6_dl_06015850
                0x000000000600af88                piranha_plant_seg6_dl_06015798
                0x000000000600b1b8                piranha_plant_seg6_dl_06015578
                0x000000000600b228                piranha_plant_seg6_dl_06015530
                0x000000000600b2a8                piranha_plant_seg6_dl_06015480
                0x000000000600b318                piranha_plant_seg6_dl_06015438
                0x000000000600f3e0                koopa_seg6_anims_06011364
                0x00000000060140e8                koopa_seg6_dl_0600C498
                0x0000000006014220                koopa_seg6_dl_0600C240
                0x0000000006014390                koopa_seg6_dl_0600BE80
                0x00000000060145d0                koopa_seg6_dl_0600BE10
                0x0000000006014618                koopa_seg6_dl_0600BC88
                0x0000000006014710                koopa_seg6_dl_0600BC18
                0x0000000006014758                koopa_seg6_dl_0600BA90
                0x0000000006014850                koopa_seg6_dl_0600BA10
                0x00000000060148a0                koopa_seg6_dl_0600B8B8
                0x0000000006014970                koopa_seg6_dl_0600B838
                0x00000000060149c0                koopa_seg6_dl_0600B6E0
                0x00000000060175a8                koopa_seg6_dl_06008B50
                0x0000000006017618                koopa_seg6_dl_06008AC0
                0x0000000006017670                koopa_seg6_dl_06008A68
                0x00000000060176b0                koopa_seg6_dl_060089B0
                0x0000000006017998                koopa_seg6_dl_060086D0
                0x0000000006017a08                koopa_seg6_dl_06008640
                0x0000000006017a60                koopa_seg6_dl_060085E8
                0x0000000006017aa0                koopa_seg6_dl_06008530
                0x0000000006017d88                koopa_seg6_dl_06008250
                0x0000000006017df8                koopa_seg6_dl_060080F8
                0x0000000006017ed0                koopa_seg6_dl_06008050
                0x0000000006017f38                koopa_seg6_dl_06007FB8
                0x0000000006018410                koopa_seg6_dl_06007B20
                0x0000000006018438                koopa_seg6_dl_06007AF8
                0x0000000006018460                koopa_seg6_dl_06007AA0
                0x00000000060184b8                koopa_seg6_dl_06007A60
                0x00000000060184f8                koopa_seg6_dl_06007970
                0x0000000006018598                koopa_seg6_dl_06007850
                0x0000000006018650                koopa_seg6_dl_060076B0
                0x0000000006018748                koopa_seg6_dl_06007658
                0x000000000601d828                poundable_pole_collision_06002490
                0x000000000601d920                poundable_pole_seg6_dl_06002410
                0x000000000601d9a0                poundable_pole_seg6_dl_06002358
                0x000000000601da20                poundable_pole_seg6_dl_060022F0
                0x000000000601ed28                koopa_flag_seg6_anims_06001028
                0x000000000601eee0                koopa_flag_seg6_dl_06000E38
                0x000000000601ef20                koopa_flag_seg6_dl_06000E20
                0x000000000601ef68                koopa_flag_seg6_dl_06000DB0
                0x000000000601efa8                koopa_flag_seg6_dl_06000D90
                0x000000000601f000                koopa_flag_seg6_dl_06000CE0
                0x000000000601f070                koopa_flag_seg6_dl_06000CA8
                0x000000000601f0e0                koopa_flag_seg6_dl_06000BF8
                0x000000000601f150                koopa_flag_seg6_dl_06000BC0
                0x000000000601f1c0                koopa_flag_seg6_dl_06000B08
                0x000000000601f238                koopa_flag_seg6_dl_06000AE8
                0x000000000601f250                koopa_flag_seg6_dl_06000AB8
                0x000000000601f300                koopa_flag_seg6_dl_06000A08
                0x000000000601f330                koopa_flag_seg6_dl_06000968

.data1
 *(.data1)

.got.plt
 *(.got.plt)
                0x000000000601fcc0                . = .
                0x0000000006027cb0                _gp = (ALIGN (0x10) + 0x7ff0)

.got
 *(.got)

.sdata
 *(.sdata .sdata.* .gnu.linkonce.s.*)

.lit8
 *(.lit8)

.lit4
 *(.lit4)
                0x000000000601fcc0                _edata = .
                [!provide]                        PROVIDE (edata = .)
                0x000000000601fcc0                . = .
                0x000000000601fcc0                __bss_start = .
                0x000000000601fcc0                _fbss = .

.sbss
 *(.dynsbss)
 *(.sbss .sbss.* .gnu.linkonce.sb.*)
 *(.scommon)

.bss            0x000000000601fcc0        0x0
 *(.dynbss)
 *(.bss .bss.* .gnu.linkonce.b.*)
 .bss           0x000000000601fcc0        0x0 build/us/actors/group14.o
 *(COMMON)
                0x000000000601fcc0                . = ALIGN ((. != 0x0)?0x4:0x1)
                0x000000000601fcc0                . = ALIGN (0x4)
                0x000000000601fcc0                . = SEGMENT_START ("ldata-segment", .)
                0x000000000601fcc0                . = ALIGN (0x4)
                0x000000000601fcc0                _end = .
                [!provide]                        PROVIDE (end = .)
                0x000000000601fcc0                . = DATA_SEGMENT_END (.)

.stab
 *(.stab)

.stabstr
 *(.stabstr)

.stab.excl
 *(.stab.excl)

.stab.exclstr
 *(.stab.exclstr)

.stab.index
 *(.stab.index)

.stab.indexstr
 *(.stab.indexstr)

.comment        0x0000000000000000       0x12
 *(.comment)
 .comment       0x0000000000000000       0x12 build/us/actors/group14.o
                                         0x13 (size before relaxing)

.pdr            0x0000000000000000        0x0
 .pdr           0x0000000000000000        0x0 build/us/actors/group14.o

.gnu.build.attributes
 *(.gnu.build.attributes .gnu.build.attributes.*)

.debug
 *(.debug)

.line
 *(.line)

.debug_srcinfo
 *(.debug_srcinfo)

.debug_sfnames
 *(.debug_sfnames)

.debug_aranges
 *(.debug_aranges)

.debug_pubnames
 *(.debug_pubnames)

.debug_info
 *(.debug_info .gnu.linkonce.wi.*)

.debug_abbrev
 *(.debug_abbrev)

.debug_line
 *(.debug_line .debug_line.* .debug_line_end)

.debug_frame
 *(.debug_frame)

.debug_str
 *(.debug_str)

.debug_loc
 *(.debug_loc)

.debug_macinfo
 *(.debug_macinfo)

.debug_weaknames
 *(.debug_weaknames)

.debug_funcnames
 *(.debug_funcnames)

.debug_typenames
 *(.debug_typenames)

.debug_varnames
 *(.debug_varnames)

.debug_pubtypes
 *(.debug_pubtypes)

.debug_ranges
 *(.debug_ranges)

.debug_addr
 *(.debug_addr)

.debug_line_str
 *(.debug_line_str)

.debug_loclists
 *(.debug_loclists)

.debug_macro
 *(.debug_macro)

.debug_names
 *(.debug_names)

.debug_rnglists
 *(.debug_rnglists)

.debug_str_offsets
 *(.debug_str_offsets)

.debug_sup
 *(.debug_sup)

.gnu.attributes
                0x0000000000000000       0x10
 *(.gnu.attributes)
 .gnu.attributes
                0x0000000000000000       0x10 build/us/actors/group14.o

.gptab.sdata
 *(.gptab.data)
 *(.gptab.sdata)

.gptab.sbss
 *(.gptab.bss)
 *(.gptab.sbss)

.mdebug.abi32   0x0000000000000000        0x0
 *(.mdebug.abi32)
 .mdebug.abi32  0x0000000000000000        0x0 build/us/actors/group14.o

.mdebug.abiN32
 *(.mdebug.abiN32)

.mdebug.abi64
 *(.mdebug.abi64)

.mdebug.abiO64
 *(.mdebug.abiO64)

.mdebug.eabi32
 *(.mdebug.eabi32)

.mdebug.eabi64
 *(.mdebug.eabi64)

.gcc_compiled_long32
 *(.gcc_compiled_long32)

.gcc_compiled_long64
 *(.gcc_compiled_long64)

/DISCARD/
 *(.note.GNU-stack)
 *(.gnu_debuglink)
 *(.gnu.lto_*)
OUTPUT(build/us/actors/group14.elf elf32-bigmips)
