
Memory Configuration

Name             Origin             Length             Attributes
*default*        0x0000000000000000 0xffffffffffffffff

Linker script and memory map

Address of section .text set to 0x5000000
LOAD build/us/actors/group11.o
                [!provide]                        PROVIDE (__executable_start = SEGMENT_START ("text-segment", 0x400000))
                0x0000000000400000                . = SEGMENT_START ("text-segment", 0x400000)

.interp
 *(.interp)

.MIPS.abiflags  0x0000000000400000       0x18
 *(.MIPS.abiflags)
 .MIPS.abiflags
                0x0000000000400000       0x18 build/us/actors/group11.o

.reginfo        0x0000000000400018       0x18
 *(.reginfo)
 .reginfo       0x0000000000400018       0x18 build/us/actors/group11.o

.MIPS.xhash
 *(.MIPS.xhash)

.note.gnu.build-id
 *(.note.gnu.build-id)

.dynamic
 *(.dynamic)

.hash
 *(.hash)

.gnu.hash
 *(.gnu.hash)

.dynsym
 *(.dynsym)

.dynstr
 *(.dynstr)

.gnu.version
 *(.gnu.version)

.gnu.version_d
 *(.gnu.version_d)

.gnu.version_r
 *(.gnu.version_r)

.rel.dyn        0x0000000000400018        0x0
 *(.rel.init)
 *(.rel.text .rel.text.* .rel.gnu.linkonce.t.*)
 *(.rel.fini)
 *(.rel.rodata .rel.rodata.* .rel.gnu.linkonce.r.*)
 *(.rel.data.rel.ro .rel.data.rel.ro.* .rel.gnu.linkonce.d.rel.ro.*)
 *(.rel.data .rel.data.* .rel.gnu.linkonce.d.*)
 *(.rel.tdata .rel.tdata.* .rel.gnu.linkonce.td.*)
 *(.rel.tbss .rel.tbss.* .rel.gnu.linkonce.tb.*)
 *(.rel.ctors)
 *(.rel.dtors)
 *(.rel.got)
 *(.rel.dyn)
 .rel.dyn       0x0000000000400018        0x0 build/us/actors/group11.o
 *(.rel.sdata .rel.sdata.* .rel.gnu.linkonce.s.*)
 *(.rel.sbss .rel.sbss.* .rel.gnu.linkonce.sb.*)
 *(.rel.sdata2 .rel.sdata2.* .rel.gnu.linkonce.s2.*)
 *(.rel.sbss2 .rel.sbss2.* .rel.gnu.linkonce.sb2.*)
 *(.rel.bss .rel.bss.* .rel.gnu.linkonce.b.*)
                [!provide]                        PROVIDE (__rel_iplt_start = .)
 *(.rel.iplt)
                [!provide]                        PROVIDE (__rel_iplt_end = .)

.rela.dyn       0x0000000000400018        0x0
 *(.rela.init)
 *(.rela.text .rela.text.* .rela.gnu.linkonce.t.*)
 *(.rela.fini)
 *(.rela.rodata .rela.rodata.* .rela.gnu.linkonce.r.*)
 *(.rela.data .rela.data.* .rela.gnu.linkonce.d.*)
 *(.rela.tdata .rela.tdata.* .rela.gnu.linkonce.td.*)
 *(.rela.tbss .rela.tbss.* .rela.gnu.linkonce.tb.*)
 *(.rela.ctors)
 *(.rela.dtors)
 *(.rela.got)
 *(.rela.sdata .rela.sdata.* .rela.gnu.linkonce.s.*)
 *(.rela.sbss .rela.sbss.* .rela.gnu.linkonce.sb.*)
 *(.rela.sdata2 .rela.sdata2.* .rela.gnu.linkonce.s2.*)
 *(.rela.sbss2 .rela.sbss2.* .rela.gnu.linkonce.sb2.*)
 *(.rela.bss .rela.bss.* .rela.gnu.linkonce.b.*)
                [!provide]                        PROVIDE (__rela_iplt_start = .)
 *(.rela.iplt)
                [!provide]                        PROVIDE (__rela_iplt_end = .)

.rel.plt
 *(.rel.plt)

.rela.plt
 *(.rela.plt)

.init
 *(SORT_NONE(.init))

.plt
 *(.plt)

.iplt
 *(.iplt)

.text           0x0000000005000000        0x0
                0x0000000005000000                _ftext = .
 *(.text.unlikely .text.*_unlikely .text.unlikely.*)
 *(.text.exit .text.exit.*)
 *(.text.startup .text.startup.*)
 *(.text.hot .text.hot.*)
 *(SORT_BY_NAME(.text.sorted.*))
 *(.text .stub .text.* .gnu.linkonce.t.*)
 .text          0x0000000005000000        0x0 build/us/actors/group11.o
 *(.gnu.warning)
 *(.mips16.fn.*)
 *(.mips16.call.*)

.fini
 *(SORT_NONE(.fini))
                [!provide]                        PROVIDE (__etext = .)
                [!provide]                        PROVIDE (_etext = .)
                [!provide]                        PROVIDE (etext = .)

.rodata
 *(.rodata .rodata.* .gnu.linkonce.r.*)

.rodata1
 *(.rodata1)

.sdata2
 *(.sdata2 .sdata2.* .gnu.linkonce.s2.*)

.sbss2
 *(.sbss2 .sbss2.* .gnu.linkonce.sb2.*)

.eh_frame_hdr
 *(.eh_frame_hdr)
 *(.eh_frame_entry .eh_frame_entry.*)

.eh_frame
 *(.eh_frame)
 *(.eh_frame.*)

.gcc_except_table
 *(.gcc_except_table .gcc_except_table.*)

.gnu_extab
 *(.gnu_extab*)

.exception_ranges
 *(.exception_ranges*)
                0x0000000005000000                . = DATA_SEGMENT_ALIGN (CONSTANT (MAXPAGESIZE), CONSTANT (COMMONPAGESIZE))

.eh_frame
 *(.eh_frame)
 *(.eh_frame.*)

.gnu_extab
 *(.gnu_extab)

.gcc_except_table
 *(.gcc_except_table .gcc_except_table.*)

.exception_ranges
 *(.exception_ranges*)

.tdata          0x0000000005000000        0x0
                [!provide]                        PROVIDE (__tdata_start = .)
 *(.tdata .tdata.* .gnu.linkonce.td.*)

.tbss
 *(.tbss .tbss.* .gnu.linkonce.tb.*)
 *(.tcommon)

.preinit_array  0x0000000005000000        0x0
                [!provide]                        PROVIDE (__preinit_array_start = .)
 *(.preinit_array)
                [!provide]                        PROVIDE (__preinit_array_end = .)

.init_array     0x0000000005000000        0x0
                [!provide]                        PROVIDE (__init_array_start = .)
 *(SORT_BY_INIT_PRIORITY(.init_array.*) SORT_BY_INIT_PRIORITY(.ctors.*))
 *(.init_array EXCLUDE_FILE(*crtend?.o *crtend.o *crtbegin?.o *crtbegin.o) .ctors)
                [!provide]                        PROVIDE (__init_array_end = .)

.fini_array     0x0000000005000000        0x0
                [!provide]                        PROVIDE (__fini_array_start = .)
 *(SORT_BY_INIT_PRIORITY(.fini_array.*) SORT_BY_INIT_PRIORITY(.dtors.*))
 *(.fini_array EXCLUDE_FILE(*crtend?.o *crtend.o *crtbegin?.o *crtbegin.o) .dtors)
                [!provide]                        PROVIDE (__fini_array_end = .)

.ctors
 *crtbegin.o(.ctors)
 *crtbegin?.o(.ctors)
 *(EXCLUDE_FILE(*crtend?.o *crtend.o) .ctors)
 *(SORT_BY_NAME(.ctors.*))
 *(.ctors)

.dtors
 *crtbegin.o(.dtors)
 *crtbegin?.o(.dtors)
 *(EXCLUDE_FILE(*crtend?.o *crtend.o) .dtors)
 *(SORT_BY_NAME(.dtors.*))
 *(.dtors)

.jcr
 *(.jcr)

.data.rel.ro
 *(.data.rel.ro.local* .gnu.linkonce.d.rel.ro.local.*)
 *(.data.rel.ro .data.rel.ro.* .gnu.linkonce.d.rel.ro.*)
                0x0000000005000000                . = DATA_SEGMENT_RELRO_END (., 0x0)

.data           0x0000000005000000    0x13f50
                0x0000000005000000                _fdata = .
 *(.data .data.* .gnu.linkonce.d.*)
 .data          0x0000000005000000    0x13f50 build/us/actors/group11.o
                0x0000000005000000                spiny_seg5_anims_05016EAC
                0x0000000005000460                spiny_seg5_dl_05016A48
                0x0000000005000470                spiny_seg5_dl_05016738
                0x0000000005000648                spiny_seg5_dl_05016670
                0x00000000050006c8                spiny_seg5_dl_050165A8
                0x0000000005000748                spiny_seg5_dl_050164E0
                0x00000000050007c8                spiny_seg5_dl_05016418
                0x0000000005001468                spiny_egg_seg5_anims_050157E4
                0x0000000005001508                spiny_egg_seg5_dl_05015740
                0x0000000005001518                spiny_egg_seg5_dl_05015368
                0x0000000005001730                spiny_egg_seg5_dl_05015330
                0x0000000005001760                spiny_egg_seg5_dl_050152F8
                0x0000000005001790                spiny_egg_seg5_dl_050152C0
                0x00000000050017c0                spiny_egg_seg5_dl_05015288
                0x00000000050017f0                spiny_egg_seg5_dl_05015250
                0x0000000005001820                spiny_egg_seg5_dl_05015218
                0x0000000005001850                spiny_egg_seg5_dl_050151E0
                0x0000000005001880                spiny_egg_seg5_dl_050151A8
                0x0000000005002560                lakitu_enemy_seg5_anims_050144D4
                0x0000000005003190                lakitu_enemy_seg5_dl_050138B0
                0x00000000050031a0                lakitu_enemy_seg5_dl_05013860
                0x00000000050032a8                lakitu_enemy_seg5_dl_050136A0
                0x0000000005003438                lakitu_enemy_seg5_dl_050134A8
                0x00000000050035c8                lakitu_enemy_seg5_dl_05013378
                0x00000000050035f0                lakitu_enemy_seg5_dl_05013350
                0x0000000005003618                lakitu_enemy_seg5_dl_05013320
                0x0000000005003648                lakitu_enemy_seg5_dl_050132D8
                0x0000000005003690                lakitu_enemy_seg5_dl_05013298
                0x0000000005003798                lakitu_enemy_seg5_dl_05013160
                0x00000000050037f8                lakitu_enemy_seg5_dl_05012EF0
                0x0000000005003ee8                lakitu_enemy_seg5_dl_05012910
                0x0000000005003f50                lakitu_enemy_seg5_dl_05012890
                0x0000000005003fa0                lakitu_enemy_seg5_dl_05012760
                0x00000000050072f0                wiggler_seg5_anims_0500EC8C
                0x0000000005007890                wiggler_seg5_dl_0500E678
                0x0000000005007908                wiggler_seg5_dl_0500E640
                0x0000000005007938                wiggler_seg5_dl_0500E608
                0x00000000050079e8                wiggler_seg5_dl_0500E518
                0x0000000005007a58                wiggler_seg5_dl_0500E4E0
                0x0000000005007ac8                wiggler_seg5_dl_0500E430
                0x0000000005007b38                wiggler_seg5_dl_0500E3E8
                0x0000000005007bf0                wiggler_seg5_dl_0500E2F8
                0x0000000005007c60                wiggler_seg5_dl_0500E2B0
                0x0000000005007cf8                wiggler_seg5_dl_0500E1D8
                0x0000000005007d70                wiggler_seg5_dl_0500E1A0
                0x0000000005007da0                wiggler_seg5_dl_0500E168
                0x0000000005007e50                wiggler_seg5_dl_0500E060
                0x0000000005007ea8                wiggler_seg5_dl_0500DFD8
                0x0000000005007f00                wiggler_seg5_dl_0500DE80
                0x0000000005007fc8                wiggler_seg5_dl_0500DDF8
                0x0000000005008020                wiggler_seg5_dl_0500DD70
                0x0000000005008078                wiggler_seg5_dl_0500DC18
                0x0000000005008bb0                wiggler_seg5_anims_0500C874
                0x0000000005008bb4                wiggler_body_geo
                0x0000000005009188                wiggler_seg5_dl_0500C278
                0x0000000005009200                wiggler_seg5_dl_0500C240
                0x0000000005009230                wiggler_seg5_dl_0500C208
                0x00000000050092e0                wiggler_seg5_dl_0500C100
                0x0000000005009338                wiggler_seg5_dl_0500C078
                0x0000000005009390                wiggler_seg5_dl_0500BF20
                0x0000000005009458                wiggler_seg5_dl_0500BE98
                0x00000000050094b0                wiggler_seg5_dl_0500BE10
                0x0000000005009508                wiggler_seg5_dl_0500BCB8
                0x000000000500f840                bubba_seg5_dl_05005978
                0x000000000500f8f0                bubba_seg5_dl_05005840
                0x000000000500f9b8                bubba_seg5_dl_05005738
                0x000000000500fa58                bubba_seg5_dl_050056E0
                0x000000000500fa98                bubba_seg5_dl_050055A0
                0x000000000500fb58                bubba_seg5_dl_05005538
                0x00000000050101b0                bubba_seg5_dl_05004E80
                0x0000000005010260                bubba_seg5_dl_05004D48
                0x0000000005010328                bubba_seg5_dl_05004C40
                0x00000000050103c8                bubba_seg5_dl_05004BE8
                0x0000000005010408                bubba_seg5_dl_05004AA8
                0x00000000050104c8                bubba_seg5_dl_05004A40

.data1
 *(.data1)

.got.plt
 *(.got.plt)
                0x0000000005013f50                . = .
                0x000000000501bf40                _gp = (ALIGN (0x10) + 0x7ff0)

.got
 *(.got)

.sdata
 *(.sdata .sdata.* .gnu.linkonce.s.*)

.lit8
 *(.lit8)

.lit4
 *(.lit4)
                0x0000000005013f50                _edata = .
                [!provide]                        PROVIDE (edata = .)
                0x0000000005013f50                . = .
                0x0000000005013f50                __bss_start = .
                0x0000000005013f50                _fbss = .

.sbss
 *(.dynsbss)
 *(.sbss .sbss.* .gnu.linkonce.sb.*)
 *(.scommon)

.bss            0x0000000005013f50        0x0
 *(.dynbss)
 *(.bss .bss.* .gnu.linkonce.b.*)
 .bss           0x0000000005013f50        0x0 build/us/actors/group11.o
 *(COMMON)
                0x0000000005013f50                . = ALIGN ((. != 0x0)?0x4:0x1)
                0x0000000005013f50                . = ALIGN (0x4)
                0x0000000005013f50                . = SEGMENT_START ("ldata-segment", .)
                0x0000000005013f50                . = ALIGN (0x4)
                0x0000000005013f50                _end = .
                [!provide]                        PROVIDE (end = .)
                0x0000000005013f50                . = DATA_SEGMENT_END (.)

.stab
 *(.stab)

.stabstr
 *(.stabstr)

.stab.excl
 *(.stab.excl)

.stab.exclstr
 *(.stab.exclstr)

.stab.index
 *(.stab.index)

.stab.indexstr
 *(.stab.indexstr)

.comment        0x0000000000000000       0x12
 *(.comment)
 .comment       0x0000000000000000       0x12 build/us/actors/group11.o
                                         0x13 (size before relaxing)

.pdr            0x0000000000000000        0x0
 .pdr           0x0000000000000000        0x0 build/us/actors/group11.o

.gnu.build.attributes
 *(.gnu.build.attributes .gnu.build.attributes.*)

.debug
 *(.debug)

.line
 *(.line)

.debug_srcinfo
 *(.debug_srcinfo)

.debug_sfnames
 *(.debug_sfnames)

.debug_aranges
 *(.debug_aranges)

.debug_pubnames
 *(.debug_pubnames)

.debug_info
 *(.debug_info .gnu.linkonce.wi.*)

.debug_abbrev
 *(.debug_abbrev)

.debug_line
 *(.debug_line .debug_line.* .debug_line_end)

.debug_frame
 *(.debug_frame)

.debug_str
 *(.debug_str)

.debug_loc
 *(.debug_loc)

.debug_macinfo
 *(.debug_macinfo)

.debug_weaknames
 *(.debug_weaknames)

.debug_funcnames
 *(.debug_funcnames)

.debug_typenames
 *(.debug_typenames)

.debug_varnames
 *(.debug_varnames)

.debug_pubtypes
 *(.debug_pubtypes)

.debug_ranges
 *(.debug_ranges)

.debug_addr
 *(.debug_addr)

.debug_line_str
 *(.debug_line_str)

.debug_loclists
 *(.debug_loclists)

.debug_macro
 *(.debug_macro)

.debug_names
 *(.debug_names)

.debug_rnglists
 *(.debug_rnglists)

.debug_str_offsets
 *(.debug_str_offsets)

.debug_sup
 *(.debug_sup)

.gnu.attributes
                0x0000000000000000       0x10
 *(.gnu.attributes)
 .gnu.attributes
                0x0000000000000000       0x10 build/us/actors/group11.o

.gptab.sdata
 *(.gptab.data)
 *(.gptab.sdata)

.gptab.sbss
 *(.gptab.bss)
 *(.gptab.sbss)

.mdebug.abi32   0x0000000000000000        0x0
 *(.mdebug.abi32)
 .mdebug.abi32  0x0000000000000000        0x0 build/us/actors/group11.o

.mdebug.abiN32
 *(.mdebug.abiN32)

.mdebug.abi64
 *(.mdebug.abi64)

.mdebug.abiO64
 *(.mdebug.abiO64)

.mdebug.eabi32
 *(.mdebug.eabi32)

.mdebug.eabi64
 *(.mdebug.eabi64)

.gcc_compiled_long32
 *(.gcc_compiled_long32)

.gcc_compiled_long64
 *(.gcc_compiled_long64)

/DISCARD/
 *(.note.GNU-stack)
 *(.gnu_debuglink)
 *(.gnu.lto_*)
OUTPUT(build/us/actors/group11.elf elf32-bigmips)
